01-25 14:47:15.458 24451 24482 I SP.AiAi : Scheduling job with delay of 0s for {W:C:I:l, bg}, 1 candidates
01-25 14:47:15.466 24451 24482 I SP.AiAi : Scheduling job with delay of 0s for {W:C:u:l, bg}, 1 candidates
01-25 14:47:15.468 24451 24488 I tflite  : Initialized TensorFlow Lite runtime.
01-25 14:47:15.469  1996  2168 D CompatibilityChangeReporter: Compat change id reported: 135634846; UID 10124; state: DISABLED
01-25 14:47:15.469  1996  2168 D CompatibilityChangeReporter: Compat change id reported: 177438394; UID 10124; state: DISABLED
01-25 14:47:15.470  1996  2168 D CompatibilityChangeReporter: Compat change id reported: 135772972; UID 10124; state: DISABLED
01-25 14:47:15.470  1996  2168 D CompatibilityChangeReporter: Compat change id reported: 135754954; UID 10124; state: ENABLED
01-25 14:47:15.470  1996  2136 D CompatibilityChangeReporter: Compat change id reported: 143937733; UID 10124; state: ENABLED
01-25 14:47:15.466 24481 24481 V GraphicsEnvironment: ANGLE Developer option for 'com.google.android.apps.wallpaper' set to: 'default'
01-25 14:47:15.473 24344 24423 D LoaderTask: step 1 complete
01-25 14:47:15.473 24481 24481 V GraphicsEnvironment: ANGLE GameManagerService for com.google.android.apps.wallpaper: false
01-25 14:47:15.477  1308  1308 D Zygote  : Forked child process 24512
01-25 14:47:15.482  1996  2136 I ActivityManager: Start proc 24512:com.google.android.apps.wellbeing/u0a124 for content provider {com.google.android.apps.wellbeing/com.google.android.apps.wellbeing.api.impl.WellbeingSettingsProvider}
01-25 14:47:15.483 24481 24481 D NetworkSecurityConfig: No Network Security Config specified, using platform default
01-25 14:47:15.483 24481 24481 D NetworkSecurityConfig: No Network Security Config specified, using platform default
01-25 14:47:15.489 24451 24482 I SP.AiAi : Scheduling: download registered, 0 started, 0 paused, 2 scheduled, 2 pending: text-classifier-actions:tc_model_e202592534082c01f9642f709a627dd9 * {W:C:I:l, bg}, manifests:webref-2-en-us-23072901 * {W:C:u:l, bg}
01-25 14:47:15.490 24451 24486 D androidtc: Initializing SystemTextClassifier, type = System
01-25 14:47:15.495 24451 24514 I TrainerClient: (REDACTED) Preparing to schedule training for population:%s session_name:%s
01-25 14:47:15.497 24451 24488 W libc    : Access denied finding property "ro.mediatek.platform"
01-25 14:47:15.498 24451 24488 W libc    : Access denied finding property "ro.chipname"
01-25 14:47:15.498 24451 24488 W libc    : Access denied finding property "ro.hardware.chipname"
01-25 14:47:15.504 24512 24512 I .apps.wellbeing: Using CollectorTypeCC GC.
01-25 14:47:15.511 24512 24512 E .apps.wellbeing: Not starting debugger since process cannot load the jdwp agent.
01-25 14:47:15.516 24451 24517 I AiAiSpeechRecognition: (REDACTED) Found %d pre-existing WorkInfos for LanguagePacks: %s
01-25 14:47:15.518  1996  4196 D CompatibilityChangeReporter: Compat change id reported: 161252188; UID 10266; state: ENABLED
01-25 14:47:15.520  1996  4196 D CompatibilityChangeReporter: Compat change id reported: 135634846; UID 10266; state: DISABLED
01-25 14:47:15.520  1996  4196 D CompatibilityChangeReporter: Compat change id reported: 177438394; UID 10266; state: DISABLED
01-25 14:47:15.520  1996  4196 D CompatibilityChangeReporter: Compat change id reported: 135772972; UID 10266; state: DISABLED
01-25 14:47:15.520  1996  4196 D CompatibilityChangeReporter: Compat change id reported: 135754954; UID 10266; state: ENABLED
01-25 14:47:15.521  1996  2136 D CompatibilityChangeReporter: Compat change id reported: 143937733; UID 10266; state: ENABLED
01-25 14:47:15.529 24512 24512 I ActivityThread: Relaunch all activities: onCoreSettingsChange
01-25 14:47:15.530 24512 24512 D CompatibilityChangeReporter: Compat change id reported: 171979766; UID 10124; state: ENABLED
01-25 14:47:15.536  1308  1308 D Zygote  : Forked child process 24539
01-25 14:47:15.536  1996  2136 I ActivityManager: Start proc 24539:com.google.android.as.oss/u0a266 for service {com.google.android.as.oss/com.google.android.apps.miphone.astrea.grpc.AstreaGrpcService}
01-25 14:47:15.542 24539 24539 I .android.as.oss: Using CollectorTypeCC GC.
01-25 14:47:15.549 24451 24514 I TrainerClient: (REDACTED) Preparing to schedule training for population:%s session_name:%s
01-25 14:47:15.550 24451 24514 I TrainerClient: (REDACTED) Preparing to schedule training for population:%s session_name:%s
01-25 14:47:15.550 24539 24539 E .android.as.oss: Not starting debugger since process cannot load the jdwp agent.
01-25 14:47:15.552 24512 24512 D nativeloader: Configuring clns-4 for other apk /system/framework/org.apache.http.legacy.jar. target_sdk_version=34, uses_libraries=ALL, library_path=/data/app/~~ZBI0BNxYzspZtKYwPrFmVw==/com.google.android.apps.wellbeing-JKv__8QK2LorovDZF1eULw==/lib/arm64, permitted_path=/data:/mnt/expand:/data/user/0/com.google.android.apps.wellbeing
01-25 14:47:15.557 24451 24486 D androidtc: Initializing SystemTextClassifier, type = System
01-25 14:47:15.560  1996  4196 D CompatibilityChangeReporter: Compat change id reported: 168419799; UID 10266; state: DISABLED
01-25 14:47:15.560 24451 24486 I AiAiTextClassifier: (REDACTED) ActionRankingDataTtlService - Action ranking job is already scheduled [jobId=%d, interval=%s]
01-25 14:47:15.563 24451 24488 I tflite  : Created TensorFlow Lite XNNPACK delegate for CPU.
01-25 14:47:15.563 24451 24486 I AiAiTextClassifier: AiaiTextClassifierServiceConnector.onCreate()
01-25 14:47:15.564 24451 24486 I AiAiTextClassifier: SmartselectLearningController: Calling SmartSelectTrainingManager to schedule training by database.
01-25 14:47:15.569 24451 24474 I AiAiPeopleSuggest: EchoSharesheetPredictorImpl reloadEventCache
01-25 14:47:15.569 24539 24539 I ActivityThread: Relaunch all activities: onCoreSettingsChange
01-25 14:47:15.569 24539 24539 D CompatibilityChangeReporter: Compat change id reported: 171979766; UID 10266; state: ENABLED
01-25 14:47:15.576 24451 24479 I AiAiSuperpacks: No superpacks to release, will no-op
01-25 14:47:15.591 24451 24514 I TrainerClient: (REDACTED) Preparing to schedule training for population:%s session_name:%s
01-25 14:47:15.591 24451 24514 I TrainerClient: (REDACTED) Preparing to schedule training for population:%s session_name:%s
01-25 14:47:15.591 24451 24514 I TrainerClient: (REDACTED) Preparing to schedule training for population:%s session_name:%s
01-25 14:47:15.591 24451 24514 I TrainerClient: (REDACTED) Preparing to schedule training for population:%s session_name:%s
01-25 14:47:15.591 24451 24514 I TrainerClient: (REDACTED) Preparing to schedule training for population:%s session_name:%s
01-25 14:47:15.607 24451 24486 I AiAiTextClassifier: (REDACTED) ===> [TextClassifierLibProviderImpl]: Maybe loading %s slice in TcLib
01-25 14:47:15.609 24451 24486 I SP.Model.AiAi: Downloadable packs for webref-2-en-us are not ready
01-25 14:47:15.610 24451 24486 E AiAiTextClassifier: [TextClassifierLibProviderImpl]: Failed to load webref in TcLib, keeping the existing instance
01-25 14:47:15.610 24451 24486 E AiAiTextClassifier: tjd: No downloadable or bundled packs are available.
01-25 14:47:15.610 24451 24486 E AiAiTextClassifier: 	at tiy.a(PG:295)
01-25 14:47:15.610 24451 24486 E AiAiTextClassifier: 	at puu.b(PG:1)
01-25 14:47:15.610 24451 24486 E AiAiTextClassifier: 	at qdq.h(PG:64)
01-25 14:47:15.610 24451 24486 E AiAiTextClassifier: 	at qdq.a(PG:69)
01-25 14:47:15.610 24451 24486 E AiAiTextClassifier: 	at pru.g(PG:5)
01-25 14:47:15.610 24451 24486 E AiAiTextClassifier: 	at prs.run(PG:3)
01-25 14:47:15.610 24451 24486 E AiAiTextClassifier: 	at java.util.concurrent.Executors$RunnableAdapter.call(Executors.java:487)
01-25 14:47:15.610 24451 24486 E AiAiTextClassifier: 	at java.util.concurrent.FutureTask.run(FutureTask.java:264)
01-25 14:47:15.610 24451 24486 E AiAiTextClassifier: 	at java.util.concurrent.ScheduledThreadPoolExecutor$ScheduledFutureTask.run(ScheduledThreadPoolExecutor.java:307)
01-25 14:47:15.610 24451 24486 E AiAiTextClassifier: 	at java.util.concurrent.ThreadPoolExecutor.runWorker(ThreadPoolExecutor.java:1145)
01-25 14:47:15.610 24451 24486 E AiAiTextClassifier: 	at java.util.concurrent.ThreadPoolExecutor$Worker.run(ThreadPoolExecutor.java:644)
01-25 14:47:15.610 24451 24486 E AiAiTextClassifier: 	at hpf.run(PG:172)
01-25 14:47:15.610 24451 24486 E AiAiTextClassifier: 	at java.lang.Thread.run(Thread.java:1012)
01-25 14:47:15.613 24451 24514 I TrainerClient: (REDACTED) Preparing to schedule training for population:%s session_name:%s
01-25 14:47:15.613 24451 24514 I TrainerClient: (REDACTED) Preparing to schedule training for population:%s session_name:%s
01-25 14:47:15.613 24451 24514 I TrainerClient: (REDACTED) Preparing to schedule training for population:%s session_name:%s
01-25 14:47:15.613 24451 24514 I TrainerClient: (REDACTED) Preparing to schedule training for population:%s session_name:%s
01-25 14:47:15.613 24451 24514 I TrainerClient: (REDACTED) Preparing to schedule training for population:%s session_name:%s
01-25 14:47:15.613 24451 24514 I TrainerClient: (REDACTED) Preparing to schedule training for population:%s session_name:%s
01-25 14:47:15.613 24451 24514 I TrainerClient: (REDACTED) Preparing to schedule training for population:%s session_name:%s
01-25 14:47:15.614 24451 24514 I TrainerClient: (REDACTED) Preparing to schedule training for population:%s session_name:%s
01-25 14:47:15.615 24451 24514 I TrainerClient: (REDACTED) Preparing to schedule training for population:%s session_name:%s
01-25 14:47:15.616 24451 24514 I TrainerClient: (REDACTED) Preparing to schedule training for population:%s session_name:%s
01-25 14:47:15.619 24539 24539 D nativeloader: Configuring clns-4 for other apk /data/app/~~wPnQ_eAnMT9wwobj4W6pUw==/com.google.android.as.oss-31VbtYo1k4opVdvkVEJugw==/base.apk. target_sdk_version=34, uses_libraries=, library_path=/data/app/~~wPnQ_eAnMT9wwobj4W6pUw==/com.google.android.as.oss-31VbtYo1k4opVdvkVEJugw==/lib/arm64:/data/app/~~wPnQ_eAnMT9wwobj4W6pUw==/com.google.android.as.oss-31VbtYo1k4opVdvkVEJugw==/base.apk!/lib/arm64-v8a, permitted_path=/data:/mnt/expand:/data/user/0/com.google.android.as.oss
01-25 14:47:15.617 24451 24514 I TrainerClient: (REDACTED) Preparing to schedule training for population:%s session_name:%s
01-25 14:47:15.628 24451 24514 I TrainerClient: (REDACTED) Preparing to schedule training for population:%s session_name:%s
01-25 14:47:15.629 24451 24514 I TrainerClient: (REDACTED) Preparing to schedule training for population:%s session_name:%s
01-25 14:47:15.629 24451 24514 I TrainerClient: (REDACTED) Preparing to schedule training for population:%s session_name:%s
01-25 14:47:15.629 24451 24514 I TrainerClient: (REDACTED) Preparing to schedule training for population:%s session_name:%s
01-25 14:47:15.629 24451 24514 I TrainerClient: (REDACTED) Preparing to schedule training for population:%s session_name:%s
01-25 14:47:15.629 24451 24514 I TrainerClient: (REDACTED) Preparing to schedule training for population:%s session_name:%s
01-25 14:47:15.630 24451 24514 I TrainerClient: (REDACTED) Preparing to schedule training for population:%s session_name:%s
01-25 14:47:15.630 24451 24514 I TrainerClient: (REDACTED) Preparing to schedule training for population:%s session_name:%s
01-25 14:47:15.630 24451 24514 I TrainerClient: (REDACTED) Preparing to schedule training for population:%s session_name:%s
01-25 14:47:15.630 24451 24514 I TrainerClient: (REDACTED) Preparing to schedule training for population:%s session_name:%s
01-25 14:47:15.630 24451 24514 I TrainerClient: (REDACTED) Preparing to schedule training for population:%s session_name:%s
01-25 14:47:15.630 24451 24514 I TrainerClient: (REDACTED) Preparing to schedule training for population:%s session_name:%s
01-25 14:47:15.631 24451 24485 I AiAiOdi : StatusBarNotificationProcessor created.
01-25 14:47:15.631 24451 24517 I AiAiSpeechRecognition: Finished deleting old background tasks.
01-25 14:47:15.632 24451 24514 I TrainerClient: (REDACTED) Preparing to schedule training for population:%s session_name:%s
01-25 14:47:15.633 24451 24514 I TrainerClient: (REDACTED) Preparing to schedule training for population:%s session_name:%s
01-25 14:47:15.634 24451 24514 I TrainerClient: (REDACTED) Preparing to schedule training for population:%s session_name:%s
01-25 14:47:15.634 24451 24488 I tflite  : Replacing 574 out of 1186 node(s) with delegate (TfLiteXNNPackDelegate) node, yielding 10 partitions for the whole graph.
01-25 14:47:15.636 24451 24514 I TrainerClient: (REDACTED) Preparing to schedule training for population:%s session_name:%s
01-25 14:47:15.638 24451 24514 I TrainerClient: (REDACTED) Preparing to schedule training for population:%s session_name:%s
01-25 14:47:15.639 24451 24514 I TrainerClient: (REDACTED) Preparing to schedule training for population:%s session_name:%s
01-25 14:47:15.639 24451 24514 I TrainerClient: (REDACTED) Preparing to schedule training for population:%s session_name:%s
01-25 14:47:15.639 24451 24514 I TrainerClient: (REDACTED) Preparing to schedule training for population:%s session_name:%s
01-25 14:47:15.640 24451 24514 I TrainerClient: (REDACTED) Preparing to schedule training for population:%s session_name:%s
01-25 14:47:15.640 24451 24514 I TrainerClient: (REDACTED) Preparing to schedule training for population:%s session_name:%s
01-25 14:47:15.640 24451 24514 I TrainerClient: (REDACTED) Preparing to schedule training for population:%s session_name:%s
01-25 14:47:15.640 24451 24514 I TrainerClient: (REDACTED) Preparing to schedule training for population:%s session_name:%s
01-25 14:47:15.640 24451 24514 I TrainerClient: (REDACTED) Preparing to schedule training for population:%s session_name:%s
01-25 14:47:15.640 24512 24512 D nativeloader: Configuring clns-5 for other apk /data/app/~~ZBI0BNxYzspZtKYwPrFmVw==/com.google.android.apps.wellbeing-JKv__8QK2LorovDZF1eULw==/base.apk. target_sdk_version=34, uses_libraries=, library_path=/data/app/~~ZBI0BNxYzspZtKYwPrFmVw==/com.google.android.apps.wellbeing-JKv__8QK2LorovDZF1eULw==/lib/arm64, permitted_path=/data:/mnt/expand:/data/user/0/com.google.android.apps.wellbeing
01-25 14:47:15.640 24451 24514 I TrainerClient: (REDACTED) Preparing to schedule training for population:%s session_name:%s
01-25 14:47:15.640 24451 24514 I TrainerClient: (REDACTED) Preparing to schedule training for population:%s session_name:%s
01-25 14:47:15.640 24451 24514 I TrainerClient: (REDACTED) Preparing to schedule training for population:%s session_name:%s
01-25 14:47:15.643 24385 24385 I fjsg    : Initializing GMS Compliance Client Library...
01-25 14:47:15.643 24385 24385 I fjsg    : Checking for device compliance...
01-25 14:47:15.643 24385 24385 I fjsg    : Completed library init.
01-25 14:47:15.644 24539 24539 V GraphicsEnvironment: ANGLE Developer option for 'com.google.android.as.oss' set to: 'default'
01-25 14:47:15.645 24539 24539 V GraphicsEnvironment: ANGLE GameManagerService for com.google.android.as.oss: false
01-25 14:47:15.651 24539 24539 D NetworkSecurityConfig: No Network Security Config specified, using platform default
01-25 14:47:15.651 24539 24539 D NetworkSecurityConfig: No Network Security Config specified, using platform default
01-25 14:47:15.663 24539 24539 W .android.as.oss: Accessing hidden field Ljava/util/Collections$SynchronizedCollection;->mutex:Ljava/lang/Object; (max-target-o, reflection, denied)
01-25 14:47:15.663 24539 24539 W .android.as.oss: Accessing hidden method Ljava/util/Collections$SynchronizedSet;-><init>(Ljava/util/Set;Ljava/lang/Object;)V (max-target-o, reflection, denied)
01-25 14:47:15.663 24539 24539 W .android.as.oss: Accessing hidden method Ljava/util/Collections$SynchronizedCollection;-><init>(Ljava/util/Collection;Ljava/lang/Object;)V (max-target-o, reflection, denied)
01-25 14:47:15.676 24451 24514 I TrainerClient: (REDACTED) Preparing to schedule training for population:%s session_name:%s
01-25 14:47:15.676 24451 24514 I TrainerClient: (REDACTED) Preparing to schedule training for population:%s session_name:%s
01-25 14:47:15.678 24512 24512 V GraphicsEnvironment: ANGLE Developer option for 'com.google.android.apps.wellbeing' set to: 'default'
01-25 14:47:15.679 24512 24512 V GraphicsEnvironment: ANGLE GameManagerService for com.google.android.apps.wellbeing: false
01-25 14:47:15.679 24451 24514 I TrainerClient: (REDACTED) Preparing to schedule training for population:%s session_name:%s
01-25 14:47:15.682 24512 24512 D NetworkSecurityConfig: No Network Security Config specified, using platform default
01-25 14:47:15.682 24512 24512 D NetworkSecurityConfig: No Network Security Config specified, using platform default
01-25 14:47:15.682 24512 24512 I MultiDex: Installing application
01-25 14:47:15.683 24512 24512 I MultiDex: VM with version 2.1.0 has multidex support
01-25 14:47:15.683 24512 24512 I MultiDex: VM has multidex support, MultiDex support library is disabled.
01-25 14:47:15.685 24451 24514 I TrainerClient: (REDACTED) Preparing to schedule training for population:%s session_name:%s
01-25 14:47:15.685 24451 24514 I TrainerClient: (REDACTED) Preparing to schedule training for population:%s session_name:%s
01-25 14:47:15.685 24451 24514 I TrainerClient: (REDACTED) Preparing to schedule training for population:%s session_name:%s
01-25 14:47:15.685 24451 24514 I TrainerClient: (REDACTED) Preparing to schedule training for population:%s session_name:%s
01-25 14:47:15.685 24451 24514 I TrainerClient: (REDACTED) Preparing to schedule training for population:%s session_name:%s
01-25 14:47:15.685 24451 24514 I TrainerClient: (REDACTED) Preparing to schedule training for population:%s session_name:%s
01-25 14:47:15.686 24451 24514 I TrainerClient: (REDACTED) Preparing to schedule training for population:%s session_name:%s
01-25 14:47:15.687 24451 24514 I TrainerClient: (REDACTED) Preparing to schedule training for population:%s session_name:%s
01-25 14:47:15.687 24451 24514 I TrainerClient: (REDACTED) Preparing to schedule training for population:%s session_name:%s
01-25 14:47:15.687 24451 24514 I TrainerClient: (REDACTED) Preparing to schedule training for population:%s session_name:%s
01-25 14:47:15.687 24451 24514 I TrainerClient: (REDACTED) Preparing to schedule training for population:%s session_name:%s
01-25 14:47:15.687 24451 24514 I TrainerClient: (REDACTED) Preparing to schedule training for population:%s session_name:%s
01-25 14:47:15.687 24451 24514 I TrainerClient: (REDACTED) Preparing to schedule training for population:%s session_name:%s
01-25 14:47:15.708 24539 24539 I PrivateComputeServicesApplication: PrivateComputeServicesApplication#onCreate
01-25 14:47:15.709 24539 24539 I PcsFcInit: Calling BrellaInit for PCS.
01-25 14:47:15.710 24539 24539 I NetworkUsageLogTtlService: NetworkUsageLogTtlService already scheduled.
01-25 14:47:15.715 24539 24539 I AstreaGrpcService: AstreaGrpcService#onCreate called with the following services: [com.google.android.apps.miphone.astrea.pd.api.ProtectedDownloadService, com.google.android.apps.miphone.astrea.http.api.HttpService, com.google.android.apps.miphone.astrea.fl.api.TrainingService, com.google.android.apps.miphone.astrea.pir.api.PirService]
01-25 14:47:15.716 24451 24517 I AiAiSpeechRecognition: Periodic LanguagePack task scheduled successfully
01-25 14:47:15.718 24512 24535 D CompatibilityChangeReporter: Compat change id reported: 183155436; UID 10124; state: ENABLED
01-25 14:47:15.725 24512 24578 W .apps.wellbeing: Accessing hidden field Ljava/util/Collections$SynchronizedCollection;->mutex:Ljava/lang/Object; (max-target-o, reflection, denied)
01-25 14:47:15.728 24512 24578 W .apps.wellbeing: Accessing hidden method Ljava/util/Collections$SynchronizedSet;-><init>(Ljava/util/Set;Ljava/lang/Object;)V (max-target-o, reflection, denied)
01-25 14:47:15.729 24512 24578 W .apps.wellbeing: Accessing hidden method Ljava/util/Collections$SynchronizedCollection;-><init>(Ljava/util/Collection;Ljava/lang/Object;)V (max-target-o, reflection, denied)
01-25 14:47:15.734  1996  4252 D CompatibilityChangeReporter: Compat change id reported: 161145287; UID 10124; state: DISABLED
01-25 14:47:15.735 24385 24393 I earchbox:search: Method exceeds compiler instruction limit: 22258 in java.lang.Object xem.l()
01-25 14:47:15.745 24512 24512 W Primes  : Primes not initialized, returning default (no-op) Primes instance which will ignore all calls. Please call Primes.initialize(...) before using any Primes API.
01-25 14:47:15.745 24512 24512 W Primes  : ktj: FULL
01-25 14:47:15.745 24512 24512 W Primes  : 	at iaa.a(PG:1)
01-25 14:47:15.745 24512 24512 W Primes  : 	at com.google.android.apps.wellbeing.api.impl.WellbeingSettingsProvider.call(PG:1)
01-25 14:47:15.745 24512 24512 W Primes  : 	at android.content.ContentProvider.call(ContentProvider.java:2511)
01-25 14:47:15.745 24512 24512 W Primes  : 	at android.content.ContentProvider$Transport.call(ContentProvider.java:525)
01-25 14:47:15.745 24512 24512 W Primes  : 	at android.content.ContentProviderNative.onTransact(ContentProviderNative.java:295)
01-25 14:47:15.745 24512 24512 W Primes  : 	at android.os.Binder.execTransactInternal(Binder.java:1280)
01-25 14:47:15.745 24512 24512 W Primes  : 	at android.os.Binder.execTransact(Binder.java:1244)
01-25 14:47:15.748 24451 24479 I AiAiCaptions: provideCaptionsEventLogger(): Possibly using Clearcut logger for logging
01-25 14:47:15.749 24451 24479 I AiAiCaptions: provideCaptionsEventLogger(): Using Westworld logger for logging
01-25 14:47:15.749 24512 24512 I ipt     : SslGuard completed installation.
01-25 14:47:15.749 24451 24479 I AiAi    : (REDACTED) chip type: %s, hardware: %s, revision: %s, sdk: %d
01-25 14:47:15.751 24385 24588 I aqwi    : (REDACTED) Event Bus thread starting with TID %d
01-25 14:47:15.752 24344 24423 D LoaderTask: loadAllApps
01-25 14:47:15.752 24344 24423 D LoaderTask: bindAllApps
01-25 14:47:15.756 24451 24479 I AiAiCaptions: (REDACTED) shouldEnableCaptionsForCalls: isCallCaptioningEnabled is %b
01-25 14:47:15.757  1996  4257 D SearchUiPerUserService: Creating SearchSessionInfo for session Id=com.google.android.apps.nexuslauncher:21ffca1e-0652-4cfc-af63-2c1cf2e8b361,0
01-25 14:47:15.773 24451 24451 I AiAiNotificationIntelli: Notification on listener connected.
01-25 14:47:15.780 24344 24344 W TextView: onProvideContentCaptureStructure(): calling assumeLayout()
01-25 14:47:15.781 24344 24344 W TextView: onProvideContentCaptureStructure(): calling assumeLayout()
01-25 14:47:15.781 24344 24344 W TextView: onProvideContentCaptureStructure(): calling assumeLayout()
01-25 14:47:15.781 24344 24344 W TextView: onProvideContentCaptureStructure(): calling assumeLayout()
01-25 14:47:15.781 24344 24344 W TextView: onProvideContentCaptureStructure(): calling assumeLayout()
01-25 14:47:15.781 24344 24344 W TextView: onProvideContentCaptureStructure(): calling assumeLayout()
01-25 14:47:15.785  1996  4252 I SoundTriggerMiddlewareLogging: listModules[this=com.android.server.soundtrigger_middleware.SoundTriggerMiddlewareImpl@4610304, client=android.media.permission.Identity{uid: 10130, pid: 24451, packageName: com.google.android.as, attributionTag: null}]() -> [ android.media.soundtrigger_middleware.SoundTriggerModuleDescriptor{handle: 0, properties: android.media.soundtrigger.Properties{implementor: Knowles Electronics, description: Continuous VoiceQ, version: 321641607, uuid: 80f7dcd5-bb62-4816-a931-9caa525df5c7, supportedModelArch: 321641607,ca166c7d-56dc-3115-8188-29799d7ebcb1, maxSoundModels: 10, maxKeyPhrases: 1, maxUsers: 1, recognitionModes: 9, captureTransition: true, maxBufferMs: 3000, concurrentCapture: true, triggerInEvent: false, powerConsumptionMw: 0, audioCapabilities: 0}} ]
01-25 14:47:15.797 24539 24609 I FederatedTrainingScheduler: Cancelling training for population:aiai/playstore/smartselect/prod/train/en/pasted-to-named-entity-apps session_name:smartselect/prod/train/en/pasted-to-named-entity-apps
01-25 14:47:15.799 24539 24609 I FederatedTrainingScheduler: Cancelling training for population:aiai/playstore/smartselect/prod/train/en/pasted-to-maps-apps session_name:smartselect/prod/train/en/pasted-to-maps-apps
01-25 14:47:15.802 24385 24385 I aquu    : We were killed and are starting back!
01-25 14:47:15.802 24512 24535 W DynamiteModule: Local module descriptor class for com.google.android.gms.googlecertificates not found.
01-25 14:47:15.804 24539 24574 I FcClientStatsdLogManager: Sending FL diagnosis log. [CONTEXT ratelimit_period="60 MINUTES" ]
01-25 14:47:15.807 24539 24611 I FederatedTrainingScheduler: Cancelling training for population:aiai/playstore/pecanconversationthreadevents session_name:pecanconversationthreadevents
01-25 14:47:15.807 24539 24608 I FederatedTrainingScheduler: Cancelling training for population:aiai/playstore/pecanconversationfragmentevents session_name:pecanconversationfragmentevents
01-25 14:47:15.809 24539 24613 D CompatibilityChangeReporter: Compat change id reported: 183155436; UID 10266; state: ENABLED
01-25 14:47:15.809 24539 24611 I FederatedTrainingScheduler: Cancelling training for population:aiai/playstore/pecanmessageevents session_name:pecanmessageevents
01-25 14:47:15.812 24539 24611 I FederatedTrainingScheduler: Cancelling training for population:aiai/playstore/smartselect/prod/train/en/address-phone-other-nonsentences session_name:smartselect/prod/train/en/address-phone-other-nonsentences
01-25 14:47:15.813 24539 24608 I FederatedTrainingScheduler: Cancelling training for population:aiai/playstore/smartselect/prod/train/en/address-phone-otp-copied session_name:smartselect/prod/train/en/address-phone-otp-copied
01-25 14:47:15.814 24539 24609 I FederatedTrainingScheduler: Cancelling training for population:aiai/playstore/smartselect/prod/train/en/address-phone-otp session_name:smartselect/prod/train/en/address-phone-otp
01-25 14:47:15.814 24539 24616 I FederatedTrainingScheduler: Cancelling training for population:aiai/playstore/smartselect/prod/train/en/address-phone-other session_name:smartselect/prod/train/en/address-phone-other
01-25 14:47:15.816 24539 24574 I TrainerGrpcBindableService: Cancelling training succeeded [population=aiai/playstore/smartselect/prod/train/en/pasted-to-maps-apps, session=smartselect/prod/train/en/pasted-to-maps-apps]
01-25 14:47:15.817 24512 24535 W ziparchive: Unable to open '/data/user_de/0/com.google.android.gms/app_chimera/m/0000010e/DynamiteLoader.dm': No such file or directory
01-25 14:47:15.817 24512 24535 W ziparchive: Unable to open '/data/user_de/0/com.google.android.gms/app_chimera/m/0000010e/DynamiteLoader.dm': No such file or directory
01-25 14:47:15.818 24539 24616 I FederatedTrainingScheduler: Cancelling training for population:aiai/playstore/smartselect/prod/train/en/all-non-url-email-cut session_name:smartselect/prod/train/en/all-non-url-email-cut
01-25 14:47:15.820 24539 24609 I FederatedTrainingScheduler: Cancelling training for population:aiai/playstore/smartselect/prod/train/en/pasted-to-search-or-browser-or-named-entity-apps session_name:smartselect/prod/train/en/pasted-to-search-or-browser-or-named-entity-apps
01-25 14:47:15.820 24539 24608 I FederatedTrainingScheduler: Cancelling training for population:aiai/playstore/smartselect/prod/train/en/address-or-pasted-to-map-or-shopping-apps session_name:smartselect/prod/train/en/address-or-pasted-to-map-or-shopping-apps
01-25 14:47:15.820 24539 24611 I FederatedTrainingScheduler: Cancelling training for population:aiai/playstore/smartselect/prod/train/en/address-or-pasted-to-shopping-apps session_name:smartselect/prod/train/en/address-or-pasted-to-shopping-apps
01-25 14:47:15.821 24539 24574 I TrainerGrpcBindableService: Cancelling training succeeded [population=aiai/playstore/pecanconversationthreadevents, session=pecanconversationthreadevents]
01-25 14:47:15.822 24539 24574 I TrainerGrpcBindableService: Cancelling training succeeded [population=aiai/playstore/pecanconversationfragmentevents, session=pecanconversationfragmentevents]
01-25 14:47:15.822 24539 24611 I FederatedTrainingScheduler: Cancelling training for population:aiai/playstore/smartselect/prod/train/en/phone session_name:smartselect/prod/train/en/phone
01-25 14:47:15.823 24539 24574 I TrainerGrpcBindableService: Cancelling training succeeded [population=aiai/playstore/pecanmessageevents, session=pecanmessageevents]
01-25 14:47:15.823 24539 24574 I TrainerGrpcBindableService: Cancelling training succeeded [population=aiai/playstore/smartselect/prod/train/en/address-phone-other-nonsentences, session=smartselect/prod/train/en/address-phone-other-nonsentences]
01-25 14:47:15.824 24539 24574 I TrainerGrpcBindableService: Cancelling training succeeded [population=aiai/playstore/smartselect/prod/train/en/address-phone-otp-copied, session=smartselect/prod/train/en/address-phone-otp-copied]
01-25 14:47:15.825 24539 24574 I TrainerGrpcBindableService: Cancelling training succeeded [population=aiai/playstore/smartselect/prod/train/en/address-phone-otp, session=smartselect/prod/train/en/address-phone-otp]
01-25 14:47:15.825 24385 24385 I dvks    : (REDACTED) Dismissing old window %s
01-25 14:47:15.825 24539 24611 I FederatedTrainingScheduler: Cancelling training for population:aiai/playstore/smartselect/prod/train/en/address-otp session_name:smartselect/prod/train/en/address-otp
01-25 14:47:15.826 24539 24574 I TrainerGrpcBindableService: Cancelling training succeeded [population=aiai/playstore/smartselect/prod/train/en/address-phone-other, session=smartselect/prod/train/en/address-phone-other]
01-25 14:47:15.827 24539 24609 I FederatedTrainingScheduler: Cancelling training for population:aiai/playstore/smartselect/prod/train/en/address-phone session_name:smartselect/prod/train/en/address-phone
01-25 14:47:15.827 24539 24611 I FederatedTrainingScheduler: Cancelling training for population:aiai/playstore/smartselect/prod/train/en/all-pasted-to-none-messaging-apps session_name:smartselect/prod/train/en/all-pasted-to-none-messaging-apps
01-25 14:47:15.827 24539 24616 I FederatedTrainingScheduler: Cancelling training for population:aiai/playstore/smartselect/prod/train/en/pasted-to-translate-apps session_name:smartselect/prod/train/en/pasted-to-translate-apps
01-25 14:47:15.827 24539 24608 I FederatedTrainingScheduler: Cancelling training for population:aiai/playstore/smartselect/prod/train/en/all-non-url-email session_name:smartselect/prod/train/en/all-non-url-email
01-25 14:47:15.829 24344 24423 D LoaderTask: update icon cache
01-25 14:47:15.829 24344 24423 D LoaderTask: save shortcuts in icon cache
01-25 14:47:15.829 24344 24423 D LoaderTask: step 2 complete
01-25 14:47:15.831 24344 24423 D LoaderTask: loadDeepShortcuts
01-25 14:47:15.831 24344 24423 D LoaderTask: bindDeepShortcuts
01-25 14:47:15.831 24344 24423 D LoaderTask: save deep shortcuts in icon cache
01-25 14:47:15.828 24539 24625 I FederatedTrainingScheduler: Cancelling training for population:aiai/playstore/smartselect/prod/train/en/address-phone-other-translate session_name:smartselect/prod/train/en/address-phone-other-translate
01-25 14:47:15.832 24539 24609 I FederatedTrainingScheduler: Cancelling training for population:aiai/playstore/smartselect/prod/train/en/pasted-to-notes-apps session_name:smartselect/prod/train/en/pasted-to-notes-apps
01-25 14:47:15.832 24539 24616 I FederatedTrainingScheduler: Cancelling training for population:aiai/playstore/smartselect/prod/train/en/all-non-url-email-cut-translate session_name:smartselect/prod/train/en/all-non-url-email-cut-translate
01-25 14:47:15.832 24539 24623 I FederatedTrainingScheduler: Cancelling training for population:aiai/playstore/smartselect/prod/train/en/address-phone-or-pasted-to-non-messaging-apps session_name:smartselect/prod/train/en/address-phone-or-pasted-to-non-messaging-apps
01-25 14:47:15.832 24539 24608 I FederatedTrainingScheduler: Cancelling training for population:aiai/playstore/smartselect/prod/train/en/pasted-to-search-apps session_name:smartselect/prod/train/en/pasted-to-search-apps
01-25 14:47:15.833 24539 24611 I FederatedTrainingScheduler: Cancelling training for population:aiai/playstore/smartselect/prod/train/en/address session_name:smartselect/prod/train/en/address
01-25 14:47:15.833 24539 24574 I TrainerGrpcBindableService: Cancelling training succeeded [population=aiai/playstore/smartselect/prod/train/en/pasted-to-named-entity-apps, session=smartselect/prod/train/en/pasted-to-named-entity-apps]
01-25 14:47:15.833 24539 24608 I FederatedTrainingScheduler: Cancelling training for population:aiai/playstore/smartselect/prod/train/en/address-phone-or-pasted-to-either-apps session_name:smartselect/prod/train/en/address-phone-or-pasted-to-either-apps
01-25 14:47:15.833 24344 24423 D LoaderTask: step 3 complete
01-25 14:47:15.833 24539 24625 I FederatedTrainingScheduler: Cancelling training for population:aiai/playstore/smartselect/prod/train/en/pasted-to-search-or-browser-apps session_name:smartselect/prod/train/en/pasted-to-search-or-browser-apps
01-25 14:47:15.834 24539 24623 I FederatedTrainingScheduler: Cancelling training for population:aiai/playstore/smartselect/prod/train/en/pasted-to-shopping-apps session_name:smartselect/prod/train/en/pasted-to-shopping-apps
01-25 14:47:15.835 24539 24623 I FederatedTrainingScheduler: Cancelling training for population:aiai/playstore/smartselect/prod/train/en/address-otp-copied session_name:smartselect/prod/train/en/address-otp-copied
01-25 14:47:15.836 24539 24629 I FederatedTrainingScheduler: Cancelling training for population:aiai/playstore/smartselect/prod/train/en/address-or-pasted-to-map-apps session_name:smartselect/prod/train/en/address-or-pasted-to-map-apps
01-25 14:47:15.837 24539 24611 I FederatedTrainingScheduler: Cancelling training for population:aiai/playstore/smartselect/train/en/address-otp-copied session_name:smartselect/train/en/address-otp-copied
01-25 14:47:15.838 24539 24608 I FederatedTrainingScheduler: Cancelling training for population:aiai/playstore/smartselect/train/en/pasted-to-search-or-browser-or-named-entity-apps session_name:smartselect/train/en/pasted-to-search-or-browser-or-named-entity-apps
01-25 14:47:15.838 24539 24609 I FederatedTrainingScheduler: Cancelling training for population:aiai/playstore/smartselect/train/en/pasted-to-maps-apps session_name:smartselect/train/en/pasted-to-maps-apps
01-25 14:47:15.838 24539 24616 I FederatedTrainingScheduler: Cancelling training for population:aiai/playstore/smartselect/train/en/pasted-to-named-entity-apps session_name:smartselect/train/en/pasted-to-named-entity-apps
01-25 14:47:15.838 24385 24385 I dvkz    : (REDACTED) onDestroy: isRecreating: %s
01-25 14:47:15.838 24539 24611 I FederatedTrainingScheduler: Cancelling training for population:aiai/playstore/smartselect/train/en/pasted-to-shopping-apps session_name:smartselect/train/en/pasted-to-shopping-apps
01-25 14:47:15.838 24539 24625 I FederatedTrainingScheduler: Cancelling training for population:aiai/playstore/smartselect/train/en/phone-or-pasted-to-dialer-apps session_name:smartselect/train/en/phone-or-pasted-to-dialer-apps
01-25 14:47:15.839 24539 24623 I FederatedTrainingScheduler: Cancelling training for population:aiai/playstore/smartselect/train/en/pasted-to-notes-apps session_name:smartselect/train/en/pasted-to-notes-apps
01-25 14:47:15.839 24539 24630 I FederatedTrainingScheduler: Cancelling training for population:aiai/playstore/smartselect/prod/train/en/phone-or-pasted-to-dialer-apps session_name:smartselect/prod/train/en/phone-or-pasted-to-dialer-apps
01-25 14:47:15.839 24539 24629 I FederatedTrainingScheduler: Cancelling training for population:aiai/playstore/smartselect/train/en/address-phone-other-translate session_name:smartselect/train/en/address-phone-other-translate
01-25 14:47:15.845 24539 24630 I FederatedTrainingScheduler: Cancelling training for population:aiai/playstore/smartselect/prod/train/en/address-phone-or-pasted-to-search-or-browser-apps session_name:smartselect/prod/train/en/address-phone-or-pasted-to-search-or-browser-apps
01-25 14:47:15.845 24539 24625 I FederatedTrainingScheduler: Cancelling training for population:aiai/playstore/smartselect/train/en/address-phone-otp-copied session_name:smartselect/train/en/address-phone-otp-copied
01-25 14:47:15.845 24539 24611 I FederatedTrainingScheduler: Cancelling training for population:aiai/playstore/smartselect/train/en/address session_name:smartselect/train/en/address
01-25 14:47:15.846 24539 24623 I FederatedTrainingScheduler: Cancelling training for population:aiai/playstore/smartselect/train/en/address-phone-other session_name:smartselect/train/en/address-phone-other
01-25 14:47:15.846 24539 24630 I FederatedTrainingScheduler: Cancelling training for population:aiai/playstore/smartselect/train/en/address-phone-or-pasted-to-either-apps session_name:smartselect/train/en/address-phone-or-pasted-to-either-apps
01-25 14:47:15.846 24539 24609 I FederatedTrainingScheduler: Cancelling training for population:aiai/playstore/smartselect/train/en/address-or-pasted-to-map-or-shopping-apps session_name:smartselect/train/en/address-or-pasted-to-map-or-shopping-apps
01-25 14:47:15.847 24539 24616 I FederatedTrainingScheduler: Cancelling training for population:aiai/playstore/smartselect/train/en/address-or-pasted-to-shopping-apps session_name:smartselect/train/en/address-or-pasted-to-shopping-apps
01-25 14:47:15.847 24539 24629 I FederatedTrainingScheduler: Cancelling training for population:aiai/playstore/smartselect/prod/train/en/all-pasted-to-apps session_name:smartselect/prod/train/en/all-pasted-to-apps
01-25 14:47:15.847 24539 24625 I FederatedTrainingScheduler: Cancelling training for population:aiai/playstore/smartselect/train/en/address-otp session_name:smartselect/train/en/address-otp
01-25 14:47:15.847 24539 24611 I FederatedTrainingScheduler: Cancelling training for population:aiai/playstore/smartselect/train/en/address-phone-or-pasted-to-non-messaging-apps session_name:smartselect/train/en/address-phone-or-pasted-to-non-messaging-apps
01-25 14:47:15.847 24539 24630 I FederatedTrainingScheduler: Cancelling training for population:aiai/playstore/smartselect/train/en/address-phone-other-nonsentences session_name:smartselect/train/en/address-phone-other-nonsentences
01-25 14:47:15.847 24539 24623 I FederatedTrainingScheduler: Cancelling training for population:aiai/playstore/smartselect/train/en/address-phone-otp session_name:smartselect/train/en/address-phone-otp
01-25 14:47:15.848 24539 24611 I FederatedTrainingScheduler: Cancelling training for population:aiai/playstore/smartselect/train/en/pasted-to-search-apps session_name:smartselect/train/en/pasted-to-search-apps
01-25 14:47:15.850 24539 24611 I FederatedTrainingScheduler: Cancelling training for population:aiai/playstore/smartselect/train/en/pasted-to-search-or-browser-apps session_name:smartselect/train/en/pasted-to-search-or-browser-apps
01-25 14:47:15.852 24539 24630 I FederatedTrainingScheduler: Cancelling training for population:aiai/playstore/smartselect/train/en/address-phone session_name:smartselect/train/en/address-phone
01-25 14:47:15.852 24512 24535 I DynamiteModule: Considering local module com.google.android.gms.googlecertificates:0 and remote module com.google.android.gms.googlecertificates:7
01-25 14:47:15.852 24512 24535 I DynamiteModule: Selected remote version of com.google.android.gms.googlecertificates, version >= 7
01-25 14:47:15.852 24539 24611 I FederatedTrainingScheduler: Cancelling training for population:aiai/playstore/smartselect/train/en/address-or-pasted-to-map-apps session_name:smartselect/train/en/address-or-pasted-to-map-apps
01-25 14:47:15.852 24539 24629 I FederatedTrainingScheduler: Cancelling training for population:aiai/playstore/smartselect/train/en/phone session_name:smartselect/train/en/phone
01-25 14:47:15.852 24539 24625 I FederatedTrainingScheduler: Cancelling training for population:aiai/playstore/smartselect/train/en/address-phone-or-pasted-to-search-or-browser-apps session_name:smartselect/train/en/address-phone-or-pasted-to-search-or-browser-apps
01-25 14:47:15.852 24539 24609 I FederatedTrainingScheduler: Cancelling training for population:aiai/playstore/smartselect/train/en/all-non-url-email-cut session_name:smartselect/train/en/all-non-url-email-cut
01-25 14:47:15.852 24539 24616 I FederatedTrainingScheduler: Cancelling training for population:aiai/playstore/smartselect/train/en/all-pasted-to-none-messaging-apps session_name:smartselect/train/en/all-pasted-to-none-messaging-apps
01-25 14:47:15.853 24539 24623 I FederatedTrainingScheduler: Cancelling training for population:aiai/playstore/smartselect/train/en/all-non-url-email session_name:smartselect/train/en/all-non-url-email
01-25 14:47:15.853 24539 24623 I FederatedTrainingScheduler: Cancelling training for population:aiai/playstore/smartselect/train/en/all-non-url-email-cut-translate session_name:smartselect/train/en/all-non-url-email-cut-translate
01-25 14:47:15.853 24385 24588 D WM-PackageManagerHelper: Skipping component enablement for androidx.work.impl.background.systemjob.SystemJobService
01-25 14:47:15.853 24385 24588 D WM-Schedulers: Created SystemJobScheduler and enabled SystemJobService
01-25 14:47:15.855 24539 24623 I FederatedTrainingScheduler: Cancelling training for population:aiai/playstore/smartselect/train/en/all-pasted-to-apps session_name:smartselect/train/en/all-pasted-to-apps
01-25 14:47:15.856 24539 24574 I TrainerGrpcBindableService: Cancelling training succeeded [population=aiai/playstore/smartselect/prod/train/en/all-non-url-email-cut, session=smartselect/prod/train/en/all-non-url-email-cut]
01-25 14:47:15.856 24539 24574 I TrainerGrpcBindableService: Cancelling training succeeded [population=aiai/playstore/smartselect/prod/train/en/pasted-to-search-or-browser-or-named-entity-apps, session=smartselect/prod/train/en/pasted-to-search-or-browser-or-named-entity-apps]
01-25 14:47:15.856 24539 24574 I TrainerGrpcBindableService: Cancelling training succeeded [population=aiai/playstore/smartselect/prod/train/en/address-or-pasted-to-map-or-shopping-apps, session=smartselect/prod/train/en/address-or-pasted-to-map-or-shopping-apps]
01-25 14:47:15.858 24451 24479 I AiAiPeople: (REDACTED) Pecan Pipeline (re)Initialized with %d Labelers Loaded.
01-25 14:47:15.859 24539 24574 I TrainerGrpcBindableService: Cancelling training succeeded [population=aiai/playstore/smartselect/prod/train/en/address-or-pasted-to-shopping-apps, session=smartselect/prod/train/en/address-or-pasted-to-shopping-apps]
01-25 14:47:15.860 24385 24385 I dvks    : (REDACTED) Created new binder managed window %s
01-25 14:47:15.860 24539 24574 I TrainerGrpcBindableService: Cancelling training succeeded [population=aiai/playstore/smartselect/prod/train/en/phone, session=smartselect/prod/train/en/phone]
01-25 14:47:15.860 24385 24385 I dvks    : (REDACTED) WindowRefsActive: %d, TouchableWindowRefsActive: %b
01-25 14:47:15.860 24385 24385 I dvkz    : (REDACTED) windowAttached start logFlowId=%s, configuration=%s, acetoneState=%s, overlayWindow=%s, fragmentHost=%s, binderManagedWindow=%s, params=%s
01-25 14:47:15.863 24385 24385 I dvkz    : (REDACTED) onDestroy: isRecreating: %s
01-25 14:47:15.863 24539 24574 I TrainerGrpcBindableService: Cancelling training succeeded [population=aiai/playstore/smartselect/prod/train/en/address-otp, session=smartselect/prod/train/en/address-otp]
01-25 14:47:15.865 24539 24623 I FederatedTrainingScheduler: Cancelling training for population:aiai/playstore/smartselect/train/en/pasted-to-translate-apps session_name:smartselect/train/en/pasted-to-translate-apps
01-25 14:47:15.865 24539 24574 I TrainerGrpcBindableService: Cancelling training succeeded [population=aiai/playstore/smartselect/prod/train/en/all-pasted-to-none-messaging-apps, session=smartselect/prod/train/en/all-pasted-to-none-messaging-apps]
01-25 14:47:15.866 24539 24574 I TrainerGrpcBindableService: Cancelling training succeeded [population=aiai/playstore/smartselect/prod/train/en/address-phone, session=smartselect/prod/train/en/address-phone]
01-25 14:47:15.867 24539 24574 I TrainerGrpcBindableService: Cancelling training succeeded [population=aiai/playstore/smartselect/prod/train/en/pasted-to-translate-apps, session=smartselect/prod/train/en/pasted-to-translate-apps]
01-25 14:47:15.867 24539 24574 I TrainerGrpcBindableService: Cancelling training succeeded [population=aiai/playstore/smartselect/prod/train/en/all-non-url-email, session=smartselect/prod/train/en/all-non-url-email]
01-25 14:47:15.867 24385 24385 I dvkz    : (REDACTED) initWindow for %s with token %s
01-25 14:47:15.868 24539 24574 I TrainerGrpcBindableService: Cancelling training succeeded [population=aiai/playstore/smartselect/prod/train/en/pasted-to-notes-apps, session=smartselect/prod/train/en/pasted-to-notes-apps]
01-25 14:47:15.869 24451 24519 I WM-WorkerWrapper: Worker result SUCCESS for Work [ id=0cd05e2a-bcb0-45ba-8051-1d6ef88255a0, tags={ com.google.android.apps.miphone.aiai.chronicle.impl.packagemonitor.PackageMonitoringWorker,PackageMonitoringWorker } ]
01-25 14:47:15.873 24539 24574 I TrainerGrpcBindableService: Cancelling training succeeded [population=aiai/playstore/smartselect/prod/train/en/all-non-url-email-cut-translate, session=smartselect/prod/train/en/all-non-url-email-cut-translate]
01-25 14:47:15.873 24451 24479 I AiAiFed : (REDACTED) Example store TTL job is already scheduled [jobId=%d, interval=%s]
01-25 14:47:15.874 24385 24588 I aqfr    : Getting accounts.
01-25 14:47:15.874 24539 24574 I TrainerGrpcBindableService: Cancelling training succeeded [population=aiai/playstore/smartselect/prod/train/en/pasted-to-search-apps, session=smartselect/prod/train/en/pasted-to-search-apps]
01-25 14:47:15.876 24539 24574 I TrainerGrpcBindableService: Cancelling training succeeded [population=aiai/playstore/smartselect/prod/train/en/address-phone-or-pasted-to-non-messaging-apps, session=smartselect/prod/train/en/address-phone-or-pasted-to-non-messaging-apps]
01-25 14:47:15.877 24385 24385 E earchbox:search: Invalid ID 0x00000000.
01-25 14:47:15.878 24539 24574 I TrainerGrpcBindableService: Cancelling training succeeded [population=aiai/playstore/smartselect/prod/train/en/address-phone-other-translate, session=smartselect/prod/train/en/address-phone-other-translate]
01-25 14:47:15.879 24539 24574 I TrainerGrpcBindableService: Cancelling training succeeded [population=aiai/playstore/smartselect/prod/train/en/address, session=smartselect/prod/train/en/address]
01-25 14:47:15.881 24539 24574 I TrainerGrpcBindableService: Cancelling training succeeded [population=aiai/playstore/smartselect/prod/train/en/address-phone-or-pasted-to-either-apps, session=smartselect/prod/train/en/address-phone-or-pasted-to-either-apps]
01-25 14:47:15.881 24539 24574 I TrainerGrpcBindableService: Cancelling training succeeded [population=aiai/playstore/smartselect/prod/train/en/pasted-to-search-or-browser-apps, session=smartselect/prod/train/en/pasted-to-search-or-browser-apps]
01-25 14:47:15.882 24539 24574 I TrainerGrpcBindableService: Cancelling training succeeded [population=aiai/playstore/smartselect/prod/train/en/pasted-to-shopping-apps, session=smartselect/prod/train/en/pasted-to-shopping-apps]
01-25 14:47:15.883 24451 24479 I AiAiFedAss: (REDACTED) Ekho TTL job is already scheduled [jobId=%d, interval=%s]
01-25 14:47:15.883 24539 24574 I TrainerGrpcBindableService: Cancelling training succeeded [population=aiai/playstore/smartselect/prod/train/en/address-otp-copied, session=smartselect/prod/train/en/address-otp-copied]
01-25 14:47:15.884 24539 24574 I TrainerGrpcBindableService: Cancelling training succeeded [population=aiai/playstore/smartselect/prod/train/en/address-or-pasted-to-map-apps, session=smartselect/prod/train/en/address-or-pasted-to-map-apps]
01-25 14:47:15.884 24539 24574 I TrainerGrpcBindableService: Cancelling training succeeded [population=aiai/playstore/smartselect/train/en/address-otp-copied, session=smartselect/train/en/address-otp-copied]
01-25 14:47:15.885 24539 24574 I TrainerGrpcBindableService: Cancelling training succeeded [population=aiai/playstore/smartselect/train/en/pasted-to-search-or-browser-or-named-entity-apps, session=smartselect/train/en/pasted-to-search-or-browser-or-named-entity-apps]
01-25 14:47:15.885 24539 24574 I TrainerGrpcBindableService: Cancelling training succeeded [population=aiai/playstore/smartselect/train/en/pasted-to-maps-apps, session=smartselect/train/en/pasted-to-maps-apps]
01-25 14:47:15.886 24539 24574 I TrainerGrpcBindableService: Cancelling training succeeded [population=aiai/playstore/smartselect/train/en/pasted-to-named-entity-apps, session=smartselect/train/en/pasted-to-named-entity-apps]
01-25 14:47:15.886 24539 24574 I TrainerGrpcBindableService: Cancelling training succeeded [population=aiai/playstore/smartselect/train/en/pasted-to-shopping-apps, session=smartselect/train/en/pasted-to-shopping-apps]
01-25 14:47:15.886 24539 24574 I TrainerGrpcBindableService: Cancelling training succeeded [population=aiai/playstore/smartselect/train/en/phone-or-pasted-to-dialer-apps, session=smartselect/train/en/phone-or-pasted-to-dialer-apps]
01-25 14:47:15.887 24539 24574 I TrainerGrpcBindableService: Cancelling training succeeded [population=aiai/playstore/smartselect/train/en/pasted-to-notes-apps, session=smartselect/train/en/pasted-to-notes-apps]
01-25 14:47:15.887 24539 24574 I TrainerGrpcBindableService: Cancelling training succeeded [population=aiai/playstore/smartselect/prod/train/en/phone-or-pasted-to-dialer-apps, session=smartselect/prod/train/en/phone-or-pasted-to-dialer-apps]
01-25 14:47:15.888 24539 24574 I TrainerGrpcBindableService: Cancelling training succeeded [population=aiai/playstore/smartselect/train/en/address-phone-other-translate, session=smartselect/train/en/address-phone-other-translate]
