01-25 14:47:17.985 24770 24770 D nativeloader: Configuring clns-4 for other apk /system/framework/org.apache.http.legacy.jar. target_sdk_version=34, uses_libraries=ALL, library_path=/data/app/~~Kk-nhne0TffPsEvIbcM7Hg==/com.google.android.googlequicksearchbox-kFVBecUerlZ__I5F9ypeoA==/lib/arm64:/data/app/~~Kk-nhne0TffPsEvIbcM7Hg==/com.google.android.googlequicksearchbox-kFVBecUerlZ__I5F9ypeoA==/base.apk!/lib/arm64-v8a:/data/app/~~Kk-nhne0TffPsEvIbcM7Hg==/com.google.android.googlequicksearchbox-kFVBecUerlZ__I5F9ypeoA==/split_config.xxxhdpi.apk!/lib/arm64-v8a:/data/app/~~Kk-nhne0TffPsEvIbcM7Hg==/com.google.android.googlequicksearchbox-kFVBecUerlZ__I5F9ypeoA==/split_fedora_brella_feature_module.apk!/lib/arm64-v8a, permitted_path=/data:/mnt/expand:/data/user/0/com.google.android.googlequicksearchbox
01-25 14:47:17.991 24385 24562 I axsm    : (REDACTED) #handleLocale  %s
01-25 14:47:18.012 24385 24562 I axsm    : (REDACTED) available language pack of %s is version %d
01-25 14:47:18.012 24385 24562 I axsm    : (REDACTED) available language pack of %s is version %d
01-25 14:47:18.037   653   653 I lowmemorykiller: Kill 'android.process.acore' (24732), uid 10062, oom_score_adj 905 to free 66956kB rss, 29344kB swap; reason: low watermark is breached and swap is low (0kB < 209712kB)
01-25 14:47:18.056  1996  4968 D CountryDetector: No listener is left
01-25 14:47:18.056  1996  2883 I ActivityManager: Process android.process.acore (pid 24732) has died: cch+5 CEM 
01-25 14:47:18.056  1996  2150 I libprocessgroup: Successfully killed process cgroup uid 10062 pid 24732 in 0ms
01-25 14:47:18.057   653   653 I lowmemorykiller: Kill 'com.google.android.as.oss' (24539), uid 10266, oom_score_adj 905 to free 53624kB rss, 30468kB swap; reason: low watermark is breached and swap is low (0kB < 209712kB)
01-25 14:47:18.066  1308  1308 I Zygote  : Process 24732 exited due to signal 9 (Killed)
01-25 14:47:18.079 24385 24561 I hikp    : #initializeLanguages
01-25 14:47:18.091  1996  2883 I ActivityManager: Process com.google.android.as.oss (pid 24539) has died: cch+15 CEM 
01-25 14:47:18.092  1996  2150 I libprocessgroup: Successfully killed process cgroup uid 10266 pid 24539 in 0ms
01-25 14:47:18.092  1308  1308 I Zygote  : Process 24539 exited due to signal 9 (Killed)
01-25 14:47:18.105   653   653 I lowmemorykiller: Kill 'com.google.android.tts' (24699), uid 10164, oom_score_adj 905 to free 81356kB rss, 29324kB swap; reason: low watermark is breached and swap is low (0kB < 209712kB)
01-25 14:47:18.128  1308  1308 I Zygote  : Process 24699 exited due to signal 9 (Killed)
01-25 14:47:18.129  1996  2883 I ActivityManager: Process com.google.android.tts (pid 24699) has died: cch+5 CEM 
01-25 14:47:18.130  1996  2150 I libprocessgroup: Successfully killed process cgroup uid 10164 pid 24699 in 0ms
01-25 14:47:18.133 24385 24560 I bfqg    : NGA enabled in interactor.
01-25 14:47:18.144 22558 23931 E cozx    : Phenotype API error. Event: # fbun@316eea3c, EventCode: COMMIT_CONFIG [CONTEXT service_id=51 ]
01-25 14:47:18.144 22558 23931 E cozx    : coye: 29501: Stale snapshot for com.google.android.libraries.onegoogle#com.google.android.googlequicksearchbox(change count changed - expected 82  but was 81)
01-25 14:47:18.144 22558 23931 E cozx    : 	at cpac.b(:com.google.android.gms@240314038@24.03.14 (190400-599341201):1555)
01-25 14:47:18.144 22558 23931 E cozx    : 	at cpab.h(:com.google.android.gms@240314038@24.03.14 (190400-599341201):3)
01-25 14:47:18.144 22558 23931 E cozx    : 	at cozx.g(:com.google.android.gms@240314038@24.03.14 (190400-599341201):18)
01-25 14:47:18.144 22558 23931 E cozx    : 	at cozx.f(:com.google.android.gms@240314038@24.03.14 (190400-599341201):11)
01-25 14:47:18.144 22558 23931 E cozx    : 	at bhwt.fi(:com.google.android.gms@240314038@24.03.14 (190400-599341201):1)
01-25 14:47:18.144 22558 23931 E cozx    : 	at bhxc.run(:com.google.android.gms@240314038@24.03.14 (190400-599341201):100)
01-25 14:47:18.144 22558 23931 E cozx    : 	at ebec.run(:com.google.android.gms@240314038@24.03.14 (190400-599341201):21)
01-25 14:47:18.144 22558 23931 E cozx    : 	at akft.c(:com.google.android.gms@240314038@24.03.14 (190400-599341201):50)
01-25 14:47:18.144 22558 23931 E cozx    : 	at akft.run(:com.google.android.gms@240314038@24.03.14 (190400-599341201):97)
01-25 14:47:18.144 22558 23931 E cozx    : 	at java.util.concurrent.ThreadPoolExecutor.runWorker(ThreadPoolExecutor.java:1145)
01-25 14:47:18.144 22558 23931 E cozx    : 	at java.util.concurrent.ThreadPoolExecutor$Worker.run(ThreadPoolExecutor.java:644)
01-25 14:47:18.144 22558 23931 E cozx    : 	at aklf.run(:com.google.android.gms@240314038@24.03.14 (190400-599341201):8)
01-25 14:47:18.144 22558 23931 E cozx    : 	at java.lang.Thread.run(Thread.java:1012)
01-25 14:47:18.147 22558 23931 W AsyncOperation: operation=CommitToConfigurationOperationCall, opStatusCode=29501 [CONTEXT service_id=51 ]
01-25 14:47:18.147 22558 23931 W AsyncOperation: OperationException[Status{statusCode=Stale snapshot for com.google.android.libraries.onegoogle#com.google.android.googlequicksearchbox(change count changed - expected 82  but was 81), resolution=null}]
01-25 14:47:18.147 22558 23931 W AsyncOperation: 	at cozx.g(:com.google.android.gms@240314038@24.03.14 (190400-599341201):48)
01-25 14:47:18.147 22558 23931 W AsyncOperation: 	at cozx.f(:com.google.android.gms@240314038@24.03.14 (190400-599341201):11)
01-25 14:47:18.147 22558 23931 W AsyncOperation: 	at bhwt.fi(:com.google.android.gms@240314038@24.03.14 (190400-599341201):1)
01-25 14:47:18.147 22558 23931 W AsyncOperation: 	at bhxc.run(:com.google.android.gms@240314038@24.03.14 (190400-599341201):100)
01-25 14:47:18.147 22558 23931 W AsyncOperation: 	at ebec.run(:com.google.android.gms@240314038@24.03.14 (190400-599341201):21)
01-25 14:47:18.147 22558 23931 W AsyncOperation: 	at akft.c(:com.google.android.gms@240314038@24.03.14 (190400-599341201):50)
01-25 14:47:18.147 22558 23931 W AsyncOperation: 	at akft.run(:com.google.android.gms@240314038@24.03.14 (190400-599341201):97)
01-25 14:47:18.147 22558 23931 W AsyncOperation: 	at java.util.concurrent.ThreadPoolExecutor.runWorker(ThreadPoolExecutor.java:1145)
01-25 14:47:18.147 22558 23931 W AsyncOperation: 	at java.util.concurrent.ThreadPoolExecutor$Worker.run(ThreadPoolExecutor.java:644)
01-25 14:47:18.147 22558 23931 W AsyncOperation: 	at aklf.run(:com.google.android.gms@240314038@24.03.14 (190400-599341201):8)
01-25 14:47:18.147 22558 23931 W AsyncOperation: 	at java.lang.Thread.run(Thread.java:1012)
01-25 14:47:18.246 22558 23931 E cozx    : Phenotype API error. Event: # fbun@a8dab09c, EventCode: COMMIT_CONFIG [CONTEXT service_id=51 ]
01-25 14:47:18.246 22558 23931 E cozx    : coye: 29501: Stale snapshot for com.google.android.libraries.consentverifier#com.google.android.googlequicksearchbox(change count changed - expected 89  but was 85)
01-25 14:47:18.246 22558 23931 E cozx    : 	at cpac.b(:com.google.android.gms@240314038@24.03.14 (190400-599341201):1555)
01-25 14:47:18.246 22558 23931 E cozx    : 	at cpab.h(:com.google.android.gms@240314038@24.03.14 (190400-599341201):3)
01-25 14:47:18.246 22558 23931 E cozx    : 	at cozx.g(:com.google.android.gms@240314038@24.03.14 (190400-599341201):18)
01-25 14:47:18.246 22558 23931 E cozx    : 	at cozx.f(:com.google.android.gms@240314038@24.03.14 (190400-599341201):11)
01-25 14:47:18.246 22558 23931 E cozx    : 	at bhwt.fi(:com.google.android.gms@240314038@24.03.14 (190400-599341201):1)
01-25 14:47:18.246 22558 23931 E cozx    : 	at bhxc.run(:com.google.android.gms@240314038@24.03.14 (190400-599341201):100)
01-25 14:47:18.246 22558 23931 E cozx    : 	at ebec.run(:com.google.android.gms@240314038@24.03.14 (190400-599341201):21)
01-25 14:47:18.246 22558 23931 E cozx    : 	at akft.c(:com.google.android.gms@240314038@24.03.14 (190400-599341201):50)
01-25 14:47:18.246 22558 23931 E cozx    : 	at akft.run(:com.google.android.gms@240314038@24.03.14 (190400-599341201):97)
01-25 14:47:18.246 22558 23931 E cozx    : 	at java.util.concurrent.ThreadPoolExecutor.runWorker(ThreadPoolExecutor.java:1145)
01-25 14:47:18.246 22558 23931 E cozx    : 	at java.util.concurrent.ThreadPoolExecutor$Worker.run(ThreadPoolExecutor.java:644)
01-25 14:47:18.246 22558 23931 E cozx    : 	at aklf.run(:com.google.android.gms@240314038@24.03.14 (190400-599341201):8)
01-25 14:47:18.246 22558 23931 E cozx    : 	at java.lang.Thread.run(Thread.java:1012)
01-25 14:47:18.247 22558 23931 W AsyncOperation: operation=CommitToConfigurationOperationCall, opStatusCode=29501 [CONTEXT service_id=51 ]
01-25 14:47:18.247 22558 23931 W AsyncOperation: OperationException[Status{statusCode=Stale snapshot for com.google.android.libraries.consentverifier#com.google.android.googlequicksearchbox(change count changed - expected 89  but was 85), resolution=null}]
01-25 14:47:18.247 22558 23931 W AsyncOperation: 	at cozx.g(:com.google.android.gms@240314038@24.03.14 (190400-599341201):48)
01-25 14:47:18.247 22558 23931 W AsyncOperation: 	at cozx.f(:com.google.android.gms@240314038@24.03.14 (190400-599341201):11)
01-25 14:47:18.247 22558 23931 W AsyncOperation: 	at bhwt.fi(:com.google.android.gms@240314038@24.03.14 (190400-599341201):1)
01-25 14:47:18.247 22558 23931 W AsyncOperation: 	at bhxc.run(:com.google.android.gms@240314038@24.03.14 (190400-599341201):100)
01-25 14:47:18.247 22558 23931 W AsyncOperation: 	at ebec.run(:com.google.android.gms@240314038@24.03.14 (190400-599341201):21)
01-25 14:47:18.247 22558 23931 W AsyncOperation: 	at akft.c(:com.google.android.gms@240314038@24.03.14 (190400-599341201):50)
01-25 14:47:18.247 22558 23931 W AsyncOperation: 	at akft.run(:com.google.android.gms@240314038@24.03.14 (190400-599341201):97)
01-25 14:47:18.247 22558 23931 W AsyncOperation: 	at java.util.concurrent.ThreadPoolExecutor.runWorker(ThreadPoolExecutor.java:1145)
01-25 14:47:18.247 22558 23931 W AsyncOperation: 	at java.util.concurrent.ThreadPoolExecutor$Worker.run(ThreadPoolExecutor.java:644)
01-25 14:47:18.247 22558 23931 W AsyncOperation: 	at aklf.run(:com.google.android.gms@240314038@24.03.14 (190400-599341201):8)
01-25 14:47:18.247 22558 23931 W AsyncOperation: 	at java.lang.Thread.run(Thread.java:1012)
01-25 14:47:18.250 24385 24690 W MobStoreFlagStore: Failed to commit due to stale snapshot for com.google.android.libraries.onegoogle#com.google.android.googlequicksearchbox, triggering flag update. Experiments may be delayed til next app start.
01-25 14:47:18.250 24385 24555 W MobStoreFlagStore: Failed to commit due to stale snapshot for com.google.android.libraries.consentverifier#com.google.android.googlequicksearchbox, triggering flag update. Experiments may be delayed til next app start.
01-25 14:47:18.252 24770 24770 W ziparchive: Unable to open '/data/app/~~Kk-nhne0TffPsEvIbcM7Hg==/com.google.android.googlequicksearchbox-kFVBecUerlZ__I5F9ypeoA==/split_config.xxxhdpi.dm': No such file or directory
01-25 14:47:18.252 24770 24770 W ziparchive: Unable to open '/data/app/~~Kk-nhne0TffPsEvIbcM7Hg==/com.google.android.googlequicksearchbox-kFVBecUerlZ__I5F9ypeoA==/split_config.xxxhdpi.dm': No such file or directory
01-25 14:47:18.257 24385 24560 I bfqg    : (REDACTED) Nga state changed to %s
01-25 14:47:18.259 24770 24770 W hbox:interactor: Entry not found
01-25 14:47:18.262 24385 24560 I bfqg    : (REDACTED) isTngActive=%s
01-25 14:47:18.267 24770 24770 W ziparchive: Unable to open '/data/app/~~Kk-nhne0TffPsEvIbcM7Hg==/com.google.android.googlequicksearchbox-kFVBecUerlZ__I5F9ypeoA==/split_fedora_brella_feature_module.dm': No such file or directory
01-25 14:47:18.267 24770 24770 W ziparchive: Unable to open '/data/app/~~Kk-nhne0TffPsEvIbcM7Hg==/com.google.android.googlequicksearchbox-kFVBecUerlZ__I5F9ypeoA==/split_fedora_brella_feature_module.dm': No such file or directory
01-25 14:47:18.267 24770 24770 W hbox:interactor: Entry not found
01-25 14:47:18.269 24770 24770 D nativeloader: Configuring clns-5 for other apk /data/app/~~Kk-nhne0TffPsEvIbcM7Hg==/com.google.android.googlequicksearchbox-kFVBecUerlZ__I5F9ypeoA==/base.apk:/data/app/~~Kk-nhne0TffPsEvIbcM7Hg==/com.google.android.googlequicksearchbox-kFVBecUerlZ__I5F9ypeoA==/split_config.xxxhdpi.apk:/data/app/~~Kk-nhne0TffPsEvIbcM7Hg==/com.google.android.googlequicksearchbox-kFVBecUerlZ__I5F9ypeoA==/split_fedora_brella_feature_module.apk. target_sdk_version=34, uses_libraries=, library_path=/data/app/~~Kk-nhne0TffPsEvIbcM7Hg==/com.google.android.googlequicksearchbox-kFVBecUerlZ__I5F9ypeoA==/lib/arm64:/data/app/~~Kk-nhne0TffPsEvIbcM7Hg==/com.google.android.googlequicksearchbox-kFVBecUerlZ__I5F9ypeoA==/base.apk!/lib/arm64-v8a:/data/app/~~Kk-nhne0TffPsEvIbcM7Hg==/com.google.android.googlequicksearchbox-kFVBecUerlZ__I5F9ypeoA==/split_config.xxxhdpi.apk!/lib/arm64-v8a:/data/app/~~Kk-nhne0TffPsEvIbcM7Hg==/com.google.android.googlequicksearchbox-kFVBecUerlZ__I5F9ypeoA==/split_fedora_brella_feature_module.apk!/lib/arm64-v8a, permitted_path=/data
01-25 14:47:18.313 24385 24808 I aqdr    : (REDACTED) Successfully received auth token for scope: %s in time %d ms
01-25 14:47:18.313 24385 24580 I bgxf    : (REDACTED) Native library update finished with: %s
01-25 14:47:18.313 24385 24809 I aqdr    : (REDACTED) Successfully received auth token for scope: %s in time %d ms
01-25 14:47:18.327 24385 24671 I gynt    : Scheduling next refresh
01-25 14:47:18.352 24770 24770 V GraphicsEnvironment: ANGLE Developer option for 'com.google.android.googlequicksearchbox' set to: 'default'
01-25 14:47:18.353 24770 24770 V GraphicsEnvironment: ANGLE GameManagerService for com.google.android.googlequicksearchbox: false
01-25 14:47:18.357 24770 24770 D NetworkSecurityConfig: Using Network Security Config from resource network_security_config debugBuild: false
01-25 14:47:18.358 24770 24770 D NetworkSecurityConfig: Using Network Security Config from resource network_security_config debugBuild: false
01-25 14:47:18.368 24385 24690 W aydc    : isAlwaysOnHotwordAvailable but still checking isVoiceEverywhereEnabled
01-25 14:47:18.368 24385 24612 I hfed    : SRMc: Instantiating SodaResourceManagerClient with non-account-scope.
01-25 14:47:18.370 24385 24690 W aydc    : isAlwaysOnHotwordAvailable but still checking isVoiceEverywhereEnabled
01-25 14:47:18.370 24385 24612 I hfed    : SRMc: Instantiating SodaResourceManagerClient with non-account-scope.
01-25 14:47:18.375 24770 24770 I MultiDex: VM with version 2.1.0 has multidex support
01-25 14:47:18.375 24770 24770 I MultiDex: Installing application
01-25 14:47:18.375 24770 24770 I MultiDex: VM has multidex support, MultiDex support library is disabled.
01-25 14:47:18.409 24385 24561 I cdqm    : #migrate(): skip since data is initialized.
01-25 14:47:18.437 22558 24790 W CCTFlatFileLogStore: Excessive logging: 256 events, 870959 bytes from log source ICING last 32s
01-25 14:47:18.440 24385 24401 D CompatibilityChangeReporter: Compat change id reported: 150939131; UID 10112; state: ENABLED
01-25 14:47:18.467  1996  2133 W ActivityManager: Rescheduling restart of crashed service com.qualcomm.atfwd/.AtFwdService in 3541ms for mem-pressure-event
01-25 14:47:18.467  1996  2133 W ActivityManager: Rescheduling restart of crashed service com.google.android.apps.scone/.connectivitymonitor.ConnectivityMonitorService in 23541ms for mem-pressure-event
01-25 14:47:18.467  1996  2133 W ActivityManager: Rescheduling restart of crashed service com.google.android.apps.scone/.coex.StateService in 43541ms for mem-pressure-event
01-25 14:47:18.467  1996  2133 W ActivityManager: Rescheduling restart of crashed service com.google.android.apps.messaging/com.google.android.ims.binding.SystemBindingService in 74750ms for mem-pressure-event
01-25 14:47:18.467  1996  2133 W ActivityManager: Rescheduling restart of crashed service com.google.android.apps.scone/.wifiscorer.WifiScorerService in 94750ms for mem-pressure-event
01-25 14:47:18.467  1996  2133 W ActivityManager: Rescheduling restart of crashed service com.google.android.apps.scone/.modem.ModemService in 114750ms for mem-pressure-event
01-25 14:47:18.467  1996  2133 W ActivityManager: Rescheduling restart of crashed service com.google.android.ims/.services.RcsService in 134750ms for mem-pressure-event
01-25 14:47:18.467  1996  2133 W ActivityManager: Rescheduling restart of crashed service com.google.android.inputmethod.latin/com.android.inputmethod.latin.LatinIME in 154750ms for mem-pressure-event
01-25 14:47:18.467  1996  2133 W ActivityManager: Rescheduling restart of crashed service com.breel.wallpapers19/.doodle.wallpaper.variations.DoodleWallpaperV1 in 174750ms for mem-pressure-event
01-25 14:47:18.467  1996  2133 W ActivityManager: Rescheduling restart of crashed service com.google.android.euicc/com.android.euicc.service.EuiccServiceImpl in 194750ms for mem-pressure-event
01-25 14:47:18.467  1996  2133 W ActivityManager: Rescheduling restart of crashed service com.qualcomm.qcrilmsgtunnel/.QcrilMsgTunnelService in 214750ms for mem-pressure-event
01-25 14:47:18.467  1996  2133 W ActivityManager: Rescheduling restart of crashed service com.google.android.ext.services/android.ext.services.autofill.InlineSuggestionRenderServiceImpl in 234750ms for mem-pressure-event
01-25 14:47:18.467  1996  2133 W ActivityManager: Rescheduling restart of crashed service com.google.android.as/com.google.android.apps.miphone.aiai.common.notification.service.AiAiNotificationAssistantService in 4044178ms for mem-pressure-event
01-25 14:47:18.467  1996  2133 W ActivityManager: Rescheduling restart of crashed service com.google.android.as/com.google.android.apps.miphone.aiai.common.notification.service.AiAiNotificationListenerService in 4524179ms for mem-pressure-event
01-25 14:47:18.467  1996  2133 W ActivityManager: Rescheduling restart of crashed service com.google.android.as/com.google.android.apps.miphone.aiai.textclassifier.service.QAiaiTextClassifierService in 5004179ms for mem-pressure-event
01-25 14:47:18.488 24770 24770 I A       : (REDACTED) Initialized process %s
01-25 14:47:18.519 24770 24770 I fjsg    : Initializing GMS Compliance Client Library...
01-25 14:47:18.519 24770 24770 I fjsg    : Checking for device compliance...
01-25 14:47:18.519 24770 24770 I fjsg    : Feature is disabled!
01-25 14:47:18.521 24770 24770 I fjsg    : Completed library init.
01-25 14:47:18.555 24770 24770 I AmbBrdcstRcvrServClient: constructed!
01-25 14:47:18.568 24385 24385 I hfxc    : Constructor was called
01-25 14:47:18.570 24385 24690 W TimedProcessReaper: Scheduling killing of process to refresh configuration
01-25 14:47:18.578 24385 24562 W gylv    : Couldn't calculate ClientInstanceId, no account name
01-25 14:47:18.578 24385 24385 I dtrc    : No savedInstanceState.
01-25 14:47:18.578 24385 24385 I dtrc    : makeRequest: subscribing to new source
01-25 14:47:18.583 24385 24385 I hfxc    : OnCreate Was Called
01-25 14:47:18.589 24385 24555 W TimedProcessReaper: Scheduling killing of process to refresh configuration
01-25 14:47:18.604 22558 23931 E cozx    : Phenotype API error. Event: # fbun@1e62492a, EventCode: COMMIT_CONFIG [CONTEXT service_id=51 ]
01-25 14:47:18.604 22558 23931 E cozx    : coye: 29501: Stale snapshot for com.google.android.libraries.search.rendering.xuikit.device#com.google.android.googlequicksearchbox(change count changed - expected 101  but was 100)
01-25 14:47:18.604 22558 23931 E cozx    : 	at cpac.b(:com.google.android.gms@240314038@24.03.14 (190400-599341201):1555)
01-25 14:47:18.604 22558 23931 E cozx    : 	at cpab.h(:com.google.android.gms@240314038@24.03.14 (190400-599341201):3)
01-25 14:47:18.604 22558 23931 E cozx    : 	at cozx.g(:com.google.android.gms@240314038@24.03.14 (190400-599341201):18)
01-25 14:47:18.604 22558 23931 E cozx    : 	at cozx.f(:com.google.android.gms@240314038@24.03.14 (190400-599341201):11)
01-25 14:47:18.604 22558 23931 E cozx    : 	at bhwt.fi(:com.google.android.gms@240314038@24.03.14 (190400-599341201):1)
01-25 14:47:18.604 22558 23931 E cozx    : 	at bhxc.run(:com.google.android.gms@240314038@24.03.14 (190400-599341201):100)
01-25 14:47:18.604 22558 23931 E cozx    : 	at ebec.run(:com.google.android.gms@240314038@24.03.14 (190400-599341201):21)
01-25 14:47:18.604 22558 23931 E cozx    : 	at akft.c(:com.google.android.gms@240314038@24.03.14 (190400-599341201):50)
01-25 14:47:18.604 22558 23931 E cozx    : 	at akft.run(:com.google.android.gms@240314038@24.03.14 (190400-599341201):97)
01-25 14:47:18.604 22558 23931 E cozx    : 	at java.util.concurrent.ThreadPoolExecutor.runWorker(ThreadPoolExecutor.java:1145)
01-25 14:47:18.604 22558 23931 E cozx    : 	at java.util.concurrent.ThreadPoolExecutor$Worker.run(ThreadPoolExecutor.java:644)
01-25 14:47:18.604 22558 23931 E cozx    : 	at aklf.run(:com.google.android.gms@240314038@24.03.14 (190400-599341201):8)
01-25 14:47:18.604 22558 23931 E cozx    : 	at java.lang.Thread.run(Thread.java:1012)
01-25 14:47:18.605 22558 23931 W AsyncOperation: operation=CommitToConfigurationOperationCall, opStatusCode=29501 [CONTEXT service_id=51 ]
01-25 14:47:18.605 22558 23931 W AsyncOperation: OperationException[Status{statusCode=Stale snapshot for com.google.android.libraries.search.rendering.xuikit.device#com.google.android.googlequicksearchbox(change count changed - expected 101  but was 100), resolution=null}]
01-25 14:47:18.605 22558 23931 W AsyncOperation: 	at cozx.g(:com.google.android.gms@240314038@24.03.14 (190400-599341201):48)
01-25 14:47:18.605 22558 23931 W AsyncOperation: 	at cozx.f(:com.google.android.gms@240314038@24.03.14 (190400-599341201):11)
01-25 14:47:18.605 22558 23931 W AsyncOperation: 	at bhwt.fi(:com.google.android.gms@240314038@24.03.14 (190400-599341201):1)
01-25 14:47:18.605 22558 23931 W AsyncOperation: 	at bhxc.run(:com.google.android.gms@240314038@24.03.14 (190400-599341201):100)
01-25 14:47:18.605 22558 23931 W AsyncOperation: 	at ebec.run(:com.google.android.gms@240314038@24.03.14 (190400-599341201):21)
01-25 14:47:18.605 22558 23931 W AsyncOperation: 	at akft.c(:com.google.android.gms@240314038@24.03.14 (190400-599341201):50)
01-25 14:47:18.605 22558 23931 W AsyncOperation: 	at akft.run(:com.google.android.gms@240314038@24.03.14 (190400-599341201):97)
01-25 14:47:18.605 22558 23931 W AsyncOperation: 	at java.util.concurrent.ThreadPoolExecutor.runWorker(ThreadPoolExecutor.java:1145)
01-25 14:47:18.605 22558 23931 W AsyncOperation: 	at java.util.concurrent.ThreadPoolExecutor$Worker.run(ThreadPoolExecutor.java:644)
01-25 14:47:18.605 22558 23931 W AsyncOperation: 	at aklf.run(:com.google.android.gms@240314038@24.03.14 (190400-599341201):8)
01-25 14:47:18.605 22558 23931 W AsyncOperation: 	at java.lang.Thread.run(Thread.java:1012)
01-25 14:47:18.608 24385 24555 W MobStoreFlagStore: Failed to commit due to stale snapshot for com.google.android.libraries.search.rendering.xuikit.device#com.google.android.googlequicksearchbox, triggering flag update. Experiments may be delayed til next app start.
01-25 14:47:18.611 24385 24385 I PromoManagerDataService: PromoManagerDataServiceImpl.getMinusOnePromotion
01-25 14:47:18.629 24385 24690 W TimedProcessReaper: Scheduling killing of process to refresh configuration
01-25 14:47:18.663 24770 24798 I hbox:interactor: Method exceeds compiler instruction limit: 22258 in java.lang.Object xem.l()
01-25 14:47:18.670 24770 24834 I gwsu    : #audio# ensure BT-components initialized
01-25 14:47:18.671 24770 24770 I glnd    : (REDACTED) Registered VIS lifecycle listeners: %s.
01-25 14:47:18.674 24770 24770 I glnd    : (REDACTED) #onReady(%s)
01-25 14:47:18.675 24770 24770 I glnd    : (REDACTED) Running action(%s) over listeners(%s).
01-25 14:47:18.676 24770 24770 I ajwy    : VIS ready, registering Bisto hotword listener.
01-25 14:47:18.676 24770 24770 I glnd    : (REDACTED) Done action(%s) over listeners(%s).
01-25 14:47:18.676 24770 24829 I gpag    : Creating hotword frontend.
01-25 14:47:18.678 24770 24829 D CompatibilityChangeReporter: Compat change id reported: 183155436; UID 10112; state: ENABLED
01-25 14:47:18.679 24770 24770 I GsaVoiceInteractionSrv: Registering passthrough
01-25 14:47:18.683 24770 24826 I gfut    : (REDACTED) [%s] On data flow initialize.
01-25 14:47:18.685 24770 24824 I gozn    : (REDACTED) %s flow started.
01-25 14:47:18.685 24770 24829 I gpdb    : (REDACTED) %s flow started.
01-25 14:47:18.686 24770 24830 I AmbBrdcstRcvrServClient: connecting to AmbBroadcastReceiver
01-25 14:47:18.687 24770 24829 I gfut    : (REDACTED) [%s] On data flow initialize.
01-25 14:47:18.687 24770 24829 I gmoc    : (REDACTED) Registering a listener (%s) for type %s.
01-25 14:47:18.690 24770 24827 I balv    : (REDACTED) getHotwordActive::active query: %s, watch: %s, devices connected: %s
01-25 14:47:18.690 24770 24827 I balv    : (REDACTED) getHotwordActive::active query: %s, watch: %s, devices connected: %s
01-25 14:47:18.691 24770 24827 I balv    : (REDACTED) getHotwordActive::active query: %s, watch: %s, devices connected: %s
01-25 14:47:18.691 24770 24827 I ajyl    : (REDACTED) On legacy external hotword status change: %s.
01-25 14:47:18.698 22558 22758 E cozx    : Phenotype API error. Event: # fbun@de165bf4, EventCode: COMMIT_CONFIG [CONTEXT service_id=51 ]
01-25 14:47:18.698 22558 22758 E cozx    : coye: 29501: Stale snapshot for com.google.android.libraries.performance.primes#com.google.android.googlequicksearchbox(change count changed - expected 73  but was 71)
01-25 14:47:18.698 22558 22758 E cozx    : 	at cpac.b(:com.google.android.gms@240314038@24.03.14 (190400-599341201):1555)
01-25 14:47:18.698 22558 22758 E cozx    : 	at cpab.h(:com.google.android.gms@240314038@24.03.14 (190400-599341201):3)
01-25 14:47:18.698 22558 22758 E cozx    : 	at cozx.g(:com.google.android.gms@240314038@24.03.14 (190400-599341201):18)
01-25 14:47:18.698 22558 22758 E cozx    : 	at cozx.f(:com.google.android.gms@240314038@24.03.14 (190400-599341201):11)
01-25 14:47:18.698 22558 22758 E cozx    : 	at bhwt.fi(:com.google.android.gms@240314038@24.03.14 (190400-599341201):1)
01-25 14:47:18.698 22558 22758 E cozx    : 	at bhxc.run(:com.google.android.gms@240314038@24.03.14 (190400-599341201):100)
01-25 14:47:18.698 22558 22758 E cozx    : 	at ebec.run(:com.google.android.gms@240314038@24.03.14 (190400-599341201):21)
01-25 14:47:18.698 22558 22758 E cozx    : 	at akft.c(:com.google.android.gms@240314038@24.03.14 (190400-599341201):50)
01-25 14:47:18.698 22558 22758 E cozx    : 	at akft.run(:com.google.android.gms@240314038@24.03.14 (190400-599341201):76)
01-25 14:47:18.698 22558 22758 E cozx    : 	at java.util.concurrent.ThreadPoolExecutor.runWorker(ThreadPoolExecutor.java:1145)
01-25 14:47:18.698 22558 22758 E cozx    : 	at java.util.concurrent.ThreadPoolExecutor$Worker.run(ThreadPoolExecutor.java:644)
01-25 14:47:18.698 22558 22758 E cozx    : 	at aklf.run(:com.google.android.gms@240314038@24.03.14 (190400-599341201):8)
01-25 14:47:18.698 22558 22758 E cozx    : 	at java.lang.Thread.run(Thread.java:1012)
01-25 14:47:18.698 22558 22758 W AsyncOperation: operation=CommitToConfigurationOperationCall, opStatusCode=29501 [CONTEXT service_id=51 ]
01-25 14:47:18.698 22558 22758 W AsyncOperation: OperationException[Status{statusCode=Stale snapshot for com.google.android.libraries.performance.primes#com.google.android.googlequicksearchbox(change count changed - expected 73  but was 71), resolution=null}]
01-25 14:47:18.698 22558 22758 W AsyncOperation: 	at cozx.g(:com.google.android.gms@240314038@24.03.14 (190400-599341201):48)
01-25 14:47:18.698 22558 22758 W AsyncOperation: 	at cozx.f(:com.google.android.gms@240314038@24.03.14 (190400-599341201):11)
01-25 14:47:18.698 22558 22758 W AsyncOperation: 	at bhwt.fi(:com.google.android.gms@240314038@24.03.14 (190400-599341201):1)
01-25 14:47:18.698 22558 22758 W AsyncOperation: 	at bhxc.run(:com.google.android.gms@240314038@24.03.14 (190400-599341201):100)
01-25 14:47:18.698 22558 22758 W AsyncOperation: 	at ebec.run(:com.google.android.gms@240314038@24.03.14 (190400-599341201):21)
01-25 14:47:18.698 22558 22758 W AsyncOperation: 	at akft.c(:com.google.android.gms@240314038@24.03.14 (190400-599341201):50)
01-25 14:47:18.698 22558 22758 W AsyncOperation: 	at akft.run(:com.google.android.gms@240314038@24.03.14 (190400-599341201):76)
01-25 14:47:18.698 22558 22758 W AsyncOperation: 	at java.util.concurrent.ThreadPoolExecutor.runWorker(ThreadPoolExecutor.java:1145)
01-25 14:47:18.698 22558 22758 W AsyncOperation: 	at java.util.concurrent.ThreadPoolExecutor$Worker.run(ThreadPoolExecutor.java:644)
01-25 14:47:18.698 22558 22758 W AsyncOperation: 	at aklf.run(:com.google.android.gms@240314038@24.03.14 (190400-599341201):8)
01-25 14:47:18.698 22558 22758 W AsyncOperation: 	at java.lang.Thread.run(Thread.java:1012)
01-25 14:47:18.700 24770 24821 W MobStoreFlagStore: Failed to commit due to stale snapshot for com.google.android.libraries.performance.primes#com.google.android.googlequicksearchbox, triggering flag update. Experiments may be delayed til next app start.
01-25 14:47:18.702 24770 24833 I gono    : (REDACTED) Sources to await state propagation: %s.
01-25 14:47:18.704 24770 24830 I AmbBrdcstRcvrServClient: (REDACTED) enable ambient assistant: %b, isWidgetInstalled: %b, BlueChipSmartspaceEnabled: %b
01-25 14:47:18.705 24770 24830 I AmbBrdcstRcvrServClient: connect(): listening to headphone on broadcast.
01-25 14:47:18.706 24770 24830 I AmbBrdcstRcvrServClient: (REDACTED) mapping trigger monitor: %s
01-25 14:47:18.706 24770 24830 I AmbBrdcstRcvrServClient: (REDACTED) created monitors of size %d
01-25 14:47:18.707 24770 24830 I AmbBrdcstRcvrServClient: (REDACTED) connect(): setting up trigger sources of size: %d
01-25 14:47:18.708 24770 24830 I AmbBrdcstRcvrServClient: (REDACTED) starting trigger monitor: %s
01-25 14:47:18.709 24770 24831 I A       : HeadsetState: startMonitoring
01-25 14:47:18.709 24770 24831 I A       : (REDACTED) %s(%s): shouldRegister: %b
01-25 14:47:18.709 24770 24831 I A       : HeadsetState: Registering headset listener.
01-25 14:47:18.710 24770 24833 I BrdcstRcvrMsgr: (REDACTED) sendMessage(): received broadcast id:%d with action:%s
01-25 14:47:18.717 24770 24829 I gfut    : (REDACTED) [%s] On new data value: %s.
01-25 14:47:18.717 24770 24832 I gomt    : (REDACTED) %s flow started.
01-25 14:47:18.719 24770 24830 I gomt    : Preferred client mapping subscription started.
01-25 14:47:18.720 24770 24829 I gomi    : (REDACTED) %s flow started.
01-25 14:47:18.720 24770 24830 I gomi    : (REDACTED) Client connections changed: %s.
01-25 14:47:18.721 24770 24829 I gonx    : (REDACTED) Enabled invocation sources: %s.
01-25 14:47:18.722 24770 24831 I A       : HeadsetState: Registered headset listener.
01-25 14:47:18.722 24770 24829 I gomi    : (REDACTED) Invocations routing has changed
01-25 14:47:18.722 24770 24829 I gomi    : %s
01-25 14:47:18.722 24770 24831 I A       : HeadsetState: First trigger, start trigger through profile intents.
01-25 14:47:18.743 24770 24831 I headsetCtxPrv: wired -- returning false
01-25 14:47:18.753 22324 22324 D BoundBrokerSvc: onBind: Intent { act=com.google.android.gms.credential.manager.service.firstparty.START dat=chimera-action:/... cmp=com.google.android.gms/.chimera.GmsApiService }
01-25 14:47:18.753 22324 22324 D BoundBrokerSvc: Loading bound service for intent: Intent { act=com.google.android.gms.credential.manager.service.firstparty.START dat=chimera-action:/... cmp=com.google.android.gms/.chimera.GmsApiService }
01-25 14:47:18.754 24770 24831 I headsetCtxPrv: (REDACTED) is headset profile connected? %s check_enabled? %b
01-25 14:47:18.756 24770 24831 I headsetCtxPrv: (REDACTED) is a2dp profile connected? %s
01-25 14:47:18.756 24770 24831 I headsetCtxPrv: (REDACTED) getBluetoothHeadsetState(): profiles connected: headset:%b a2dp:%b
01-25 14:47:18.757 24770 24831 D BluetoothA2dp: Binding service...
01-25 14:47:18.761 24770 24770 D BluetoothA2dp: Proxy object connected
01-25 14:47:18.763 24770 24831 I headsetCtxPrv: (REDACTED) Attempt to connect to profile proxy was successful? %s
01-25 14:47:18.763 22558 24788 W CCTFlatFileLogStore: Excessive logging: 32 events, 108817 bytes from log source ICING last 0s
01-25 14:47:18.764 24770 24829 I headsetCtxPrv: getBluetoothHeadsetState(): device fetch done
01-25 14:47:18.764 24770 24770 D BluetoothA2dp: Unbinding service...
01-25 14:47:18.766 24770 24829 W headsetCtxPrv: getStateFromBluetoothDevices(): no connected devices.
01-25 14:47:18.768 24770 24770 I headsetCtxPrv: (REDACTED) getDevicesForProfile(): for profile %d, returning: [%s]
01-25 14:47:18.769 22324 22324 D BoundBrokerSvc: onBind: Intent { act=com.google.android.gms.inappreach.service.START dat=chimera-action:/... cmp=com.google.android.gms/.chimera.GmsApiService }
01-25 14:47:18.769 22324 22324 D BoundBrokerSvc: Loading bound service for intent: Intent { act=com.google.android.gms.inappreach.service.START dat=chimera-action:/... cmp=com.google.android.gms/.chimera.GmsApiService }
01-25 14:47:18.769 24770 24829 I A       : Returning HeadsetState for first trigger
01-25 14:47:18.771 24770 24829 I AmbBrdcstRcvrServClient: (REDACTED) onTrigger(): %s
01-25 14:47:18.777 24770 24834 I BrdcstRcvrMsgr: (REDACTED) sendMessage(): received broadcast id:%d with action:%s
01-25 14:47:18.793 24770 24806 D BluetoothHeadset: Proxy object connected
01-25 14:47:18.794 24770 24831 I gwsu    : #audio# BT-headset-profile connected
01-25 14:47:18.795 24770 24831 I gwsu    : (REDACTED) #audio# observed BT-devices connection changes, # of available devices(%s)
01-25 14:47:18.825 22558 23931 E cozx    : Phenotype API error. Event: # fbun@4fd22628, EventCode: COMMIT_CONFIG [CONTEXT service_id=51 ]
01-25 14:47:18.825 22558 23931 E cozx    : coye: 29501: Stale snapshot for googledata.experiments.mobile.assistant.client_packages.component.soda_hotword.device#com.google.android.googlequicksearchbox(change count changed - expected 12  but was 11)
01-25 14:47:18.825 22558 23931 E cozx    : 	at cpac.b(:com.google.android.gms@240314038@24.03.14 (190400-599341201):1555)
01-25 14:47:18.825 22558 23931 E cozx    : 	at cpab.h(:com.google.android.gms@240314038@24.03.14 (190400-599341201):3)
01-25 14:47:18.825 22558 23931 E cozx    : 	at cozx.g(:com.google.android.gms@240314038@24.03.14 (190400-599341201):18)
01-25 14:47:18.825 22558 23931 E cozx    : 	at cozx.f(:com.google.android.gms@240314038@24.03.14 (190400-599341201):11)
01-25 14:47:18.825 22558 23931 E cozx    : 	at bhwt.fi(:com.google.android.gms@240314038@24.03.14 (190400-599341201):1)
01-25 14:47:18.825 22558 23931 E cozx    : 	at bhxc.run(:com.google.android.gms@240314038@24.03.14 (190400-599341201):100)
01-25 14:47:18.825 22558 23931 E cozx    : 	at ebec.run(:com.google.android.gms@240314038@24.03.14 (190400-599341201):21)
01-25 14:47:18.825 22558 23931 E cozx    : 	at akft.c(:com.google.android.gms@240314038@24.03.14 (190400-599341201):50)
01-25 14:47:18.825 22558 23931 E cozx    : 	at akft.run(:com.google.android.gms@240314038@24.03.14 (190400-599341201):97)
01-25 14:47:18.825 22558 23931 E cozx    : 	at java.util.concurrent.ThreadPoolExecutor.runWorker(ThreadPoolExecutor.java:1145)
01-25 14:47:18.825 22558 23931 E cozx    : 	at java.util.concurrent.ThreadPoolExecutor$Worker.run(ThreadPoolExecutor.java:644)
01-25 14:47:18.825 22558 23931 E cozx    : 	at aklf.run(:com.google.android.gms@240314038@24.03.14 (190400-599341201):8)
01-25 14:47:18.825 22558 23931 E cozx    : 	at java.lang.Thread.run(Thread.java:1012)
01-25 14:47:18.827 22558 23931 W AsyncOperation: operation=CommitToConfigurationOperationCall, opStatusCode=29501 [CONTEXT service_id=51 ]
01-25 14:47:18.827 22558 23931 W AsyncOperation: OperationException[Status{statusCode=Stale snapshot for googledata.experiments.mobile.assistant.client_packages.component.soda_hotword.device#com.google.android.googlequicksearchbox(change count changed - expected 12  but was 11), resolution=null}]
01-25 14:47:18.827 22558 23931 W AsyncOperation: 	at cozx.g(:com.google.android.gms@240314038@24.03.14 (190400-599341201):48)
01-25 14:47:18.827 22558 23931 W AsyncOperation: 	at cozx.f(:com.google.android.gms@240314038@24.03.14 (190400-599341201):11)
01-25 14:47:18.827 22558 23931 W AsyncOperation: 	at bhwt.fi(:com.google.android.gms@240314038@24.03.14 (190400-599341201):1)
01-25 14:47:18.827 22558 23931 W AsyncOperation: 	at bhxc.run(:com.google.android.gms@240314038@24.03.14 (190400-599341201):100)
01-25 14:47:18.827 22558 23931 W AsyncOperation: 	at ebec.run(:com.google.android.gms@240314038@24.03.14 (190400-599341201):21)
01-25 14:47:18.827 22558 23931 W AsyncOperation: 	at akft.c(:com.google.android.gms@240314038@24.03.14 (190400-599341201):50)
01-25 14:47:18.827 22558 23931 W AsyncOperation: 	at akft.run(:com.google.android.gms@240314038@24.03.14 (190400-599341201):97)
01-25 14:47:18.827 22558 23931 W AsyncOperation: 	at java.util.concurrent.ThreadPoolExecutor.runWorker(ThreadPoolExecutor.java:1145)
01-25 14:47:18.827 22558 23931 W AsyncOperation: 	at java.util.concurrent.ThreadPoolExecutor$Worker.run(ThreadPoolExecutor.java:644)
01-25 14:47:18.827 22558 23931 W AsyncOperation: 	at aklf.run(:com.google.android.gms@240314038@24.03.14 (190400-599341201):8)
01-25 14:47:18.827 22558 23931 W AsyncOperation: 	at java.lang.Thread.run(Thread.java:1012)
01-25 14:47:18.833  1996  2189 W PackageManager: Not removing package com.google.android.trichromelibrary hosting lib com.google.android.trichromelibrary version 616707142 used by [VersionedPackage[com.google.android.webview/616707142]] for user 0
01-25 14:47:18.838 24385 24385 I dnim    : Account disc initialised
01-25 14:47:18.839 24385 24385 I PromoManagerDataService: PromoManagerDataServiceImpl.getAccountMenuPromotion
01-25 14:47:18.867 24770 24820 I gfyy    : Scheduling killing of process to refresh configuration
01-25 14:47:18.888 24385 24671 I dtzb    : (REDACTED) #enqueuePeriodicJob: running = %b
01-25 14:47:18.892 24385 24580 I dtya    : (REDACTED) #scheduledConfig, timestampCreated %s, scheduledOffset %s
01-25 14:47:18.894 22558 24788 W CCTFlatFileLogStore: Excessive logging: 64 events, 217719 bytes from log source ICING last 0s
01-25 14:47:18.917 24385 24675 I dtlr    : (REDACTED) loading data on surface %s.
01-25 14:47:18.937 24385 24669 W hbiu    : SRS disk cache is not enabled
01-25 14:47:18.941 24385 24385 I Choreographer: Skipped 270 frames!  The application may be doing too much work on its main thread.
01-25 14:47:18.941 24385 24385 I ftia    : (REDACTED) onViewAttachedToWindow self=%s, view=%s
01-25 14:47:18.943  1372  2844 D BufferPoolAccessor2.0: bufferpool2 0xe87c2c08 : 0(0 size) total buffers - 0(0 size) used buffers - 68/75 (recycle/alloc) - 6/71 (fetch/transfer)
01-25 14:47:18.943  1372  2844 D BufferPoolAccessor2.0: evictor expired: 3, evicted: 1
01-25 14:47:18.948 24385 24385 I ftia    : (REDACTED) onViewAttachedToWindow self=%s, view=%s
01-25 14:47:18.948 24385 24385 I ftia    : (REDACTED) onViewAttachedToWindow self=%s, view=%s
01-25 14:47:18.948 24385 24385 I ftia    : (REDACTED) onViewAttachedToWindow self=%s, view=%s
01-25 14:47:18.948 24385 24385 I ftia    : (REDACTED) onViewAttachedToWindow self=%s, view=%s
01-25 14:47:18.948 24385 24385 I ftia    : (REDACTED) onViewAttachedToWindow self=%s, view=%s
01-25 14:47:18.948 24385 24385 I ftia    : (REDACTED) onViewAttachedToWindow self=%s, view=%s
01-25 14:47:18.948 24385 24385 I ftia    : (REDACTED) onViewAttachedToWindow self=%s, view=%s
01-25 14:47:18.948 24385 24385 I ftia    : (REDACTED) onViewAttachedToWindow self=%s, view=%s
01-25 14:47:18.948 24385 24385 I ftia    : (REDACTED) onViewAttachedToWindow self=%s, view=%s
01-25 14:47:18.949 24385 24385 I ftia    : (REDACTED) setIsolated %s
01-25 14:47:18.949 24385 24385 I ftia    : (REDACTED) onViewAttachedToWindow self=%s, view=%s
01-25 14:47:18.949 24385 24385 I ftia    : (REDACTED) onViewAttachedToWindow self=%s, view=%s
01-25 14:47:18.949 24385 24385 I ftia    : (REDACTED) onViewAttachedToWindow self=%s, view=%s
01-25 14:47:18.949 24385 24385 I ftia    : (REDACTED) onViewAttachedToWindow self=%s, view=%s
01-25 14:47:18.949 24385 24385 I ftia    : (REDACTED) onViewAttachedToWindow self=%s, view=%s
01-25 14:47:18.949 24385 24385 I ftia    : (REDACTED) onViewAttachedToWindow self=%s, view=%s
01-25 14:47:18.949 24385 24385 I ftia    : (REDACTED) onViewAttachedToWindow self=%s, view=%s
01-25 14:47:18.949 24385 24385 I ftia    : (REDACTED) onViewAttachedToWindow self=%s, view=%s
01-25 14:47:18.950 24385 24385 I ftia    : (REDACTED) onViewAttachedToWindow self=%s, view=%s
01-25 14:47:18.950 24385 24385 I ftia    : (REDACTED) onViewAttachedToWindow self=%s, view=%s
01-25 14:47:18.950 24385 24385 I ftia    : (REDACTED) onViewAttachedToWindow self=%s, view=%s
01-25 14:47:18.950 24385 24385 I ftia    : (REDACTED) onViewAttachedToWindow self=%s, view=%s
01-25 14:47:18.950 24385 24385 I ftia    : (REDACTED) onViewAttachedToWindow self=%s, view=%s
01-25 14:47:18.950 24385 24385 I ftia    : (REDACTED) onViewAttachedToWindow self=%s, view=%s
01-25 14:47:18.950 24385 24385 I ftia    : (REDACTED) onViewAttachedToWindow self=%s, view=%s
01-25 14:47:18.950 24385 24385 I ftia    : (REDACTED) onViewAttachedToWindow self=%s, view=%s
01-25 14:47:18.950 24385 24385 I ftia    : (REDACTED) onViewAttachedToWindow self=%s, view=%s
01-25 14:47:18.950 24385 24385 I ftia    : (REDACTED) onViewAttachedToWindow self=%s, view=%s
01-25 14:47:18.959 24385 24561 W capb    : (REDACTED) Config group is not stored for group %s
01-25 14:47:18.962 24385 24385 I dvdj    : (REDACTED) onApplyWindowInsets: systemWindowInsets=%s
01-25 14:47:18.963 24385 24385 I dvdj    : (REDACTED) onApplyWindowInsets: systemWindowInsets=%s
01-25 14:47:18.970 24344 24344 D b/223498680: Workspace onOverlayScrollChanged DragLayer ALPHA_INDEX_OVERLAY=1.0
01-25 14:47:18.987 24385 24560 W capb    : (REDACTED) Config group is not stored for group %s
01-25 14:47:18.990 24385 24564 W capb    : (REDACTED) Config group is not stored for group %s
01-25 14:47:18.993 24385 24561 W capb    : (REDACTED) Config group is not stored for group %s
01-25 14:47:19.006 24385 24564 W capb    : (REDACTED) Config group is not stored for group %s
01-25 14:47:19.013 24385 24641 I AdrenoGLES-0: QUALCOMM build                   : 85da404, I46ff5fc46f
01-25 14:47:19.013 24385 24641 I AdrenoGLES-0: Build Date                       : 11/30/20
01-25 14:47:19.013 24385 24641 I AdrenoGLES-0: OpenGL ES Shader Compiler Version: EV031.31.04.01
01-25 14:47:19.013 24385 24641 I AdrenoGLES-0: Local Branch                     : promo490_3_Google
01-25 14:47:19.013 24385 24641 I AdrenoGLES-0: Remote Branch                    : 
01-25 14:47:19.013 24385 24641 I AdrenoGLES-0: Remote Branch                    : 
01-25 14:47:19.013 24385 24641 I AdrenoGLES-0: Reconstruct Branch               : 
01-25 14:47:19.013 24385 24641 I AdrenoGLES-0: Build Config                     : S P 10.0.4 AArch64
01-25 14:47:19.013 24385 24641 I AdrenoGLES-0: Driver Path                      : /vendor/lib64/egl/libGLESv2_adreno.so
01-25 14:47:19.014 24385 24564 W capb    : (REDACTED) Config group is not stored for group %s
01-25 14:47:19.022 24385 24560 W capb    : (REDACTED) Config group is not stored for group %s
01-25 14:47:19.028 24385 24560 W capb    : (REDACTED) Config group is not stored for group %s
01-25 14:47:19.029 24385 24562 W capb    : (REDACTED) Config group is not stored for group %s
01-25 14:47:19.031 24385 24564 W capb    : (REDACTED) Config group is not stored for group %s
01-25 14:47:19.056 24385 24641 I AdrenoGLES-0: PFP: 0x016ee190, ME: 0x00000000
01-25 14:47:19.104   712   773 W HWComposer: Ignoring duplicate VSYNC event from HWC for display 4630946523002478721 (t=138004011964000)
01-25 14:47:19.115   712   773 W HWComposer: Ignoring duplicate VSYNC event from HWC for display 4630946523002478721 (t=138004023080000)
01-25 14:47:19.118 24385 24676 I bgtt    : (REDACTED) Flag controlled groups: %s
01-25 14:47:19.118 24385 24676 I bgtt    : (REDACTED) Required groups: %s
01-25 14:47:19.126   712   773 W HWComposer: Ignoring duplicate VSYNC event from HWC for display 4630946523002478721 (t=138004034203000)
01-25 14:47:19.134 24385 24641 W AdrenoUtils: <ReadGpuID_from_sysfs:197>: Failed to open /sys/class/kgsl/kgsl-3d0/gpu_model
01-25 14:47:19.134 24385 24641 W AdrenoUtils: <ReadGpuID:221>: Failed to read chip ID from gpu_model. Fallback to use the GSL path
01-25 14:47:19.137   712   773 W HWComposer: Ignoring duplicate VSYNC event from HWC for display 4630946523002478721 (t=138004045325000)
01-25 14:47:19.148   712   773 W HWComposer: Ignoring duplicate VSYNC event from HWC for display 4630946523002478721 (t=138004056438000)
01-25 14:47:19.149   712   773 W HWComposer: Ignoring duplicate VSYNC event from HWC for display 4630946523002478721 (t=138004056438000)
01-25 14:47:19.160   712   773 W HWComposer: Ignoring duplicate VSYNC event from HWC for display 4630946523002478721 (t=138004067559000)
01-25 14:47:19.172  1996  2116 I DisplayDeviceRepository: Display device changed: DisplayDeviceInfo{"Built-in Screen": uniqueId="local:4630946523002478721", 1440 x 3040, modeId 1, defaultModeId 1, supportedModes [{id=1, width=1440, height=3040, fps=60.000004, alternativeRefreshRates=[90.0]}, {id=2, width=1440, height=3040, fps=90.0, alternativeRefreshRates=[60.000004]}], colorMode 0, supportedColorModes [0, 7, 9], hdrCapabilities HdrCapabilities{mSupportedHdrTypes=[2, 3], mMaxLuminance=500.0, mMaxAverageLuminance=500.0, mMinLuminance=0.0}, allmSupported false, gameContentTypeSupported false, density 560, 537.882 x 539.972 dpi, appVsyncOff 2333332, presDeadline 11500000, touch INTERNAL, rotation 0, type INTERNAL, address {port=129, model=0x40446d53ad64a0}, deviceProductInfo DeviceProductInfo{name=, manufacturerPnpId=QCM, productId=1, modelYear=null, manufactureDate=ManufactureDate{week=27, year=2006}, connectionToSinkType=0}, state ON, frameRateOverride , brightnessMinimum 0.0, brightnessMaximum 1.0, brightnessDefault 0.38188976, roundedCorners RoundedCorners{[RoundedCorner{position=TopLeft, radius=157, center=Point(157, 157)}, RoundedCorner{position=TopRight, radius=157, center=Point(1283, 157)}, RoundedCorner{position=BottomRight, radius=157, center=Point(1283, 2883)}, RoundedCorner{position=BottomLeft, radius=157, center=Point(157, 2883)}]}, FLAG_ALLOWED_TO_BE_DEFAULT_DISPLAY, FLAG_ROTATES_WITH_CONTENT, FLAG_SECURE, FLAG_SUPPORTS_PROTECTED_BUFFERS, installOrientation 0}
01-25 14:47:19.195 26523 26654 W studio.screen.sharing: Display 0: AMediaCodec_dequeueOutputBuffer returned -10000
01-25 14:47:19.199   712   773 W HWComposer: Ignoring duplicate VSYNC event from HWC for display 4630946523002478721 (t=138004078684000)
01-25 14:47:19.203  1372 24438 I QC2V4l2Driver: [vp8E_5703] Closed device driver with fd: 7
01-25 14:47:19.209  1372 24438 I QC2Comp : NOTE: handleReleaseCodec returning: 0 (OK=0)
01-25 14:47:19.209  1372  2854 I QC2Comp : NOTE: Release returning: 0 (OK=0)
01-25 14:47:19.209 26523 24437 I hw-BpHwBinder: onLastStrongRef automatically unlinking death recipients
01-25 14:47:19.209  1372  2854 I hw-BpHwBinder: onLastStrongRef automatically unlinking death recipients
01-25 14:47:19.209  1372  2854 I QC2CompStore: Deleting component(c2.qti.vp8.encoder) id(5703)
01-25 14:47:19.210  1372  2854 I QC2Comp : [vp8E_5703] Deallocated component c2.qti.vp8.encoder [id=5703]
01-25 14:47:19.210 24385 24669 I dubf    : (REDACTED) Created StreamSubTree successfully, items %s
01-25 14:47:19.211 24385 24669 I dtlr    : (REDACTED) RenderableStreamDataSource#loadData - sessionStatus(%s)
01-25 14:47:19.217 24385 24562 I fjls    : (REDACTED) Setting isLegacySQLite mode to %s.
01-25 14:47:19.221   714   764 I SDM     : HWCDisplay::GetColorModeCount: Supported color mode count = 3
01-25 14:47:19.223   712   773 W HWComposer: Ignoring duplicate VSYNC event from HWC for display 4630946523002478721 (t=138004123162000)
01-25 14:47:19.223  1372  2854 I ECOSession: ECOSession destroyed with w: 824, h: 1740, isCameraRecording: 1
01-25 14:47:19.229 24385 24560 I fjls    : (REDACTED) Setting isLegacySQLite mode to %s.
01-25 14:47:19.232   712   773 W HWComposer: Ignoring duplicate VSYNC event from HWC for display 4630946523002478721 (t=138004139879000)
01-25 14:47:19.249   712   773 W HWComposer: Ignoring duplicate VSYNC event from HWC for display 4630946523002478721 (t=138004156514000)
01-25 14:47:19.253   654   654 I servicemanager: Could not find android.hardware.graphics.allocator.IAllocator/default in the VINTF manifest.
01-25 14:47:19.261 26523 24841 D CCodec  : allocate(c2.qti.vp8.encoder)
01-25 14:47:19.265 26523 24841 I CCodec  : setting up 'default' as default (vendor) store
01-25 14:47:19.265   712   773 W HWComposer: Ignoring duplicate VSYNC event from HWC for display 4630946523002478721 (t=138004173218000)
