--------- beginning of main
01-25 14:47:14.627 24344 24344 D b/211775278: displayId: local:4630946523002478721, currentSize: Point(1440, 3040)
01-25 14:47:14.627 24344 24344 D b/211775278: perDisplayBounds: {local:4630946523002478721=Pair{CachedDisplayInfo{id='local:4630946523002478721', size=Point(1440, 3040), rotation=0, cutout=Rect(0, 0 - 0, 0)} [Lcom.android.launcher3.util.WindowBounds;@1d2e200}}
01-25 14:47:14.629  1996  5152 E system_server: Unable to access: /sys/kernel/dmabuf/buffers: No such file or directory
01-25 14:47:14.634 11959 11959 I Choreographer: Skipped 54 frames!  The application may be doing too much work on its main thread.
01-25 14:47:14.643  1324  2548 E native  : frame_series.h:63 No valid frame assigned. Do nothing.
01-25 14:47:14.643  1324  2548 E native  : frame_series.h:63 No valid frame assigned. Do nothing.
01-25 14:47:14.645   712   712 E BpTransactionCompletedListener: Failed to transact (-32)
01-25 14:47:14.647 26523 24364 D CCodec  : ISConfig not changed
01-25 14:47:14.651 26523 24364 D CCodecConfig: c2 config diff is   c2::u32 coding.request-sync-frame.value = 1
01-25 14:47:14.655  1324  2548 E native  : hdrnet_node.cc:267 stat(/data/vendor/camera/hdrnet) failed: (errno: 13).
01-25 14:47:14.649  1324  1324 W SoloThreadMana: type=1400 audit(0.0:1788742): avc: denied { search } for name="camera" dev="dm-40" ino=147 scontext=u:r:hal_camera_default:s0 tcontext=u:object_r:camera_vendor_data_file:s0 tclass=dir permissive=0
01-25 14:47:14.660 22558 22758 D BluetoothAdapter: isLeEnabled(): ON
01-25 14:47:14.662 24385 24385 I earchbox:search: Using CollectorTypeCC GC.
01-25 14:47:14.664 22558 24333 W GCM     : Failed sending response to request: 2
--------- beginning of system
01-25 14:47:14.668  1996  4252 D CompatibilityChangeReporter: Compat change id reported: 181136395; UID 10156; state: DISABLED
01-25 14:47:14.668  1996  4252 D CompatibilityChangeReporter: Compat change id reported: 174042936; UID 10156; state: DISABLED
01-25 14:47:14.672  1996  2116 W ActivityManager: setHasOverlayUi called on unknown pid: 23946
01-25 14:47:14.674  1996  2136 W ActivityManager: Slow operation: 74ms so far, now at startProcess: done updating battery stats
01-25 14:47:14.677  1324  2548 I native  : shared_mapping_pool.cc:45 New YuvImage mapping for 98 type = 4 width = 4032 height = 3024 stride = 4032 access = 4
01-25 14:47:14.677  1996  2136 W ActivityManager: Slow operation: 77ms so far, now at startProcess: building log message
01-25 14:47:14.677  1996  2136 I ActivityManager: Start proc 24385:com.google.android.googlequicksearchbox:search/u0a112 for service {com.google.android.googlequicksearchbox/com.google.android.apps.gsa.shared.util.keepalive.StandaloneKeepAlive$KeepAliveService}
01-25 14:47:14.677  1996  2136 W ActivityManager: Slow operation: 77ms so far, now at startProcess: starting to update pids map
01-25 14:47:14.677  1996  2136 W ActivityManager: Slow operation: 77ms so far, now at startProcess: done updating pids map
01-25 14:47:14.678  3050  3880 D QCNEJ/WlanStaInfoRelay: Received action: android.net.wifi.RSSI_CHANGED
01-25 14:47:14.679  1996  2116 V WindowManager: Unknown focus tokens, dropping reportFocusChanged
01-25 14:47:14.679  1324  2548 I native  : shared_mapping_pool.cc:45 New YuvImage mapping for 607 type = 4 width = 4032 height = 3024 stride = 4032 access = 1
01-25 14:47:14.691  1324  2548 I native  : shared_mapping_pool.cc:82 New Buffer mapping for 114 size = 1532160 access = 0
01-25 14:47:14.692  1324  2548 I native  : shared_mapping_pool.cc:82 New Buffer mapping for 608 size = 1532160 access = 0
01-25 14:47:14.692  2992 27688 D ActivityAttributionService: notifyActivityAttributionInfo UID=1002 packageName=com.android.bluetooth deviceAddress=no_active_device_address
01-25 14:47:14.693 11959 13624 I OpenGLRenderer: Davey! duration=942ms; Flags=0, FrameTimelineVsyncId=30351802, IntendedVsync=137998590342978, Vsync=137998607029998, InputEventId=0, HandleInputStart=137998617142278, AnimationStart=137998617143841, PerformTraversalsStart=137998617407539, DrawStart=137998617635664, FrameDeadline=137998628029998, FrameInterval=137998617137018, FrameStartTime=16687020, SyncQueued=137998618022174, SyncStart=137998625077644, IssueDrawCommandsStart=137998625258373, SwapBuffers=137999539164870, FrameCompleted=137999540070860, DequeueBufferDuration=31910368, QueueBufferDuration=332553, GpuCompleted=137999539803047, SwapBuffersCompleted=137999540070860, DisplayPresentTime=137951652962808, CommandSubmissionCompleted=137999539164870, 
01-25 14:47:14.696  2992  3347 I bt_stack: [INFO:le_scanning_manager.cc(171)] ScanFilterParamSetup in shim layer
01-25 14:47:14.697  2992 27688 I bt_btif : packages/modules/Bluetooth/system/btif/src/bluetooth.cc:468 get_profile_interface: get_profile_interface: id = activity_attribution
01-25 14:47:14.698  2992  3347 I bt_stack: [INFO:le_scanning_manager.cc(171)] ScanFilterParamSetup in shim layer
01-25 14:47:14.698  2992  3347 I bt_stack: [INFO:le_scanning_manager.cc(151)] Scan in shim layer stopped
01-25 14:47:14.698  2992  3347 I bt_stack: [INFO:le_scanning_manager.cc(247)] SetScanParameters in shim layer
01-25 14:47:14.698  2992  3347 I bt_stack: [INFO:le_scanning_manager.cc(151)] Scan in shim layer started
01-25 14:47:14.702  2992 27688 I bt_stack: [INFO:le_scanning_manager.cc(145)] Unregister in shim layer, scanner_id:3
01-25 14:47:14.703 22558 22758 D BluetoothAdapter: isLeEnabled(): ON
01-25 14:47:14.704  2992  3353 I bluetooth: packages/modules/Bluetooth/system/gd/hci/le_scanning_manager.cc:639 stop_scan: Scanning already stopped, return!
01-25 14:47:14.712 22558 22580 I ChimeraSrvcProxy: NullBinder for android.net.action.RECOMMEND_NETWORKS triggering remote TransactionTooLargeException due to Service without Chimera impl
01-25 14:47:14.712 22558 22580 W .gms.persistent: Large reply transaction of 1056768 bytes, interface descriptor , code 1
01-25 14:47:14.714  1324  2548 I native  : shared_mapping_pool.cc:82 New Buffer mapping for 122 size = 110592 access = 0
01-25 14:47:14.714  1324  2548 I native  : shared_mapping_pool.cc:82 New Buffer mapping for 609 size = 110592 access = 0
01-25 14:47:14.716 24385 24385 E earchbox:search: Not starting debugger since process cannot load the jdwp agent.
01-25 14:47:14.725  2992 27688 I bt_stack: [INFO:le_scanning_manager.cc(138)] RegisterScanner in shim layer
01-25 14:47:14.725 22558 22580 D BluetoothLeScanner: onScannerRegistered() - status=0 scannerId=3 mScannerId=0
01-25 14:47:14.728  1996  2116 I DisplayDeviceRepository: Display device changed: DisplayDeviceInfo{"Built-in Screen": uniqueId="local:4630946523002478721", 1440 x 3040, modeId 2, defaultModeId 1, supportedModes [{id=1, width=1440, height=3040, fps=60.000004, alternativeRefreshRates=[90.0]}, {id=2, width=1440, height=3040, fps=90.0, alternativeRefreshRates=[60.000004]}], colorMode 0, supportedColorModes [0, 7, 9], hdrCapabilities HdrCapabilities{mSupportedHdrTypes=[2, 3], mMaxLuminance=500.0, mMaxAverageLuminance=500.0, mMinLuminance=0.0}, allmSupported false, gameContentTypeSupported false, density 560, 537.882 x 539.972 dpi, appVsyncOff 2333333, presDeadline 11500000, touch INTERNAL, rotation 0, type INTERNAL, address {port=129, model=0x40446d53ad64a0}, deviceProductInfo DeviceProductInfo{name=, manufacturerPnpId=QCM, productId=1, modelYear=null, manufactureDate=ManufactureDate{week=27, year=2006}, connectionToSinkType=0}, state ON, frameRateOverride , brightnessMinimum 0.0, brightnessMaximum 1.0, brightnessDefault 0.38188976, roundedCorners RoundedCorners{[RoundedCorner{position=TopLeft, radius=157, center=Point(157, 157)}, RoundedCorner{position=TopRight, radius=157, center=Point(1283, 157)}, RoundedCorner{position=BottomRight, radius=157, center=Point(1283, 2883)}, RoundedCorner{position=BottomLeft, radius=157, center=Point(157, 2883)}]}, FLAG_ALLOWED_TO_BE_DEFAULT_DISPLAY, FLAG_ROTATES_WITH_CONTENT, FLAG_SECURE, FLAG_SUPPORTS_PROTECTED_BUFFERS, installOrientation 0}
01-25 14:47:14.729 11959 12251 I OpenGLRenderer: Davey! duration=955ms; Flags=0, FrameTimelineVsyncId=30351832, IntendedVsync=137998640377273, Vsync=137999541375805, InputEventId=0, HandleInputStart=137999542392995, AnimationStart=137999542395495, PerformTraversalsStart=137999555296955, DrawStart=137999555348517, FrameDeadline=137998678062431, FrameInterval=137999542142735, FrameStartTime=16685158, SyncQueued=137999555550184, SyncStart=137999555593934, IssueDrawCommandsStart=137999555928518, SwapBuffers=137999594640396, FrameCompleted=137999596310865, DequeueBufferDuration=38032868, QueueBufferDuration=153073, GpuCompleted=137999596310865, SwapBuffersCompleted=137999595010813, DisplayPresentTime=137951675232550, CommandSubmissionCompleted=137999594640396, 
01-25 14:47:14.730 24344 24344 D CompatibilityChangeReporter: Compat change id reported: 160794467; UID 10156; state: ENABLED
01-25 14:47:14.733  2992 27688 D ActivityAttributionService: notifyActivityAttributionInfo UID=1002 packageName=com.android.bluetooth deviceAddress=no_active_device_address
01-25 14:47:14.733  2992 27688 I bt_btif : packages/modules/Bluetooth/system/btif/src/bluetooth.cc:468 get_profile_interface: get_profile_interface: id = activity_attribution
01-25 14:47:14.734  2992  3347 I bt_stack: [INFO:le_scanning_manager.cc(235)] ScanFilterEnable in shim layer
01-25 14:47:14.735 26523 26654 W studio.screen.sharing: Display 0: AMediaCodec_dequeueOutputBuffer returned -10000
01-25 14:47:14.744 22558 22758 I NearbySharing: (REDACTED) Started scanning for FastInitiation with mode: %s
01-25 14:47:14.744 22558 22758 I NearbySharing: FastInitiation warming period has ended [CONTEXT service_id=194 ]
01-25 14:47:14.745  1372 24368 I QC2V4l2Driver: [vp8E_5698] Closed device driver with fd: 7
01-25 14:47:14.746  1372 24368 E QC2Comp : [vp8E_5698] Codec returned input for non-existant input-index(16)!
01-25 14:47:14.746  1372  2856 E QC2Comp : queue_nb disallowed in STOPPED state
01-25 14:47:14.746 26523 26689 D PipelineWatcher: onInputBufferReleased: frameIndex not found (17); ignored
01-25 14:47:14.747  1559  1559 E Camera3-OutputStream: getBufferLockedCommon: Stream 0: Can't dequeue next output buffer: Broken pipe (-32)
01-25 14:47:14.747  1324 24342 W GCH_CameraDeviceSession: RequestStreamBuffers: Requesting stream buffer failed. (buffer_returns has 1 entries)
01-25 14:47:14.747  1324 24342 I GCH_CameraDeviceSession: RequestStreamBuffers: stream -1, buffer request error 3
01-25 14:47:14.748  2992  3347 I bt_stack: [INFO:le_scanning_manager.cc(210)] ScanFilterAdd in shim layer
01-25 14:47:14.749  2992  3347 I bt_stack: [INFO:le_scanning_manager.cc(171)] ScanFilterParamSetup in shim layer
01-25 14:47:14.749  2992  3347 I bt_stack: [INFO:le_scanning_manager.cc(210)] ScanFilterAdd in shim layer
01-25 14:47:14.749  2992  3347 I bt_stack: [INFO:le_scanning_manager.cc(171)] ScanFilterParamSetup in shim layer
01-25 14:47:14.750  1324  2548 I native  : shared_mapping_pool.cc:45 New YuvImage mapping for 101 type = 4 width = 4032 height = 3024 stride = 4032 access = 4
01-25 14:47:14.750  1372 24368 I QC2Comp : NOTE: handleReleaseCodec returning: 0 (OK=0)
01-25 14:47:14.750  1372  2856 I QC2Comp : NOTE: Release returning: 0 (OK=0)
01-25 14:47:14.750  1372  2854 I hw-BpHwBinder: onLastStrongRef automatically unlinking death recipients
01-25 14:47:14.750  1372  2854 I QC2CompStore: Deleting component(c2.qti.vp8.encoder) id(5698)
01-25 14:47:14.750 26523 24403 I hw-BpHwBinder: onLastStrongRef automatically unlinking death recipients
01-25 14:47:14.751  1372  2854 I QC2Comp : [vp8E_5698] Deallocated component c2.qti.vp8.encoder [id=5698]
01-25 14:47:14.752 26523 26932 E BufferQueueProducer: [GraphicBufferSource](id:679b00000064,api:1,p:712,c:26523) dequeueBuffer: BufferQueue has been abandoned
01-25 14:47:14.752   712   712 E CompositionEngine: ANativeWindow::dequeueBuffer failed for display [studio.screen.sharing:0] with error: -19
01-25 14:47:14.752   712   712 W CompositionEngine: Dequeuing buffer for display [studio.screen.sharing:0] failed, bailing out of client composition for this frame
01-25 14:47:14.754  1324 24342 I StreamBufferCacheManager: AllocateDummyBufferLocked: [sbc] Dummy buffer allocated: strm 0 buffer 0xb40000749a794fb0
01-25 14:47:14.754  1324 24342 W StreamBufferCacheManager: Refill: Failed to acquire buffer for stream 0, error 3
01-25 14:47:14.754  1324 24342 W StreamBufferCacheManager: Refill: Stream 0 is disconnected or unknown error observed.This stream is marked as inactive.
01-25 14:47:14.754  1324 24342 I StreamBufferCacheManager: Refill: Stream 0 begin to use dummy buffer.
01-25 14:47:14.762  1324  2548 I native  : shared_mapping_pool.cc:45 New YuvImage mapping for 610 type = 4 width = 4032 height = 3024 stride = 4032 access = 1
01-25 14:47:14.764 24385 24385 I ActivityThread: Relaunch all activities: onCoreSettingsChange
01-25 14:47:14.765 24385 24385 D CompatibilityChangeReporter: Compat change id reported: 171979766; UID 10112; state: ENABLED
01-25 14:47:14.767  1324  2548 I native  : shared_mapping_pool.cc:82 New Buffer mapping for 115 size = 1532160 access = 0
01-25 14:47:14.767  1324  2548 I native  : shared_mapping_pool.cc:82 New Buffer mapping for 611 size = 1532160 access = 0
01-25 14:47:14.771  1372  2854 I ECOSession: ECOSession destroyed with w: 824, h: 1740, isCameraRecording: 1
01-25 14:47:14.773 26523 24408 D CCodec  : allocate(c2.qti.vp8.encoder)
01-25 14:47:14.775 24344 24407 I AdrenoGLES-0: QUALCOMM build                   : 85da404, I46ff5fc46f
01-25 14:47:14.775 24344 24407 I AdrenoGLES-0: Build Date                       : 11/30/20
01-25 14:47:14.775 24344 24407 I AdrenoGLES-0: OpenGL ES Shader Compiler Version: EV031.31.04.01
01-25 14:47:14.775 24344 24407 I AdrenoGLES-0: Local Branch                     : promo490_3_Google
01-25 14:47:14.775 24344 24407 I AdrenoGLES-0: Remote Branch                    : 
01-25 14:47:14.775 24344 24407 I AdrenoGLES-0: Remote Branch                    : 
01-25 14:47:14.775 24344 24407 I AdrenoGLES-0: Reconstruct Branch               : 
01-25 14:47:14.775 24344 24407 I AdrenoGLES-0: Build Config                     : S P 10.0.4 AArch64
01-25 14:47:14.775 24344 24407 I AdrenoGLES-0: Driver Path                      : /vendor/lib64/egl/libGLESv2_adreno.so
01-25 14:47:14.782  1324  2548 I native  : shared_mapping_pool.cc:82 New Buffer mapping for 123 size = 110592 access = 0
01-25 14:47:14.782  1324  2548 I native  : shared_mapping_pool.cc:82 New Buffer mapping for 612 size = 110592 access = 0
01-25 14:47:14.784  1324 24342 I StreamBufferCacheManager: Refill: Stream already deactived.
01-25 14:47:14.784  1324  2547 I GCH_CameraDeviceSession: RequestBuffersFromStreamBufferCacheManager: [sbc] Dummy buffer returned for stream: 0, frame: 1
01-25 14:47:14.784 26523 24408 I CCodec  : setting up 'default' as default (vendor) store
01-25 14:47:14.786  1372  2854 I vendor.qti.media.c2@1.0-service: missing struct descriptor #Param::CoreIndex(--004) for field values of struct #Param::CoreIndex(F-12004)
01-25 14:47:14.786  1372  2854 I QC2Comp : Create: Allocated component[5699] for name c2.qti.vp8.encoder
01-25 14:47:14.786  1372  2854 I QC2CompStore: Created component(c2.qti.vp8.encoder) id(5699)
01-25 14:47:14.787  1324 24288 I GCH_AidlCameraDeviceSession: ProcessCaptureResult: First frame done
01-25 14:47:14.787  1559  1559 E Surface : queueBuffer: error queuing buffer, -32
01-25 14:47:14.790 26523 24408 I CCodec  : Created component [c2.qti.vp8.encoder]
01-25 14:47:14.790 26523 24408 D CCodecConfig: read media type: video/x-vnd.on2.vp8
01-25 14:47:14.791 26523 24408 D ReflectedParamUpdater: ignored struct field coding.gop.values
01-25 14:47:14.792 26523 24408 D ReflectedParamUpdater: extent() != 1 for single value type: output.buffers.pool-ids.values
01-25 14:47:14.793 26523 24408 D CCodecConfig: ignoring local param raw.color (0xc2001809) as it is already supported
01-25 14:47:14.793 24344 24407 I AdrenoGLES-0: PFP: 0x016ee190, ME: 0x00000000
01-25 14:47:14.794 26523 24408 I CCodecConfig: query failed after returning 19 values (BAD_INDEX)
01-25 14:47:14.794 26523 24408 D CCodecConfig: c2 config diff is Dict {
01-25 14:47:14.794 26523 24408 D CCodecConfig:   c2::u32 algo.bitrate-mode.value = 3
01-25 14:47:14.794 26523 24408 D CCodecConfig:   c2::u32 algo.complexity.value = 0
01-25 14:47:14.794 26523 24408 D CCodecConfig:   c2::i32 algo.priority.value = -1
01-25 14:47:14.794 26523 24408 D CCodecConfig:   c2::float algo.rate.value = 30
01-25 14:47:14.794 26523 24408 D CCodecConfig:   c2::i32 coded.average-qp.value = 0
01-25 14:47:14.794 26523 24408 D CCodecConfig:   c2::u32 coded.bitrate.value = 20000000
01-25 14:47:14.794 26523 24408 D CCodecConfig:   c2::float coded.frame-rate.value = 30
01-25 14:47:14.794 26523 24408 D CCodecConfig:   c2::u32 coded.picture-type.value = 0
01-25 14:47:14.794 26523 24408 D CCodecConfig:   c2::u32 coded.pl.level = 28672
01-25 14:47:14.794 26523 24408 D CCodecConfig:   c2::u32 coded.pl.profile = 28672
01-25 14:47:14.794 26523 24408 D CCodecConfig:   c2::u32 coded.vui.color.matrix = 0
01-25 14:47:14.794 26523 24408 D CCodecConfig:   c2::u32 coded.vui.color.primaries = 0
01-25 14:47:14.794 26523 24408 D CCodecConfig:   c2::u32 coded.vui.color.range = 0
01-25 14:47:14.794 26523 24408 D CCodecConfig:   c2::u32 coded.vui.color.transfer = 0
01-25 14:47:14.794 26523 24408 D CCodecConfig:   c2::u32 coding.intra-refresh.mode = 0
01-25 14:47:14.794 26523 24408 D CCodecConfig:   c2::float coding.intra-refresh.period = 0
01-25 14:47:14.794 26523 24408 D CCodecConfig:   c2::u32 coding.request-sync-frame.value = 0
01-25 14:47:14.794 26523 24408 D CCodecConfig:   c2::i64 coding.sync-frame-interval.value = 1000000
01-25 14:47:14.794 26523 24408 D CCodecConfig:   c2::u32 default.color.matrix = 0
01-25 14:47:14.794 26523 24408 D CCodecConfig:   c2::u32 default.color.primaries = 0
01-25 14:47:14.794 26523 24408 D CCodecConfig:   c2::u32 default.color.range = 0
01-25 14:47:14.794 26523 24408 D CCodecConfig:   c2::u32 default.color.transfer = 0
01-25 14:47:14.794 26523 24408 D CCodecConfig:   c2::u32 input.delay.value = 0
01-25 14:47:14.794 26523 24408 D CCodecConfig:   string input.media-type.value = "video/raw"
01-25 14:47:14.794 26523 24408 D CCodecConfig:   c2::u32 output.delay.value = 1
01-25 14:47:14.794 26523 24408 D CCodecConfig:   string output.media-type.value = "video
01-25 14:47:14.794 26523 24408 W ColorUtils: expected specified color aspects (0:0:0:0)
01-25 14:47:14.798 26523 24411 D CCodec  : allocate(c2.qti.vp8.encoder)
01-25 14:47:14.800 26523 24411 I CCodec  : setting up 'default' as default (vendor) store
01-25 14:47:14.802  1372  2854 I vendor.qti.media.c2@1.0-service: missing struct descriptor #Param::CoreIndex(--004) for field values of struct #Param::CoreIndex(F-12004)
01-25 14:47:14.803  1372  2854 I QC2Comp : Create: Allocated component[5700] for name c2.qti.vp8.encoder
01-25 14:47:14.803  1372  2854 I QC2CompStore: Created component(c2.qti.vp8.encoder) id(5700)
01-25 14:47:14.804 26523 24411 I CCodec  : Created component [c2.qti.vp8.encoder]
01-25 14:47:14.805 26523 24411 D CCodecConfig: read media type: video/x-vnd.on2.vp8
01-25 14:47:14.806 26523 24411 D ReflectedParamUpdater: extent() != 1 for single value type: output.buffers.pool-ids.values
01-25 14:47:14.807  1324 24288 I GCH_CameraDeviceSession: UpdatePendingRequest: [sbc] All inflight requests/streams cleared. Notified SBC for flushing.
01-25 14:47:14.807  1324 24288 I GCH_CameraDeviceSession: NotifyErrorMessage: [sbc] Request 1 with stream (0), return error code (4)
01-25 14:47:14.807  1324 24288 I GCH_CameraDeviceSession: NotifyBufferError: [sbc] Return Buffer Error Status for frame 1 stream 0
01-25 14:47:14.808  1559  1559 W Camera2Client: notifyError: Received recoverable error 5 from HAL - ignoring, requestId 10000001
01-25 14:47:14.808  1996  2116 I DisplayDeviceRepository: Display device changed: DisplayDeviceInfo{"Built-in Screen": uniqueId="local:4630946523002478721", 1440 x 3040, modeId 1, defaultModeId 1, supportedModes [{id=1, width=1440, height=3040, fps=60.000004, alternativeRefreshRates=[90.0]}, {id=2, width=1440, height=3040, fps=90.0, alternativeRefreshRates=[60.000004]}], colorMode 0, supportedColorModes [0, 7, 9], hdrCapabilities HdrCapabilities{mSupportedHdrTypes=[2, 3], mMaxLuminance=500.0, mMaxAverageLuminance=500.0, mMinLuminance=0.0}, allmSupported false, gameContentTypeSupported false, density 560, 537.882 x 539.972 dpi, appVsyncOff 2333332, presDeadline 11500000, touch INTERNAL, rotation 0, type INTERNAL, address {port=129, model=0x40446d53ad64a0}, deviceProductInfo DeviceProductInfo{name=, manufacturerPnpId=QCM, productId=1, modelYear=null, manufactureDate=ManufactureDate{week=27, year=2006}, connectionToSinkType=0}, state ON, frameRateOverride , brightnessMinimum 0.0, brightnessMaximum 1.0, brightnessDefault 0.38188976, roundedCorners RoundedCorners{[RoundedCorner{position=TopLeft, radius=157, center=Point(157, 157)}, RoundedCorner{position=TopRight, radius=157, center=Point(1283, 157)}, RoundedCorner{position=BottomRight, radius=157, center=Point(1283, 2883)}, RoundedCorner{position=BottomLeft, radius=157, center=Point(157, 2883)}]}, FLAG_ALLOWED_TO_BE_DEFAULT_DISPLAY, FLAG_ROTATES_WITH_CONTENT, FLAG_SECURE, FLAG_SUPPORTS_PROTECTED_BUFFERS, installOrientation 0}
01-25 14:47:14.808  1559  4015 E Camera3-Stream: startConfiguration: Unknown state 6
01-25 14:47:14.808  1559  4015 E Camera3-Device: Camera 0: configureStreamsLocked: Can't start output stream configuration
01-25 14:47:14.808  1559  4015 E Camera3-Device: Camera 0: createStream: Can't reconfigure device for new stream 3: Function not implemented (-38)
01-25 14:47:14.808  1559  4015 E Camera2-CallbackProcessor: updateStream: Camera 0: Can't create output stream for callbacks: Function not implemented (-38)
01-25 14:47:14.808  1559  4015 E Camera2Client: startPreviewL: Camera 0: Unable to update callback stream: Function not implemented (-38)
01-25 14:47:14.808  1559  4015 E Camera2Client: setPreviewCallbackFlagL: Camera 0: Unable to refresh request in state STOPPED
01-25 14:47:14.810 26523 24411 D ReflectedParamUpdater: ignored struct field coding.gop.values
01-25 14:47:14.811 26523 24411 D CCodecConfig: ignoring local param raw.color (0xc2001809) as it is already supported
01-25 14:47:14.811 26523 24411 I CCodecConfig: query failed after returning 19 values (BAD_INDEX)
01-25 14:47:14.811 26523 24411 D CCodecConfig: c2 config diff is Dict {
01-25 14:47:14.811 26523 24411 D CCodecConfig:   c2::u32 algo.bitrate-mode.value = 3
01-25 14:47:14.811 26523 24411 D CCodecConfig:   c2::u32 algo.complexity.value = 0
01-25 14:47:14.811 26523 24411 D CCodecConfig:   c2::i32 algo.priority.value = -1
01-25 14:47:14.811 26523 24411 D CCodecConfig:   c2::float algo.rate.value = 30
01-25 14:47:14.811 26523 24411 D CCodecConfig:   c2::i32 coded.average-qp.value = 0
01-25 14:47:14.811 26523 24411 D CCodecConfig:   c2::u32 coded.bitrate.value = 20000000
01-25 14:47:14.811 26523 24411 D CCodecConfig:   c2::float coded.frame-rate.value = 30
01-25 14:47:14.811 26523 24411 D CCodecConfig:   c2::u32 coded.picture-type.value = 0
01-25 14:47:14.811 26523 24411 D CCodecConfig:   c2::u32 coded.pl.level = 28672
01-25 14:47:14.811 26523 24411 D CCodecConfig:   c2::u32 coded.pl.profile = 28672
01-25 14:47:14.811 26523 24411 D CCodecConfig:   c2::u32 coded.vui.color.matrix = 0
01-25 14:47:14.811 26523 24411 D CCodecConfig:   c2::u32 coded.vui.color.primaries = 0
01-25 14:47:14.811 26523 24411 D CCodecConfig:   c2::u32 coded.vui.color.range = 0
01-25 14:47:14.811 26523 24411 D CCodecConfig:   c2::u32 coded.vui.color.transfer = 0
01-25 14:47:14.811 26523 24411 D CCodecConfig:   c2::u32 coding.intra-refresh.mode = 0
01-25 14:47:14.811 26523 24411 D CCodecConfig:   c2::float coding.intra-refresh.period = 0
01-25 14:47:14.811 26523 24411 D CCodecConfig:   c2::u32 coding.request-sync-frame.value = 0
01-25 14:47:14.811 26523 24411 D CCodecConfig:   c2::i64 coding.sync-frame-interval.value = 1000000
01-25 14:47:14.811 26523 24411 D CCodecConfig:   c2::u32 default.color.matrix = 0
01-25 14:47:14.811 26523 24411 D CCodecConfig:   c2::u32 default.color.primaries = 0
01-25 14:47:14.811 26523 24411 D CCodecConfig:   c2::u32 default.color.range = 0
01-25 14:47:14.811 26523 24411 D CCodecConfig:   c2::u32 default.color.transfer = 0
01-25 14:47:14.811 26523 24411 D CCodecConfig:   c2::u32 input.delay.value = 0
01-25 14:47:14.811 26523 24411 D CCodecConfig:   string input.media-type.value = "video/raw"
01-25 14:47:14.811 26523 24411 D CCodecConfig:   c2::u32 output.delay.value = 1
01-25 14:47:14.811 26523 24411 D CCodecConfig:   string output.media-type.value = "video
01-25 14:47:14.811 26523 24411 W ColorUtils: expected specified color aspects (0:0:0:0)
01-25 14:47:14.813 24344 24407 W AdrenoUtils: <ReadGpuID_from_sysfs:197>: Failed to open /sys/class/kgsl/kgsl-3d0/gpu_model
01-25 14:47:14.813 24344 24407 W AdrenoUtils: <ReadGpuID:221>: Failed to read chip ID from gpu_model. Fallback to use the GSL path
01-25 14:47:14.816 26523 24414 D CCodec  : allocate(c2.qti.vp8.encoder)
01-25 14:47:14.817 26523 24414 I CCodec  : setting up 'default' as default (vendor) store
01-25 14:47:14.820  1372  2854 I vendor.qti.media.c2@1.0-service: missing struct descriptor #Param::CoreIndex(--004) for field values of struct #Param::CoreIndex(F-12004)
01-25 14:47:14.820  1372  2854 I QC2Comp : Create: Allocated component[5701] for name c2.qti.vp8.encoder
01-25 14:47:14.820  1372  2854 I QC2CompStore: Created component(c2.qti.vp8.encoder) id(5701)
01-25 14:47:14.821 26523 24414 I CCodec  : Created component [c2.qti.vp8.encoder]
01-25 14:47:14.821 26523 24414 D CCodecConfig: read media type: video/x-vnd.on2.vp8
01-25 14:47:14.826 26523 24414 D ReflectedParamUpdater: extent() != 1 for single value type: output.buffers.pool-ids.values
01-25 14:47:14.827 26523 24414 D ReflectedParamUpdater: ignored struct field coding.gop.values
01-25 14:47:14.827 26523 24414 D CCodecConfig: ignoring local param raw.color (0xc2001809) as it is already supported
01-25 14:47:14.829 26523 24414 I CCodecConfig: query failed after returning 19 values (BAD_INDEX)
01-25 14:47:14.829 26523 24414 D CCodecConfig: c2 config diff is Dict {
01-25 14:47:14.829 26523 24414 D CCodecConfig:   c2::u32 algo.bitrate-mode.value = 3
01-25 14:47:14.829 26523 24414 D CCodecConfig:   c2::u32 algo.complexity.value = 0
01-25 14:47:14.829 26523 24414 D CCodecConfig:   c2::i32 algo.priority.value = -1
01-25 14:47:14.829 26523 24414 D CCodecConfig:   c2::float algo.rate.value = 30
01-25 14:47:14.829 26523 24414 D CCodecConfig:   c2::i32 coded.average-qp.value = 0
01-25 14:47:14.829 26523 24414 D CCodecConfig:   c2::u32 coded.bitrate.value = 20000000
01-25 14:47:14.829 26523 24414 D CCodecConfig:   c2::float coded.frame-rate.value = 30
01-25 14:47:14.829 26523 24414 D CCodecConfig:   c2::u32 coded.picture-type.value = 0
01-25 14:47:14.829 26523 24414 D CCodecConfig:   c2::u32 coded.pl.level = 28672
01-25 14:47:14.829 26523 24414 D CCodecConfig:   c2::u32 coded.pl.profile = 28672
01-25 14:47:14.829 26523 24414 D CCodecConfig:   c2::u32 coded.vui.color.matrix = 0
01-25 14:47:14.829 26523 24414 D CCodecConfig:   c2::u32 coded.vui.color.primaries = 0
01-25 14:47:14.829 26523 24414 D CCodecConfig:   c2::u32 coded.vui.color.range = 0
01-25 14:47:14.829 26523 24414 D CCodecConfig:   c2::u32 coded.vui.color.transfer = 0
01-25 14:47:14.829 26523 24414 D CCodecConfig:   c2::u32 coding.intra-refresh.mode = 0
01-25 14:47:14.829 26523 24414 D CCodecConfig:   c2::float coding.intra-refresh.period = 0
01-25 14:47:14.829 26523 24414 D CCodecConfig:   c2::u32 coding.request-sync-frame.value = 0
01-25 14:47:14.829 26523 24414 D CCodecConfig:   c2::i64 coding.sync-frame-interval.value = 1000000
01-25 14:47:14.829 26523 24414 D CCodecConfig:   c2::u32 default.color.matrix = 0
01-25 14:47:14.829 26523 24414 D CCodecConfig:   c2::u32 default.color.primaries = 0
01-25 14:47:14.829 26523 24414 D CCodecConfig:   c2::u32 default.color.range = 0
01-25 14:47:14.829 26523 24414 D CCodecConfig:   c2::u32 default.color.transfer = 0
01-25 14:47:14.829 26523 24414 D CCodecConfig:   c2::u32 input.delay.value = 0
01-25 14:47:14.829 26523 24414 D CCodecConfig:   string input.media-type.value = "video/raw"
01-25 14:47:14.829 26523 24414 D CCodecConfig:   c2::u32 output.delay.value = 1
01-25 14:47:14.829 26523 24414 D CCodecConfig:   string output.media-type.value = "video
01-25 14:47:14.829 26523 24414 W ColorUtils: expected specified color aspects (0:0:0:0)
01-25 14:47:14.831 26523 26654 D MediaCodec: shapeMediaFormat: deltas(1): AMessage(what = 0x00000000) = {
01-25 14:47:14.831 26523 26654 D MediaCodec:     int32_t android._encoding-quality-level = 0
01-25 14:47:14.831 26523 26654 D MediaCodec:   }
01-25 14:47:14.831 26523 24414 D CCodec  : [c2.qti.vp8.encoder] buffers are bound to CCodec for this session
01-25 14:47:14.831 26523 24414 D CCodecConfig: no c2 equivalents for color-format
01-25 14:47:14.831 26523 24414 D CCodecConfig: no c2 equivalents for repeat-previous-frame-after
01-25 14:47:14.831 26523 24414 D CCodecConfig: no c2 equivalents for color-standard
01-25 14:47:14.831 26523 24414 D CCodecConfig: no c2 equivalents for flags
01-25 14:47:14.831 26523 24414 D CCodecConfig: no c2 equivalents for encoder
01-25 14:47:14.832 26523 24414 D CCodecConfig: c2 config diff is   c2::u32 coded.bitrate.value = 10000000
01-25 14:47:14.832 26523 24414 D CCodecConfig:   c2::float coded.frame-rate.value = 60
01-25 14:47:14.832 26523 24414 D CCodecConfig:   c2::u32 coded.vui.color.matrix = 3
01-25 14:47:14.832 26523 24414 D CCodecConfig:   c2::u32 coded.vui.color.primaries = 4
01-25 14:47:14.832 26523 24414 D CCodecConfig:   c2::i64 coding.sync-frame-interval.value = 10000000
01-25 14:47:14.832 26523 24414 D CCodecConfig:   c2::u32 raw.color.matrix = 3
01-25 14:47:14.832 26523 24414 D CCodecConfig:   c2::u32 raw.color.primaries = 4
01-25 14:47:14.832 26523 24414 D CCodecConfig:   c2::u32 raw.pixel-format.value = 34
01-25 14:47:14.832 26523 24414 D CCodecConfig:   c2::u32 raw.size.height = 1740
01-25 14:47:14.832 26523 24414 D CCodecConfig:   c2::u32 raw.size.width = 824
01-25 14:47:14.833 26523 24414 W ColorUtils: expected specified color aspects (0:4:3:0)
01-25 14:47:14.833 26523 24414 D CCodec  : encoding statistics level = 0
01-25 14:47:14.833 26523 24414 D CCodec  : setup formats input: AMessage(what = 0x00000000) = {
01-25 14:47:14.833 26523 24414 D CCodec  :   int32_t android._color-format = 2130708361
01-25 14:47:14.833 26523 24414 D CCodec  :   Rect crop(0, 0, 823, 1739)
01-25 14:47:14.833 26523 24414 D CCodec  :   int32_t color-standard = 4
01-25 14:47:14.833 26523 24414 D CCodec  :   int32_t color-range = 0
01-25 14:47:14.833 26523 24414 D CCodec  :   int32_t color-transfer = 0
01-25 14:47:14.833 26523 24414 D CCodec  :   int32_t frame-rate = 60
01-25 14:47:14.833 26523 24414 D CCodec  :   int32_t height = 1740
01-25 14:47:14.833 26523 24414 D CCodec  :   int32_t intra-refresh-period = 0
01-25 14:47:14.833 26523 24414 D CCodec  :   string mime = "video/raw"
01-25 14:47:14.833 26523 24414 D CCodec  :   int32_t priority = 1
01-25 14:47:14.833 26523 24414 D CCodec  :   int32_t video-qp-average = 0
01-25 14:47:14.833 26523 24414 D CCodec  :   int32_t width = 824
01-25 14:47:14.833 26523 24414 D CCodec  :   int32_t android._dataspace = 262144
01-25 14:47:14.833 26523 24414 D CCodec  :   int64_t android._C2MemoryUsage = 65536
01-25 14:47:14.833 26523 24414 D CCodec  :   int32_t color-format = 2130708361
01-25 14:47:14.833 26523 24414 D CCodec  : }
01-25 14:47:14.833 26523 24414 D CCodec  : setup formats output: AMessage(what = 0x00000000) = {
01-25 14:47:14.833 26523 24414 D CCodec  :   int32_t bitrate = 10000000
01-25 14:47:14.833 26523 24414 D CCodec  :   int32_t bitrate-mode = 1
01-25 14:47:14.833 26523 24414 D CCodec  :   Rect crop(0, 0, 823, 1739)
01-25 14:47:14.833 26523 24414 D CCodec  :   int32_t color-standard = 4
01-25 14:47:14.833 26523 24414 D CCodec  :   int32_t color-range = 0
01-25 14:47:14.833 26523 24414 D CCodec  :   int32_t color-transfer = 0
01-25 14:47:14.833 26523 24414 D CCodec  :   int32_t frame-rate = 60
01-25 14:47:14.833 26523 24414 D CCodec  :   int32_t height = 1740
01-25 14:47:14.833 26523 24414 D CCodec  :   int32_t intra-refresh-period = 0
01-25 14:47:14.833 26523 24414 D CCodec  :   int32_t level = 1
01-25 14:47:14.833 26523 24414 D CCodec  :   int32_t max-bitrate = 10000000
01-25 14:47:14.833 26523 24414 D CCodec  :   string mime = "video/x-vnd.on2.vp8"
01-25 14:47:14.833 26523 24414 D CCodec  :   int32_t priority = 1
01-25 14:47:14.833 26523 24414 D CCodec  :   int32_t profile = 1
01-25 14:47:14.833 26523 24414 D CCodec  :   int32_t video-qp-average = 0
01-25 14:47:14.833 26523 24414 D CCodec  :   int32_t width = 824
01-25 14:47:14.833 26523 24414 D CCodec  : }
01-25 14:47:14.833 26523 24414 I CCodecConfig: query failed after returning 19 values (BAD_INDEX)
01-25 14:47:14.834 26523 26654 I studio.screen.sharing: Display 0: configured c2.qti.vp8.encoder video size 824x1740 bit_rate 10000000
01-25 14:47:14.835 26523 24414 D CCodec  : input format changed to AMessage(what = 0x00000000) = {
01-25 14:47:14.835 26523 24414 D CCodec  :   int32_t android._color-format = 2130708361
01-25 14:47:14.835 26523 24414 D CCodec  :   Rect crop(0, 0, 823, 1739)
01-25 14:47:14.835 26523 24414 D CCodec  :   int32_t color-standard = 4
01-25 14:47:14.835 26523 24414 D CCodec  :   int32_t color-range = 2
01-25 14:47:14.835 26523 24414 D CCodec  :   int32_t color-transfer = 3
01-25 14:47:14.835 26523 24414 D CCodec  :   int32_t frame-rate = 60
01-25 14:47:14.835 26523 24414 D CCodec  :   int32_t height = 1740
01-25 14:47:14.835 26523 24414 D CCodec  :   int32_t intra-refresh-period = 0
01-25 14:47:14.835 26523 24414 D CCodec  :   string mime = "video/raw"
01-25 14:47:14.835 26523 24414 D CCodec  :   int32_t priority = 1
01-25 14:47:14.835 26523 24414 D CCodec  :   int32_t video-qp-average = 0
01-25 14:47:14.835 26523 24414 D CCodec  :   int32_t width = 824
01-25 14:47:14.835 26523 24414 D CCodec  :   int32_t android._dataspace = 259
01-25 14:47:14.835 26523 24414 D CCodec  :   int64_t android._C2MemoryUsage = 65536
01-25 14:47:14.835 26523 24414 D CCodec  :   int32_t color-format = 2130708361
01-25 14:47:14.835 26523 24414 D CCodec  : }
01-25 14:47:14.836 26523 24414 D GraphicBufferSource: setting dataspace: 0x103, acquired=0
01-25 14:47:14.836 26523 24414 D CCodec  : ISConfig minFps=10 => repeatDelayUs=100000
01-25 14:47:14.844 24385 24385 D nativeloader: Configuring clns-4 for other apk /system/framework/org.apache.http.legacy.jar. target_sdk_version=34, uses_libraries=ALL, library_path=/data/app/~~Kk-nhne0TffPsEvIbcM7Hg==/com.google.android.googlequicksearchbox-kFVBecUerlZ__I5F9ypeoA==/lib/arm64:/data/app/~~Kk-nhne0TffPsEvIbcM7Hg==/com.google.android.googlequicksearchbox-kFVBecUerlZ__I5F9ypeoA==/base.apk!/lib/arm64-v8a:/data/app/~~Kk-nhne0TffPsEvIbcM7Hg==/com.google.android.googlequicksearchbox-kFVBecUerlZ__I5F9ypeoA==/split_config.xxxhdpi.apk!/lib/arm64-v8a:/data/app/~~Kk-nhne0TffPsEvIbcM7Hg==/com.google.android.googlequicksearchbox-kFVBecUerlZ__I5F9ypeoA==/split_fedora_brella_feature_module.apk!/lib/arm64-v8a, permitted_path=/data:/mnt/expand:/data/user/0/com.google.android.googlequicksearchbox
01-25 14:47:14.852   714   764 I SDM     : HWCDisplay::GetColorModeCount: Supported color mode count = 3
01-25 14:47:14.859   654   654 I servicemanager: Could not find android.hardware.graphics.allocator.IAllocator/default in the VINTF manifest.
01-25 14:47:14.873 24344 24407 E FrameEvents: updateAcquireFence: Did not find frame.
01-25 14:47:14.878 24344 24407 E FrameEvents: updateAcquireFence: Did not find frame.
01-25 14:47:14.880 24344 24407 E FrameEvents: updateAcquireFence: Did not find frame.
01-25 14:47:14.884 24344 24344 D TouchInteractionService: disposeEventHandlers: Reason: Initializing input monitor due to: onNavigationModeChanged()
01-25 14:47:14.885  1996  2116 I DisplayDeviceRepository: Display device changed: DisplayDeviceInfo{"Built-in Screen": uniqueId="local:4630946523002478721", 1440 x 3040, modeId 2, defaultModeId 1, supportedModes [{id=1, width=1440, height=3040, fps=60.000004, alternativeRefreshRates=[90.0]}, {id=2, width=1440, height=3040, fps=90.0, alternativeRefreshRates=[60.000004]}], colorMode 0, supportedColorModes [0, 7, 9], hdrCapabilities HdrCapabilities{mSupportedHdrTypes=[2, 3], mMaxLuminance=500.0, mMaxAverageLuminance=500.0, mMinLuminance=0.0}, allmSupported false, gameContentTypeSupported false, density 560, 537.882 x 539.972 dpi, appVsyncOff 2333333, presDeadline 11500000, touch INTERNAL, rotation 0, type INTERNAL, address {port=129, model=0x40446d53ad64a0}, deviceProductInfo DeviceProductInfo{name=, manufacturerPnpId=QCM, productId=1, modelYear=null, manufactureDate=ManufactureDate{week=27, year=2006}, connectionToSinkType=0}, state ON, frameRateOverride , brightnessMinimum 0.0, brightnessMaximum 1.0, brightnessDefault 0.38188976, roundedCorners RoundedCorners{[RoundedCorner{position=TopLeft, radius=157, center=Point(157, 157)}, RoundedCorner{position=TopRight, radius=157, center=Point(1283, 157)}, RoundedCorner{position=BottomRight, radius=157, center=Point(1283, 2883)}, RoundedCorner{position=BottomLeft, radius=157, center=Point(157, 2883)}]}, FLAG_ALLOWED_TO_BE_DEFAULT_DISPLAY, FLAG_ROTATES_WITH_CONTENT, FLAG_SECURE, FLAG_SUPPORTS_PROTECTED_BUFFERS, installOrientation 0}
01-25 14:47:14.886 24344 24344 D TouchInteractionService: Touch service connected: user=0
01-25 14:47:14.889  1372 24415 I QC2V4l2Driver: [vp8E_5701] Device /dev/video33 opened with fd: 7
01-25 14:47:14.890  1372 24415 E QC2V4l2Driver: [vp8E_5701] failed to set buffer size limit to 4
01-25 14:47:14.891  1372 24415 W QC2V4l2Codec: [vp8E_5701] unknown/unsupported param Output::SyncFrameInterval index = 0x52002005
01-25 14:47:14.892  1996  1996 V NotificationListeners: 0 notification listener service connected: ComponentInfo{com.google.android.apps.nexuslauncher/com.android.launcher3.notification.NotificationListener}
01-25 14:47:14.892  1372 24415 E QC2V4l2Codec: [vp8E_5701]  OPAQUE is not a supported pixel format!
01-25 14:47:14.892  1372 24415 E QC2Comp : [vp8E_5701] configureCodec: Failed to set updated param Input::PixelFormat
01-25 14:47:14.892  1372 24415 W QC2V4l2Codec: [vp8E_5701] unknown/unsupported param Output::PFrameCount index = 0x52008002
01-25 14:47:14.893  1372 24415 E QC2V4l2Codec: [vp8E_5701] Could not find v4l2 equivalent for C2 Profile: ?? (0x7000)
01-25 14:47:14.893  1372 24415 E QC2Comp : [vp8E_5701] configureCodec: Failed to set updated param Output::ProfileLevel
01-25 14:47:14.893  1372 24415 W QC2Comp : [vp8E_5701] Handling start: Codec failed to configure !!
01-25 14:47:14.893 26523 24414 W Codec2Client: query -- param skipped: index = 1342179345.
01-25 14:47:14.894 26523 24414 W Codec2Client: query -- param skipped: index = 2415921170.
01-25 14:47:14.894 26523 24414 W Codec2Client: query -- param skipped: index = 1610614798.
01-25 14:47:14.894 26523 29413 D GraphicBufferSource: got buffer with new dataSpace #103
01-25 14:47:14.895 26523 29413 D C2OMXNode: dataspace changed to 0x103 pixel format: 0x1
01-25 14:47:14.898 26523 24414 D CCodecBufferChannel: [c2.qti.vp8.encoder#637] Query input allocators returned 0 params => BAD_INDEX (6)
01-25 14:47:14.898 26523 24414 D CCodecBufferChannel: [c2.qti.vp8.encoder#637] Using basic input block pool with poolID 1 => got 1 - OK (0)
01-25 14:47:14.898 26523 24414 D CCodecBufferChannel: [c2.qti.vp8.encoder#637] Query output allocators returned 0 params => BAD_INDEX (6)
01-25 14:47:14.899 26523 24414 I CCodecBufferChannel: [c2.qti.vp8.encoder#637] Created output block pool with allocatorID 16 => poolID 2576 - OK
01-25 14:47:14.899 26523 24414 D CCodecBufferChannel: [c2.qti.vp8.encoder#637] Configured output block pool ids 2576 => OK
01-25 14:47:14.899  1372  2856 E QC2Interface: Few parameters failed to configure
01-25 14:47:14.900  1571  8457 W ResourceManagerService: Ignoring request to add new resource entry with value <= 0
01-25 14:47:14.900 26523 26654 W studio.screen.sharing: Display 0: AMediaCodec_dequeueOutputBuffer returned -10000
01-25 14:47:14.901  1996  5152 D CompatibilityChangeReporter: Compat change id reported: 197654537; UID 10156; state: ENABLED
01-25 14:47:14.908 11959 11959 D OverviewProxyService: OverviewProxyService connected, initializing overview proxy
01-25 14:47:14.913  1372 24415 W AdrenoUtils: <ReadGpuID_from_sysfs:197>: Failed to open /sys/class/kgsl/kgsl-3d0/gpu_model
01-25 14:47:14.913  1372 24415 W AdrenoUtils: <ReadGpuID:221>: Failed to read chip ID from gpu_model. Fallback to use the GSL path
01-25 14:47:14.916  1372 24415 E QC2C2DEngine: calcYSize: unsupported color format, RGBA8888(1)
01-25 14:47:14.943 24344 24344 V Launcher: LauncherAppState initiated
01-25 14:47:14.947  1372 24415 I ECOService: ECOService::obtainSession w: 824, h: 1740, isCameraRecording: 1
01-25 14:47:14.947  1372 24415 I ECOSession: ECOSession created with w: 824, h: 1740, isCameraRecording: 1
01-25 14:47:14.947  1372 24415 I ECOSession: ECOSession debug settings: logStats: false, entries: 0, logInfo: false entries: 0
01-25 14:47:14.947  1372 24415 I QC2ECOStats: Obtained ECO session for w(824) x h(1740)
01-25 14:47:14.949  1372 24415 I QC2V4l2Driver: [vp8E_5701] Closed device driver with fd: 7
01-25 14:47:14.950  1372 24415 E QC2Comp : [vp8E_5701] Codec returned input for non-existant input-index(0)!
01-25 14:47:14.950 26523 26689 D PipelineWatcher: onInputBufferReleased: frameIndex not found (1); ignored
01-25 14:47:14.951 26523 26689 D PipelineWatcher: onInputBufferReleased: frameIndex not found (2); ignored
01-25 14:47:14.951 26523 26689 D PipelineWatcher: onInputBufferReleased: frameIndex not found (3); ignored
01-25 14:47:14.951 26523 26689 D PipelineWatcher: onInputBufferReleased: frameIndex not found (4); ignored
01-25 14:47:14.951  1372 24415 I QC2Comp : NOTE: handleReleaseCodec returning: 0 (OK=0)
01-25 14:47:14.951  1372  2856 I QC2Comp : NOTE: Release returning: 0 (OK=0)
01-25 14:47:14.952 26523 24414 I hw-BpHwBinder: onLastStrongRef automatically unlinking death recipients
01-25 14:47:14.952  1372  2856 I hw-BpHwBinder: onLastStrongRef automatically unlinking death recipients
01-25 14:47:14.952  1372  2856 I QC2CompStore: Deleting component(c2.qti.vp8.encoder) id(5701)
01-25 14:47:14.952  1372  2854 D BufferPoolAccessor2.0: Destruction - bufferpool2 0xe87c3088 cached: 0/0M, 0/0% in use; allocs: 0, 0% recycled; transfers: 0, 0% unfetched
01-25 14:47:14.952  1372  2856 I QC2Comp : [vp8E_5701] Deallocated component c2.qti.vp8.encoder [id=5701]
01-25 14:47:14.952 26523 29416 E BufferQueueProducer: [GraphicBufferSource](id:679b00000065,api:1,p:712,c:26523) queueBuffer: BufferQueue has been abandoned
01-25 14:47:14.953   712   712 E Surface : queueBuffer: error queuing buffer, -19
01-25 14:47:14.953   712   712 E CompositionEngine: Error when queueing buffer for display [studio.screen.sharing:0]: -19
01-25 14:47:14.953 26523 29416 E BufferQueueProducer: [GraphicBufferSource](id:679b00000065,api:1,p:712,c:26523) cancelBuffer: BufferQueue has been abandoned
01-25 14:47:14.954  1372  2856 I ECOSession: ECOSession destroyed with w: 824, h: 1740, isCameraRecording: 1
01-25 14:47:14.956 26523 24434 D CCodec  : allocate(c2.qti.vp8.encoder)
01-25 14:47:14.960 26523 24434 I CCodec  : setting up 'default' as default (vendor) store
01-25 14:47:14.961 24344 24344 E s.nexuslauncher: Invalid ID 0x00000000.
01-25 14:47:14.961  1372  2856 I vendor.qti.media.c2@1.0-service: missing struct descriptor #Param::CoreIndex(--004) for field values of struct #Param::CoreIndex(F-12004)
01-25 14:47:14.961  1372  2856 I QC2Comp : Create: Allocated component[5702] for name c2.qti.vp8.encoder
01-25 14:47:14.961  1372  2856 I QC2CompStore: Created component(c2.qti.vp8.encoder) id(5702)
01-25 14:47:14.964 26523 24434 I CCodec  : Created component [c2.qti.vp8.encoder]
01-25 14:47:14.964 26523 24434 D CCodecConfig: read media type: video/x-vnd.on2.vp8
01-25 14:47:14.965 26523 24434 D ReflectedParamUpdater: extent() != 1 for single value type: output.buffers.pool-ids.values
01-25 14:47:14.967 26523 24434 D ReflectedParamUpdater: ignored struct field coding.gop.values
01-25 14:47:14.968 26523 24434 D CCodecConfig: ignoring local param raw.color (0xc2001809) as it is already supported
01-25 14:47:14.968 26523 24434 I CCodecConfig: query failed after returning 19 values (BAD_INDEX)
01-25 14:47:14.968 26523 24434 D CCodecConfig: c2 config diff is Dict {
01-25 14:47:14.968 26523 24434 D CCodecConfig:   c2::u32 algo.bitrate-mode.value = 3
01-25 14:47:14.968 26523 24434 D CCodecConfig:   c2::u32 algo.complexity.value = 0
01-25 14:47:14.968 26523 24434 D CCodecConfig:   c2::i32 algo.priority.value = -1
01-25 14:47:14.968 26523 24434 D CCodecConfig:   c2::float algo.rate.value = 30
01-25 14:47:14.968 26523 24434 D CCodecConfig:   c2::i32 coded.average-qp.value = 0
01-25 14:47:14.968 26523 24434 D CCodecConfig:   c2::u32 coded.bitrate.value = 20000000
01-25 14:47:14.968 26523 24434 D CCodecConfig:   c2::float coded.frame-rate.value = 30
01-25 14:47:14.968 26523 24434 D CCodecConfig:   c2::u32 coded.picture-type.value = 0
01-25 14:47:14.968 26523 24434 D CCodecConfig:   c2::u32 coded.pl.level = 28672
01-25 14:47:14.968 26523 24434 D CCodecConfig:   c2::u32 coded.pl.profile = 28672
01-25 14:47:14.968 26523 24434 D CCodecConfig:   c2::u32 coded.vui.color.matrix = 0
01-25 14:47:14.968 26523 24434 D CCodecConfig:   c2::u32 coded.vui.color.primaries = 0
01-25 14:47:14.968 26523 24434 D CCodecConfig:   c2::u32 coded.vui.color.range = 0
01-25 14:47:14.968 26523 24434 D CCodecConfig:   c2::u32 coded.vui.color.transfer = 0
01-25 14:47:14.968 26523 24434 D CCodecConfig:   c2::u32 coding.intra-refresh.mode = 0
01-25 14:47:14.968 26523 24434 D CCodecConfig:   c2::float coding.intra-refresh.period = 0
01-25 14:47:14.968 26523 24434 D CCodecConfig:   c2::u32 coding.request-sync-frame.value = 0
01-25 14:47:14.968 26523 24434 D CCodecConfig:   c2::i64 coding.sync-frame-interval.value = 1000000
01-25 14:47:14.968 26523 24434 D CCodecConfig:   c2::u32 default.color.matrix = 0
01-25 14:47:14.968 26523 24434 D CCodecConfig:   c2::u32 default.color.primaries = 0
01-25 14:47:14.968 26523 24434 D CCodecConfig:   c2::u32 default.color.range = 0
01-25 14:47:14.968 26523 24434 D CCodecConfig:   c2::u32 default.color.transfer = 0
01-25 14:47:14.968 26523 24434 D CCodecConfig:   c2::u32 input.delay.value = 0
01-25 14:47:14.968 26523 24434 D CCodecConfig:   string input.media-type.value = "video/raw"
01-25 14:47:14.968 26523 24434 D CCodecConfig:   c2::u32 output.delay.value = 1
01-25 14:47:14.968 26523 24434 D CCodecConfig:   string output.media-type.value = "video
01-25 14:47:14.969 26523 24434 W ColorUtils: expected specified color aspects (0:0:0:0)
01-25 14:47:14.971 26523 24437 D CCodec  : allocate(c2.qti.vp8.encoder)
01-25 14:47:14.973 26523 24437 I CCodec  : setting up 'default' as default (vendor) store
01-25 14:47:14.975  1372  2856 I vendor.qti.media.c2@1.0-service: missing struct descriptor #Param::CoreIndex(--004) for field values of struct #Param::CoreIndex(F-12004)
01-25 14:47:14.975  1372  2856 I QC2Comp : Create: Allocated component[5703] for name c2.qti.vp8.encoder
01-25 14:47:14.975  1372  2856 I QC2CompStore: Created component(c2.qti.vp8.encoder) id(5703)
01-25 14:47:14.976 26523 24437 I CCodec  : Created component [c2.qti.vp8.encoder]
01-25 14:47:14.976 26523 24437 D CCodecConfig: read media type: video/x-vnd.on2.vp8
01-25 14:47:14.977 24344 24344 D CompatibilityChangeReporter: Compat change id reported: 171228096; UID 10156; state: ENABLED
01-25 14:47:14.980 26523 24437 D ReflectedParamUpdater: ignored struct field coding.gop.values
01-25 14:47:14.981 26523 24437 D ReflectedParamUpdater: extent() != 1 for single value type: output.buffers.pool-ids.values
01-25 14:47:14.982 26523 24437 D CCodecConfig: ignoring local param raw.color (0xc2001809) as it is already supported
01-25 14:47:14.982 26523 24437 I CCodecConfig: query failed after returning 19 values (BAD_INDEX)
01-25 14:47:14.983 26523 24437 D CCodecConfig: c2 config diff is Dict {
01-25 14:47:14.983 26523 24437 D CCodecConfig:   c2::u32 algo.bitrate-mode.value = 3
01-25 14:47:14.983 26523 24437 D CCodecConfig:   c2::u32 algo.complexity.value = 0
01-25 14:47:14.983 26523 24437 D CCodecConfig:   c2::i32 algo.priority.value = -1
01-25 14:47:14.983 26523 24437 D CCodecConfig:   c2::float algo.rate.value = 30
01-25 14:47:14.983 26523 24437 D CCodecConfig:   c2::i32 coded.average-qp.value = 0
01-25 14:47:14.983 26523 24437 D CCodecConfig:   c2::u32 coded.bitrate.value = 20000000
01-25 14:47:14.983 26523 24437 D CCodecConfig:   c2::float coded.frame-rate.value = 30
01-25 14:47:14.983 26523 24437 D CCodecConfig:   c2::u32 coded.picture-type.value = 0
01-25 14:47:14.983 26523 24437 D CCodecConfig:   c2::u32 coded.pl.level = 28672
01-25 14:47:14.983 26523 24437 D CCodecConfig:   c2::u32 coded.pl.profile = 28672
01-25 14:47:14.983 26523 24437 D CCodecConfig:   c2::u32 coded.vui.color.matrix = 0
01-25 14:47:14.983 26523 24437 D CCodecConfig:   c2::u32 coded.vui.color.primaries = 0
01-25 14:47:14.983 26523 24437 D CCodecConfig:   c2::u32 coded.vui.color.range = 0
01-25 14:47:14.983 26523 24437 D CCodecConfig:   c2::u32 coded.vui.color.transfer = 0
01-25 14:47:14.983 26523 24437 D CCodecConfig:   c2::u32 coding.intra-refresh.mode = 0
01-25 14:47:14.983 26523 24437 D CCodecConfig:   c2::float coding.intra-refresh.period = 0
01-25 14:47:14.983 26523 24437 D CCodecConfig:   c2::u32 coding.request-sync-frame.value = 0
01-25 14:47:14.983 26523 24437 D CCodecConfig:   c2::i64 coding.sync-frame-interval.value = 1000000
01-25 14:47:14.983 26523 24437 D CCodecConfig:   c2::u32 default.color.matrix = 0
