01-25 14:47:19.266  1996  2116 I DisplayDeviceRepository: Display device changed: DisplayDeviceInfo{"Built-in Screen": uniqueId="local:4630946523002478721", 1440 x 3040, modeId 2, defaultModeId 1, supportedModes [{id=1, width=1440, height=3040, fps=60.000004, alternativeRefreshRates=[90.0]}, {id=2, width=1440, height=3040, fps=90.0, alternativeRefreshRates=[60.000004]}], colorMode 0, supportedColorModes [0, 7, 9], hdrCapabilities HdrCapabilities{mSupportedHdrTypes=[2, 3], mMaxLuminance=500.0, mMaxAverageLuminance=500.0, mMinLuminance=0.0}, allmSupported false, gameContentTypeSupported false, density 560, 537.882 x 539.972 dpi, appVsyncOff 2333333, presDeadline 11500000, touch INTERNAL, rotation 0, type INTERNAL, address {port=129, model=0x40446d53ad64a0}, deviceProductInfo DeviceProductInfo{name=, manufacturerPnpId=QCM, productId=1, modelYear=null, manufactureDate=ManufactureDate{week=27, year=2006}, connectionToSinkType=0}, state ON, frameRateOverride , brightnessMinimum 0.0, brightnessMaximum 1.0, brightnessDefault 0.38188976, roundedCorners RoundedCorners{[RoundedCorner{position=TopLeft, radius=157, center=Point(157, 157)}, RoundedCorner{position=TopRight, radius=157, center=Point(1283, 157)}, RoundedCorner{position=BottomRight, radius=157, center=Point(1283, 2883)}, RoundedCorner{position=BottomLeft, radius=157, center=Point(157, 2883)}]}, FLAG_ALLOWED_TO_BE_DEFAULT_DISPLAY, FLAG_ROTATES_WITH_CONTENT, FLAG_SECURE, FLAG_SUPPORTS_PROTECTED_BUFFERS, installOrientation 0}
01-25 14:47:19.269 24385 24641 W Parcel  : Expecting binder but got null!
01-25 14:47:19.270  1372  2854 I vendor.qti.media.c2@1.0-service: missing struct descriptor #Param::CoreIndex(--004) for field values of struct #Param::CoreIndex(F-12004)
01-25 14:47:19.270  1372  2854 I QC2Comp : Create: Allocated component[5704] for name c2.qti.vp8.encoder
01-25 14:47:19.270  1372  2854 I QC2CompStore: Created component(c2.qti.vp8.encoder) id(5704)
01-25 14:47:19.271 24385 24385 I ContentCaptureHelper: Setting logging level to OFF
01-25 14:47:19.272 24385 24401 I OpenGLRenderer: Davey! duration=3326ms; Flags=1, FrameTimelineVsyncId=30352856, IntendedVsync=138000842150167, Vsync=138003843462337, InputEventId=0, HandleInputStart=138003848855664, AnimationStart=138003848856549, PerformTraversalsStart=138003848863216, DrawStart=138004152354496, FrameDeadline=138000863150167, FrameInterval=138003848802331, FrameStartTime=11115971, SyncQueued=138004156083559, SyncStart=138004156136580, IssueDrawCommandsStart=138004156672517, SwapBuffers=138004168192467, FrameCompleted=138004169016790, DequeueBufferDuration=9432189, QueueBufferDuration=198438, GpuCompleted=138004169016790, SwapBuffersCompleted=138004168800279, DisplayPresentTime=0, CommandSubmissionCompleted=138004168192467, 
01-25 14:47:19.274 24385 24385 W TextView: onProvideContentCaptureStructure(): calling assumeLayout()
01-25 14:47:19.276 26523 24841 I CCodec  : Created component [c2.qti.vp8.encoder]
01-25 14:47:19.276 26523 24841 D CCodecConfig: read media type: video/x-vnd.on2.vp8
01-25 14:47:19.276 26523 24841 D ReflectedParamUpdater: extent() != 1 for single value type: output.buffers.pool-ids.values
01-25 14:47:19.278 26523 24841 D ReflectedParamUpdater: ignored struct field coding.gop.values
01-25 14:47:19.279 26523 24841 D CCodecConfig: ignoring local param raw.color (0xc2001809) as it is already supported
01-25 14:47:19.280 26523 24841 I CCodecConfig: query failed after returning 19 values (BAD_INDEX)
01-25 14:47:19.280 26523 24841 D CCodecConfig: c2 config diff is Dict {
01-25 14:47:19.280 26523 24841 D CCodecConfig:   c2::u32 algo.bitrate-mode.value = 3
01-25 14:47:19.280 26523 24841 D CCodecConfig:   c2::u32 algo.complexity.value = 0
01-25 14:47:19.280 26523 24841 D CCodecConfig:   c2::i32 algo.priority.value = -1
01-25 14:47:19.280 26523 24841 D CCodecConfig:   c2::float algo.rate.value = 30
01-25 14:47:19.280 26523 24841 D CCodecConfig:   c2::i32 coded.average-qp.value = 0
01-25 14:47:19.280 26523 24841 D CCodecConfig:   c2::u32 coded.bitrate.value = 20000000
01-25 14:47:19.280 26523 24841 D CCodecConfig:   c2::float coded.frame-rate.value = 30
01-25 14:47:19.280 26523 24841 D CCodecConfig:   c2::u32 coded.picture-type.value = 0
01-25 14:47:19.280 26523 24841 D CCodecConfig:   c2::u32 coded.pl.level = 28672
01-25 14:47:19.280 26523 24841 D CCodecConfig:   c2::u32 coded.pl.profile = 28672
01-25 14:47:19.280 26523 24841 D CCodecConfig:   c2::u32 coded.vui.color.matrix = 0
01-25 14:47:19.280 26523 24841 D CCodecConfig:   c2::u32 coded.vui.color.primaries = 0
01-25 14:47:19.280 26523 24841 D CCodecConfig:   c2::u32 coded.vui.color.range = 0
01-25 14:47:19.280 26523 24841 D CCodecConfig:   c2::u32 coded.vui.color.transfer = 0
01-25 14:47:19.280 26523 24841 D CCodecConfig:   c2::u32 coding.intra-refresh.mode = 0
01-25 14:47:19.280 26523 24841 D CCodecConfig:   c2::float coding.intra-refresh.period = 0
01-25 14:47:19.280 26523 24841 D CCodecConfig:   c2::u32 coding.request-sync-frame.value = 0
01-25 14:47:19.280 26523 24841 D CCodecConfig:   c2::i64 coding.sync-frame-interval.value = 1000000
01-25 14:47:19.280 26523 24841 D CCodecConfig:   c2::u32 default.color.matrix = 0
01-25 14:47:19.280 26523 24841 D CCodecConfig:   c2::u32 default.color.primaries = 0
01-25 14:47:19.280 26523 24841 D CCodecConfig:   c2::u32 default.color.range = 0
01-25 14:47:19.280 26523 24841 D CCodecConfig:   c2::u32 default.color.transfer = 0
01-25 14:47:19.280 26523 24841 D CCodecConfig:   c2::u32 input.delay.value = 0
01-25 14:47:19.280 26523 24841 D CCodecConfig:   string input.media-type.value = "video/raw"
01-25 14:47:19.280 26523 24841 D CCodecConfig:   c2::u32 output.delay.value = 1
01-25 14:47:19.280 26523 24841 D CCodecConfig:   string output.media-type.value = "video
01-25 14:47:19.281 26523 24841 W ColorUtils: expected specified color aspects (0:0:0:0)
01-25 14:47:19.282   712   773 W HWComposer: Ignoring duplicate VSYNC event from HWC for display 4630946523002478721 (t=138004189904000)
01-25 14:47:19.288 26523 24846 D CCodec  : allocate(c2.qti.vp8.encoder)
01-25 14:47:19.289  1996  4260 D ConnectivityService: requestNetwork for uid/pid:10112/24385 activeRequest: null callbackRequest: 16382 [NetworkRequest [ REQUEST id=16383, [ Capabilities: INTERNET&NOT_RESTRICTED&TRUSTED&NOT_VCN_MANAGED Uid: 10112 RequestorUid: 10112 RequestorPkg: com.google.android.googlequicksearchbox UnderlyingNetworks: Null] ]] callback flags: 0 order: 2147483647
01-25 14:47:19.290 26523 24846 I CCodec  : setting up 'default' as default (vendor) store
01-25 14:47:19.293   712   773 W HWComposer: Ignoring duplicate VSYNC event from HWC for display 4630946523002478721 (t=138004201010000)
01-25 14:47:19.295  1372 11307 I vendor.qti.media.c2@1.0-service: missing struct descriptor #Param::CoreIndex(--004) for field values of struct #Param::CoreIndex(F-12004)
01-25 14:47:19.295  1372 11307 I QC2Comp : Create: Allocated component[5705] for name c2.qti.vp8.encoder
01-25 14:47:19.295  1372 11307 I QC2CompStore: Created component(c2.qti.vp8.encoder) id(5705)
01-25 14:47:19.296 26523 24846 I CCodec  : Created component [c2.qti.vp8.encoder]
01-25 14:47:19.297 26523 24846 D CCodecConfig: read media type: video/x-vnd.on2.vp8
01-25 14:47:19.297 26523 24846 D ReflectedParamUpdater: extent() != 1 for single value type: output.buffers.pool-ids.values
01-25 14:47:19.299 26523 24846 D ReflectedParamUpdater: ignored struct field coding.gop.values
01-25 14:47:19.300 26523 24846 D CCodecConfig: ignoring local param raw.color (0xc2001809) as it is already supported
01-25 14:47:19.300 26523 24846 I CCodecConfig: query failed after returning 19 values (BAD_INDEX)
01-25 14:47:19.300 26523 24846 D CCodecConfig: c2 config diff is Dict {
01-25 14:47:19.300 26523 24846 D CCodecConfig:   c2::u32 algo.bitrate-mode.value = 3
01-25 14:47:19.300 26523 24846 D CCodecConfig:   c2::u32 algo.complexity.value = 0
01-25 14:47:19.300 26523 24846 D CCodecConfig:   c2::i32 algo.priority.value = -1
01-25 14:47:19.300 26523 24846 D CCodecConfig:   c2::float algo.rate.value = 30
01-25 14:47:19.300 26523 24846 D CCodecConfig:   c2::i32 coded.average-qp.value = 0
01-25 14:47:19.300 26523 24846 D CCodecConfig:   c2::u32 coded.bitrate.value = 20000000
01-25 14:47:19.300 26523 24846 D CCodecConfig:   c2::float coded.frame-rate.value = 30
01-25 14:47:19.300 26523 24846 D CCodecConfig:   c2::u32 coded.picture-type.value = 0
01-25 14:47:19.300 26523 24846 D CCodecConfig:   c2::u32 coded.pl.level = 28672
01-25 14:47:19.300 26523 24846 D CCodecConfig:   c2::u32 coded.pl.profile = 28672
01-25 14:47:19.300 26523 24846 D CCodecConfig:   c2::u32 coded.vui.color.matrix = 0
01-25 14:47:19.300 26523 24846 D CCodecConfig:   c2::u32 coded.vui.color.primaries = 0
01-25 14:47:19.300 26523 24846 D CCodecConfig:   c2::u32 coded.vui.color.range = 0
01-25 14:47:19.300 26523 24846 D CCodecConfig:   c2::u32 coded.vui.color.transfer = 0
01-25 14:47:19.300 26523 24846 D CCodecConfig:   c2::u32 coding.intra-refresh.mode = 0
01-25 14:47:19.300 26523 24846 D CCodecConfig:   c2::float coding.intra-refresh.period = 0
01-25 14:47:19.300 26523 24846 D CCodecConfig:   c2::u32 coding.request-sync-frame.value = 0
01-25 14:47:19.300 26523 24846 D CCodecConfig:   c2::i64 coding.sync-frame-interval.value = 1000000
01-25 14:47:19.300 26523 24846 D CCodecConfig:   c2::u32 default.color.matrix = 0
01-25 14:47:19.300 26523 24846 D CCodecConfig:   c2::u32 default.color.primaries = 0
01-25 14:47:19.300 26523 24846 D CCodecConfig:   c2::u32 default.color.range = 0
01-25 14:47:19.300 26523 24846 D CCodecConfig:   c2::u32 default.color.transfer = 0
01-25 14:47:19.300 26523 24846 D CCodecConfig:   c2::u32 input.delay.value = 0
01-25 14:47:19.300 26523 24846 D CCodecConfig:   string input.media-type.value = "video/raw"
01-25 14:47:19.300 26523 24846 D CCodecConfig:   c2::u32 output.delay.value = 1
01-25 14:47:19.300 26523 24846 D CCodecConfig:   string output.media-type.value = "video
01-25 14:47:19.301 26523 24846 W ColorUtils: expected specified color aspects (0:0:0:0)
01-25 14:47:19.301  1996  2681 D ConnectivityService: NetReassign [16383 : null  136] [c 1] [a 2] [i 7]
01-25 14:47:19.303  1996  2673 D WifiNetworkFactory: got request NetworkRequest [ REQUEST id=16383, [ Capabilities: INTERNET&NOT_RESTRICTED&TRUSTED&NOT_VCN_MANAGED Uid: 10112 RequestorUid: 10112 RequestorPkg: com.google.android.googlequicksearchbox UnderlyingNetworks: Null] ]
01-25 14:47:19.304   712   773 W HWComposer: Ignoring duplicate VSYNC event from HWC for display 4630946523002478721 (t=138004212113000)
01-25 14:47:19.305  1996  2673 D UntrustedWifiNetworkFactory: got request NetworkRequest [ REQUEST id=16383, [ Capabilities: INTERNET&NOT_RESTRICTED&TRUSTED&NOT_VCN_MANAGED Uid: 10112 RequestorUid: 10112 RequestorPkg: com.google.android.googlequicksearchbox UnderlyingNetworks: Null] ]
01-25 14:47:19.305 26523 26654 D MediaCodec: shapeMediaFormat: deltas(1): AMessage(what = 0x00000000) = {
01-25 14:47:19.305 26523 26654 D MediaCodec:     int32_t android._encoding-quality-level = 0
01-25 14:47:19.305 26523 26654 D MediaCodec:   }
01-25 14:47:19.305  1996  2673 D OemPaidWifiNetworkFactory: got request NetworkRequest [ REQUEST id=16383, [ Capabilities: INTERNET&NOT_RESTRICTED&TRUSTED&NOT_VCN_MANAGED Uid: 10112 RequestorUid: 10112 RequestorPkg: com.google.android.googlequicksearchbox UnderlyingNetworks: Null] ]
01-25 14:47:19.306  1996  2673 D MultiInternetWifiNetworkFactory: got request NetworkRequest [ REQUEST id=16383, [ Capabilities: INTERNET&NOT_RESTRICTED&TRUSTED&NOT_VCN_MANAGED Uid: 10112 RequestorUid: 10112 RequestorPkg: com.google.android.googlequicksearchbox UnderlyingNetworks: Null] ]
01-25 14:47:19.307 26523 24846 D CCodec  : [c2.qti.vp8.encoder] buffers are bound to CCodec for this session
01-25 14:47:19.307 26523 24846 D CCodecConfig: no c2 equivalents for color-format
01-25 14:47:19.307 26523 24846 D CCodecConfig: no c2 equivalents for repeat-previous-frame-after
01-25 14:47:19.307 26523 24846 D CCodecConfig: no c2 equivalents for color-standard
01-25 14:47:19.307 26523 24846 D CCodecConfig: no c2 equivalents for flags
01-25 14:47:19.307 26523 24846 D CCodecConfig: no c2 equivalents for encoder
01-25 14:47:19.308 24385 24385 E dvnk    : (REDACTED) onTrimMemory(%d): suspendedForTrimMemory=%b, shouldSuspend=%b
01-25 14:47:19.309 26523 24846 D CCodecConfig: c2 config diff is   c2::u32 coded.bitrate.value = 10000000
01-25 14:47:19.309 26523 24846 D CCodecConfig:   c2::float coded.frame-rate.value = 60
01-25 14:47:19.309 26523 24846 D CCodecConfig:   c2::u32 coded.vui.color.matrix = 3
01-25 14:47:19.309 26523 24846 D CCodecConfig:   c2::u32 coded.vui.color.primaries = 4
01-25 14:47:19.309 26523 24846 D CCodecConfig:   c2::i64 coding.sync-frame-interval.value = 10000000
01-25 14:47:19.309 26523 24846 D CCodecConfig:   c2::u32 raw.color.matrix = 3
01-25 14:47:19.309 26523 24846 D CCodecConfig:   c2::u32 raw.color.primaries = 4
01-25 14:47:19.309 26523 24846 D CCodecConfig:   c2::u32 raw.pixel-format.value = 34
01-25 14:47:19.309 26523 24846 D CCodecConfig:   c2::u32 raw.size.height = 1740
01-25 14:47:19.309 26523 24846 D CCodecConfig:   c2::u32 raw.size.width = 824
01-25 14:47:19.309 26523 24846 W ColorUtils: expected specified color aspects (0:4:3:0)
01-25 14:47:19.309 26523 24846 D CCodec  : encoding statistics level = 0
01-25 14:47:19.309 26523 24846 D CCodec  : setup formats input: AMessage(what = 0x00000000) = {
01-25 14:47:19.309 26523 24846 D CCodec  :   int32_t android._color-format = 2130708361
01-25 14:47:19.309 26523 24846 D CCodec  :   Rect crop(0, 0, 823, 1739)
01-25 14:47:19.309 26523 24846 D CCodec  :   int32_t color-standard = 4
01-25 14:47:19.309 26523 24846 D CCodec  :   int32_t color-range = 0
01-25 14:47:19.309 26523 24846 D CCodec  :   int32_t color-transfer = 0
01-25 14:47:19.309 26523 24846 D CCodec  :   int32_t frame-rate = 60
01-25 14:47:19.309 26523 24846 D CCodec  :   int32_t height = 1740
01-25 14:47:19.309 26523 24846 D CCodec  :   int32_t intra-refresh-period = 0
01-25 14:47:19.309 26523 24846 D CCodec  :   string mime = "video/raw"
01-25 14:47:19.309 26523 24846 D CCodec  :   int32_t priority = 1
01-25 14:47:19.309 26523 24846 D CCodec  :   int32_t video-qp-average = 0
01-25 14:47:19.309 26523 24846 D CCodec  :   int32_t width = 824
01-25 14:47:19.309 26523 24846 D CCodec  :   int32_t android._dataspace = 262144
01-25 14:47:19.309 26523 24846 D CCodec  :   int64_t android._C2MemoryUsage = 65536
01-25 14:47:19.309 26523 24846 D CCodec  :   int32_t color-format = 2130708361
01-25 14:47:19.309 26523 24846 D CCodec  : }
01-25 14:47:19.309 26523 24846 D CCodec  : setup formats output: AMessage(what = 0x00000000) = {
01-25 14:47:19.309 26523 24846 D CCodec  :   int32_t bitrate = 10000000
01-25 14:47:19.309 26523 24846 D CCodec  :   int32_t bitrate-mode = 1
01-25 14:47:19.309 26523 24846 D CCodec  :   Rect crop(0, 0, 823, 1739)
01-25 14:47:19.309 26523 24846 D CCodec  :   int32_t color-standard = 4
01-25 14:47:19.309 26523 24846 D CCodec  :   int32_t color-range = 0
01-25 14:47:19.309 26523 24846 D CCodec  :   int32_t color-transfer = 0
01-25 14:47:19.309 26523 24846 D CCodec  :   int32_t frame-rate = 60
01-25 14:47:19.309 26523 24846 D CCodec  :   int32_t height = 1740
01-25 14:47:19.309 26523 24846 D CCodec  :   int32_t intra-refresh-period = 0
01-25 14:47:19.309 26523 24846 D CCodec  :   int32_t level = 1
01-25 14:47:19.309 26523 24846 D CCodec  :   int32_t max-bitrate = 10000000
01-25 14:47:19.309 26523 24846 D CCodec  :   string mime = "video/x-vnd.on2.vp8"
01-25 14:47:19.309 26523 24846 D CCodec  :   int32_t priority = 1
01-25 14:47:19.309 26523 24846 D CCodec  :   int32_t profile = 1
01-25 14:47:19.309 26523 24846 D CCodec  :   int32_t video-qp-average = 0
01-25 14:47:19.309 26523 24846 D CCodec  :   int32_t width = 824
01-25 14:47:19.309 26523 24846 D CCodec  : }
01-25 14:47:19.309 26523 24846 I CCodecConfig: query failed after returning 19 values (BAD_INDEX)
01-25 14:47:19.310 26523 26654 I studio.screen.sharing: Display 0: configured c2.qti.vp8.encoder video size 824x1740 bit_rate 10000000
01-25 14:47:19.315 26523 24846 D CCodec  : input format changed to AMessage(what = 0x00000000) = {
01-25 14:47:19.315 26523 24846 D CCodec  :   int32_t android._color-format = 2130708361
01-25 14:47:19.315 26523 24846 D CCodec  :   Rect crop(0, 0, 823, 1739)
01-25 14:47:19.315 26523 24846 D CCodec  :   int32_t color-standard = 4
01-25 14:47:19.315 26523 24846 D CCodec  :   int32_t color-range = 2
01-25 14:47:19.315 26523 24846 D CCodec  :   int32_t color-transfer = 3
01-25 14:47:19.315 26523 24846 D CCodec  :   int32_t frame-rate = 60
01-25 14:47:19.315 26523 24846 D CCodec  :   int32_t height = 1740
01-25 14:47:19.315 26523 24846 D CCodec  :   int32_t intra-refresh-period = 0
01-25 14:47:19.315 26523 24846 D CCodec  :   string mime = "video/raw"
01-25 14:47:19.315 26523 24846 D CCodec  :   int32_t priority = 1
01-25 14:47:19.315 26523 24846 D CCodec  :   int32_t video-qp-average = 0
01-25 14:47:19.315 26523 24846 D CCodec  :   int32_t width = 824
01-25 14:47:19.315 26523 24846 D CCodec  :   int32_t android._dataspace = 259
01-25 14:47:19.315 26523 24846 D CCodec  :   int64_t android._C2MemoryUsage = 65536
01-25 14:47:19.315 26523 24846 D CCodec  :   int32_t color-format = 2130708361
01-25 14:47:19.315 26523 24846 D CCodec  : }
01-25 14:47:19.315   712   773 W HWComposer: Ignoring duplicate VSYNC event from HWC for display 4630946523002478721 (t=138004223242000)
01-25 14:47:19.320 26523 24846 D GraphicBufferSource: setting dataspace: 0x103, acquired=0
01-25 14:47:19.320 26523 24846 D CCodec  : ISConfig minFps=10 => repeatDelayUs=100000
01-25 14:47:19.323 24385 24676 I dtlr    : RenderableStreamDataSource#loadData - cacheHit
01-25 14:47:19.326   712   773 W HWComposer: Ignoring duplicate VSYNC event from HWC for display 4630946523002478721 (t=138004234350000)
01-25 14:47:19.332 24385 24612 I gynt    : Running throttled refresh
01-25 14:47:19.332  1372 24848 I QC2V4l2Driver: [vp8E_5705] Device /dev/video33 opened with fd: 7
01-25 14:47:19.332  1372 24848 E QC2V4l2Driver: [vp8E_5705] failed to set buffer size limit to 4
01-25 14:47:19.334  1372 24848 W QC2V4l2Codec: [vp8E_5705] unknown/unsupported param Output::SyncFrameInterval index = 0x52002005
01-25 14:47:19.334  1372 24848 E QC2V4l2Codec: [vp8E_5705]  OPAQUE is not a supported pixel format!
01-25 14:47:19.334  1372 24848 E QC2Comp : [vp8E_5705] configureCodec: Failed to set updated param Input::PixelFormat
01-25 14:47:19.334  1372 24848 W QC2V4l2Codec: [vp8E_5705] unknown/unsupported param Output::PFrameCount index = 0x52008002
01-25 14:47:19.334  1372 24848 E QC2V4l2Codec: [vp8E_5705] Could not find v4l2 equivalent for C2 Profile: ?? (0x7000)
01-25 14:47:19.334  1372 24848 E QC2Comp : [vp8E_5705] configureCodec: Failed to set updated param Output::ProfileLevel
01-25 14:47:19.334  1372 24848 W QC2Comp : [vp8E_5705] Handling start: Codec failed to configure !!
01-25 14:47:19.335 26523 24846 W Codec2Client: query -- param skipped: index = 1342179345.
01-25 14:47:19.335 26523 24846 W Codec2Client: query -- param skipped: index = 2415921170.
01-25 14:47:19.335 26523 24846 W Codec2Client: query -- param skipped: index = 1610614798.
01-25 14:47:19.335 26523 24846 D CCodecBufferChannel: [c2.qti.vp8.encoder#930] Query input allocators returned 0 params => BAD_INDEX (6)
01-25 14:47:19.337 26523 24846 D CCodecBufferChannel: [c2.qti.vp8.encoder#930] Using basic input block pool with poolID 1 => got 1 - OK (0)
01-25 14:47:19.337 26523 24846 D CCodecBufferChannel: [c2.qti.vp8.encoder#930] Query output allocators returned 0 params => BAD_INDEX (6)
01-25 14:47:19.338   712   773 W HWComposer: Ignoring duplicate VSYNC event from HWC for display 4630946523002478721 (t=138004245470000)
01-25 14:47:19.340 24385 24676 I dtlr    : (REDACTED) RenderableStreamDataSource#loadData - succeed, cache status: %s
01-25 14:47:19.342 26523 24846 I CCodecBufferChannel: [c2.qti.vp8.encoder#930] Created output block pool with allocatorID 16 => poolID 2578 - OK
01-25 14:47:19.342 26523 24846 D CCodecBufferChannel: [c2.qti.vp8.encoder#930] Configured output block pool ids 2578 => OK
01-25 14:47:19.343  1372  2854 E QC2Interface: Few parameters failed to configure
01-25 14:47:19.344  1571  8457 W ResourceManagerService: Ignoring request to add new resource entry with value <= 0
01-25 14:47:19.347 26523 26605 D GraphicBufferSource: got buffer with new dataSpace #103
01-25 14:47:19.347 26523 26605 D C2OMXNode: dataspace changed to 0x103 pixel format: 0x1
01-25 14:47:19.365 24344 24442 W QsbUiManager: Doodle is not valid.
01-25 14:47:19.365 24344 24442 W QsbUiManager: Doodle bitmap is not valid.
01-25 14:47:19.378  1372 24848 W AdrenoUtils: <ReadGpuID_from_sysfs:197>: Failed to open /sys/class/kgsl/kgsl-3d0/gpu_model
01-25 14:47:19.378  1372 24848 W AdrenoUtils: <ReadGpuID:221>: Failed to read chip ID from gpu_model. Fallback to use the GSL path
01-25 14:47:19.382 24385 24564 I bgyn    : NGA Sync: beginOnDataPresent
01-25 14:47:19.382 24385 24564 I bgyn    : (REDACTED) NGA Sync: isNgaSyncEnabled: %s; enableFileGroupPopulator: %s; requiresMddAssets: %s
01-25 14:47:19.384 24385 24564 I bgtt    : (REDACTED) Flag controlled groups: %s
01-25 14:47:19.384 24385 24564 I bgtt    : (REDACTED) Required groups: %s
01-25 14:47:19.384 24385 24564 I bgyn    : NGA Sync: endOnDataPresent
01-25 14:47:19.385 24385 24564 I bgyn    : (REDACTED) NGA Sync: isNgaSyncEnabled: %s; enableFileGroupPopulator: %s; requiresMddAssets: %s
01-25 14:47:19.386   653   653 I lowmemorykiller: Kill 'com.google.android.gms' (22324), uid 10146, oom_score_adj 100 to free 61060kB rss, 25752kB swap; reason: device is low on swap (0kB < 209712kB) and thrashing (200%)
01-25 14:47:19.386 24385 24564 I bfqg    : NGA enabled in interactor.
01-25 14:47:19.390  1372 24848 E QC2C2DEngine: calcYSize: unsupported color format, RGBA8888(1)
01-25 14:47:19.401  1996  2168 I ActivityManager: Process com.google.android.gms (pid 22324) has died: vis BTOP
01-25 14:47:19.405  1996  2168 W ActivityManager: Scheduling restart of crashed service com.google.android.gms/.chimera.GmsApiService in 253812ms for connection
01-25 14:47:19.405  1996  2168 W ActivityManager: Scheduling restart of crashed service com.google.android.gms/.chimera.GmsIntentOperationService in 273811ms for start-requested
01-25 14:47:19.405  1996  2168 W ActivityManager: Scheduling restart of crashed service com.google.android.gms/.chimera.GmsInternalApiService in 293811ms for connection
01-25 14:47:19.405  1996  2168 W ActivityManager: Scheduling restart of crashed service com.google.android.gms/.chimera.GmsBoundBrokerService in 313811ms for connection
01-25 14:47:19.406  1996  2150 I libprocessgroup: Successfully killed process cgroup uid 10146 pid 22324 in 0ms
01-25 14:47:19.408  1996  2133 W ActivityManager: Rescheduling restart of crashed service com.qualcomm.atfwd/.AtFwdService in 12599ms for mem-pressure-event
01-25 14:47:19.408  1996  2133 W ActivityManager: Rescheduling restart of crashed service com.google.android.apps.scone/.connectivitymonitor.ConnectivityMonitorService in 42599ms for mem-pressure-event
01-25 14:47:19.408  1996  2133 W ActivityManager: Rescheduling restart of crashed service com.google.android.apps.scone/.coex.StateService in 72599ms for mem-pressure-event
01-25 14:47:19.409  1996  2133 W ActivityManager: Rescheduling restart of crashed service com.google.android.apps.messaging/com.google.android.ims.binding.SystemBindingService in 102599ms for mem-pressure-event
01-25 14:47:19.409  1996  4260 W Process : Unable to open /proc/22324/status
01-25 14:47:19.409  1308  1308 I Zygote  : Process 22324 exited due to signal 9 (Killed)
01-25 14:47:19.409  1996  2133 W ActivityManager: Rescheduling restart of crashed service com.google.android.apps.scone/.wifiscorer.WifiScorerService in 132599ms for mem-pressure-event
01-25 14:47:19.409  1996  2133 W ActivityManager: Rescheduling restart of crashed service com.google.android.apps.scone/.modem.ModemService in 162599ms for mem-pressure-event
01-25 14:47:19.409  1996  2133 W ActivityManager: Rescheduling restart of crashed service com.google.android.ims/.services.RcsService in 192599ms for mem-pressure-event
01-25 14:47:19.409  1996  2133 W ActivityManager: Rescheduling restart of crashed service com.google.android.inputmethod.latin/com.android.inputmethod.latin.LatinIME in 222599ms for mem-pressure-event
01-25 14:47:19.409  1996  2133 W ActivityManager: Rescheduling restart of crashed service com.breel.wallpapers19/.doodle.wallpaper.variations.DoodleWallpaperV1 in 252599ms for mem-pressure-event
01-25 14:47:19.409  1996  2133 W ActivityManager: Rescheduling restart of crashed service com.google.android.euicc/com.android.euicc.service.EuiccServiceImpl in 282599ms for mem-pressure-event
01-25 14:47:19.409  1996  2133 W ActivityManager: Rescheduling restart of crashed service com.qualcomm.qcrilmsgtunnel/.QcrilMsgTunnelService in 312599ms for mem-pressure-event
01-25 14:47:19.409  1996  2133 W ActivityManager: Rescheduling restart of crashed service com.google.android.ext.services/android.ext.services.autofill.InlineSuggestionRenderServiceImpl in 342599ms for mem-pressure-event
01-25 14:47:19.409  1996  2133 W ActivityManager: Rescheduling restart of crashed service com.google.android.gms/.chimera.GmsApiService in 372599ms for mem-pressure-event
01-25 14:47:19.409  1996  2133 W ActivityManager: Rescheduling restart of crashed service com.google.android.gms/.chimera.GmsIntentOperationService in 402599ms for mem-pressure-event
01-25 14:47:19.409  1996  2133 W ActivityManager: Rescheduling restart of crashed service com.google.android.gms/.chimera.GmsInternalApiService in 432599ms for mem-pressure-event
01-25 14:47:19.409  1996  2133 W ActivityManager: Rescheduling restart of crashed service com.google.android.gms/.chimera.GmsBoundBrokerService in 462599ms for mem-pressure-event
01-25 14:47:19.414 24385 24385 I ikve    : (REDACTED) Created gRPC endpoint for service %s
01-25 14:47:19.417 24385 24561 I bgyn    : NGA Sync: beginOnDataPresent
01-25 14:47:19.418 24385 24561 I bgyn    : (REDACTED) NGA Sync: isNgaSyncEnabled: %s; enableFileGroupPopulator: %s; requiresMddAssets: %s
01-25 14:47:19.419 24385 24561 I bgtt    : (REDACTED) Flag controlled groups: %s
01-25 14:47:19.420 24385 24561 I bgtt    : (REDACTED) Required groups: %s
01-25 14:47:19.420 24385 24561 I bgyn    : NGA Sync: endOnDataPresent
01-25 14:47:19.422 24385 24561 I bgyn    : (REDACTED) NGA Sync: isNgaSyncEnabled: %s; enableFileGroupPopulator: %s; requiresMddAssets: %s
01-25 14:47:19.422 24385 24561 I bfqg    : NGA enabled in interactor.
01-25 14:47:19.438 22558 22558 D BoundBrokerSvc: onUnbind: Intent { act=com.google.android.gms.presencemanager.service.START dat=chimera-action:/... cmp=com.google.android.gms/.chimera.PersistentApiService }
01-25 14:47:19.440  1372 24848 I ECOService: ECOService::obtainSession w: 824, h: 1740, isCameraRecording: 1
01-25 14:47:19.442  1372 24848 I ECOSession: ECOSession created with w: 824, h: 1740, isCameraRecording: 1
01-25 14:47:19.442  1372 24848 I ECOSession: ECOSession debug settings: logStats: false, entries: 0, logInfo: false entries: 0
01-25 14:47:19.442  1372 24848 I QC2ECOStats: Obtained ECO session for w(824) x h(1740)
01-25 14:47:19.448 22558 22558 D BoundBrokerSvc: onUnbind: Intent { act=com.google.android.gms.icing.LIGHTWEIGHT_INDEX_SERVICE dat=chimera-action:/... cmp=com.google.android.gms/.chimera.PersistentApiService }
01-25 14:47:19.450 22558 22558 D BoundBrokerSvc: onUnbind: Intent { act=com.google.android.gms.presencemanager.service.INTERNAL_IDENTITY dat=chimera-action:/... cmp=com.google.android.gms/.chimera.PersistentApiService }
01-25 14:47:19.454 24385 24401 I A       : Calling beginBinderSession().
01-25 14:47:19.462  1372  2854 D BufferPoolAccessor2.0: Destruction - bufferpool2 0xe87c2ae8 cached: 0/0M, 0/0% in use; allocs: 184, 96% recycled; transfers: 177, 98% unfetched
01-25 14:47:19.462  1372  2854 D BufferPoolAccessor2.0: Destruction - bufferpool2 0xe87c2c08 cached: 0/0M, 0/0% in use; allocs: 75, 91% recycled; transfers: 71, 92% unfetched
01-25 14:47:19.463 26523 24846 D CCodecBuffers: [c2.qti.vp8.encoder#930:Output[N]] popFromStashAndRegister: at 138004254702us, output format changed to AMessage(what = 0x00000000) = {
01-25 14:47:19.463 26523 24846 D CCodecBuffers:   int32_t bitrate = 10000000
01-25 14:47:19.463 26523 24846 D CCodecBuffers:   int32_t bitrate-mode = 1
01-25 14:47:19.463 26523 24846 D CCodecBuffers:   Rect crop(0, 0, 823, 1739)
01-25 14:47:19.463 26523 24846 D CCodecBuffers:   int32_t color-standard = 4
01-25 14:47:19.463 26523 24846 D CCodecBuffers:   int32_t color-range = 2
01-25 14:47:19.463 26523 24846 D CCodecBuffers:   int32_t color-transfer = 3
01-25 14:47:19.463 26523 24846 D CCodecBuffers:   int32_t frame-rate = 60
01-25 14:47:19.463 26523 24846 D CCodecBuffers:   int32_t height = 1740
01-25 14:47:19.463 26523 24846 D CCodecBuffers:   int32_t intra-refresh-period = 0
01-25 14:47:19.463 26523 24846 D CCodecBuffers:   int32_t level = 1
01-25 14:47:19.463 26523 24846 D CCodecBuffers:   int32_t max-bitrate = 10000000
01-25 14:47:19.463 26523 24846 D CCodecBuffers:   string mime = "video/x-vnd.on2.vp8"
01-25 14:47:19.463 26523 24846 D CCodecBuffers:   int32_t priority = 1
01-25 14:47:19.463 26523 24846 D CCodecBuffers:   int32_t profile = 1
01-25 14:47:19.463 26523 24846 D CCodecBuffers:   int32_t video-qp-average = 0
01-25 14:47:19.463 26523 24846 D CCodecBuffers:   int32_t width = 824
01-25 14:47:19.463 26523 24846 D CCodecBuffers:   int32_t android._dataspace = 281280512
01-25 14:47:19.463 26523 24846 D CCodecBuffers: }
01-25 14:47:19.464 26523 26654 W studio.screen.sharing: Display 0: AMediaCodec_dequeueOutputBuffer returned -2
01-25 14:47:19.465  1996  4196 E system_server: Unable to access: /sys/kernel/dmabuf/buffers: No such file or directory
01-25 14:47:19.468 26523 24845 D CCodec  : ISConfig not changed
01-25 14:47:19.469 26523 24845 D CCodecConfig: c2 config diff is   c2::u32 coding.request-sync-frame.value = 1
01-25 14:47:19.470 24770 24828 I gfut    : (REDACTED) [%s] On new data value: %s.
01-25 14:47:19.470  1996  2133 W ActivityManager: Rescheduling restart of crashed service com.qualcomm.atfwd/.AtFwdService in 2537ms for mem-pressure-event
01-25 14:47:19.470  1996  2133 W ActivityManager: Rescheduling restart of crashed service com.google.android.apps.scone/.connectivitymonitor.ConnectivityMonitorService in 22537ms for mem-pressure-event
01-25 14:47:19.470  1996  2133 W ActivityManager: Rescheduling restart of crashed service com.google.android.apps.scone/.coex.StateService in 42537ms for mem-pressure-event
01-25 14:47:19.470  1996  2133 W ActivityManager: Rescheduling restart of crashed service com.google.android.apps.messaging/com.google.android.ims.binding.SystemBindingService in 73746ms for mem-pressure-event
01-25 14:47:19.470  1996  2133 W ActivityManager: Rescheduling restart of crashed service com.google.android.apps.scone/.wifiscorer.WifiScorerService in 93746ms for mem-pressure-event
01-25 14:47:19.470  1996  2133 W ActivityManager: Rescheduling restart of crashed service com.google.android.apps.scone/.modem.ModemService in 113746ms for mem-pressure-event
01-25 14:47:19.470  1996  2133 W ActivityManager: Rescheduling restart of crashed service com.google.android.ims/.services.RcsService in 133746ms for mem-pressure-event
01-25 14:47:19.471  1996  2133 W ActivityManager: Rescheduling restart of crashed service com.google.android.inputmethod.latin/com.android.inputmethod.latin.LatinIME in 153746ms for mem-pressure-event
01-25 14:47:19.471  1996  2133 W ActivityManager: Rescheduling restart of crashed service com.breel.wallpapers19/.doodle.wallpaper.variations.DoodleWallpaperV1 in 173746ms for mem-pressure-event
01-25 14:47:19.471  1996  2133 W ActivityManager: Rescheduling restart of crashed service com.google.android.euicc/com.android.euicc.service.EuiccServiceImpl in 193746ms for mem-pressure-event
01-25 14:47:19.471  1996  2133 W ActivityManager: Rescheduling restart of crashed service com.qualcomm.qcrilmsgtunnel/.QcrilMsgTunnelService in 213746ms for mem-pressure-event
01-25 14:47:19.471  1996  2133 W ActivityManager: Rescheduling restart of crashed service com.google.android.ext.services/android.ext.services.autofill.InlineSuggestionRenderServiceImpl in 233746ms for mem-pressure-event
01-25 14:47:19.471  1996  2133 W ActivityManager: Rescheduling restart of crashed service com.google.android.gms/.chimera.GmsApiService in 253746ms for mem-pressure-event
01-25 14:47:19.471  1996  2133 W ActivityManager: Rescheduling restart of crashed service com.google.android.gms/.chimera.GmsIntentOperationService in 273746ms for mem-pressure-event
01-25 14:47:19.471  1996  2133 W ActivityManager: Rescheduling restart of crashed service com.google.android.gms/.chimera.GmsInternalApiService in 293746ms for mem-pressure-event
01-25 14:47:19.471  1996  2133 W ActivityManager: Rescheduling restart of crashed service com.google.android.gms/.chimera.GmsBoundBrokerService in 313746ms for mem-pressure-event
01-25 14:47:19.471  1996  2133 W ActivityManager: Rescheduling restart of crashed service com.google.android.as/com.google.android.apps.miphone.aiai.common.notification.service.AiAiNotificationAssistantService in 4043174ms for mem-pressure-event
01-25 14:47:19.471  1996  2133 W ActivityManager: Rescheduling restart of crashed service com.google.android.as/com.google.android.apps.miphone.aiai.common.notification.service.AiAiNotificationListenerService in 4523175ms for mem-pressure-event
01-25 14:47:19.471  1996  2133 W ActivityManager: Rescheduling restart of crashed service com.google.android.as/com.google.android.apps.miphone.aiai.textclassifier.service.QAiaiTextClassifierService in 5003175ms for mem-pressure-event
01-25 14:47:19.513 24385 24540 W GmsClient: IGmsServiceBroker.getService failed
01-25 14:47:19.513 24385 24540 W GmsClient: android.os.DeadObjectException
01-25 14:47:19.513 24385 24540 W GmsClient: 	at android.os.BinderProxy.transactNative(Native Method)
01-25 14:47:19.513 24385 24540 W GmsClient: 	at android.os.BinderProxy.transact(BinderProxy.java:584)
01-25 14:47:19.513 24385 24540 W GmsClient: 	at ekcb.F(PG:15)
01-25 14:47:19.513 24385 24540 W GmsClient: 	at ejzd.run(PG:5)
01-25 14:47:19.513 24385 24540 W GmsClient: 	at android.os.Handler.handleCallback(Handler.java:942)
01-25 14:47:19.513 24385 24540 W GmsClient: 	at android.os.Handler.dispatchMessage(Handler.java:99)
01-25 14:47:19.513 24385 24540 W GmsClient: 	at eloq.b(PG:1)
01-25 14:47:19.513 24385 24540 W GmsClient: 	at eloq.dispatchMessage(PG:1)
01-25 14:47:19.513 24385 24540 W GmsClient: 	at android.os.Looper.loopOnce(Looper.java:201)
01-25 14:47:19.513 24385 24540 W GmsClient: 	at android.os.Looper.loop(Looper.java:288)
01-25 14:47:19.513 24385 24540 W GmsClient: 	at android.os.HandlerThread.run(HandlerThread.java:67)
01-25 14:47:19.531 24385 24540 W GmsClient: IGmsServiceBroker.getService failed
01-25 14:47:19.531 24385 24540 W GmsClient: android.os.DeadObjectException
01-25 14:47:19.531 24385 24540 W GmsClient: 	at android.os.BinderProxy.transactNative(Native Method)
01-25 14:47:19.531 24385 24540 W GmsClient: 	at android.os.BinderProxy.transact(BinderProxy.java:584)
01-25 14:47:19.531 24385 24540 W GmsClient: 	at ekcb.F(PG:15)
01-25 14:47:19.531 24385 24540 W GmsClient: 	at ejzd.run(PG:5)
01-25 14:47:19.531 24385 24540 W GmsClient: 	at android.os.Handler.handleCallback(Handler.java:942)
01-25 14:47:19.531 24385 24540 W GmsClient: 	at android.os.Handler.dispatchMessage(Handler.java:99)
01-25 14:47:19.531 24385 24540 W GmsClient: 	at eloq.b(PG:1)
01-25 14:47:19.531 24385 24540 W GmsClient: 	at eloq.dispatchMessage(PG:1)
01-25 14:47:19.531 24385 24540 W GmsClient: 	at android.os.Looper.loopOnce(Looper.java:201)
01-25 14:47:19.531 24385 24540 W GmsClient: 	at android.os.Looper.loop(Looper.java:288)
01-25 14:47:19.531 24385 24540 W GmsClient: 	at android.os.HandlerThread.run(HandlerThread.java:67)
01-25 14:47:19.532 24385 24540 W GmsClient: IGmsServiceBroker.getService failed
01-25 14:47:19.532 24385 24540 W GmsClient: android.os.DeadObjectException
01-25 14:47:19.532 24385 24540 W GmsClient: 	at android.os.BinderProxy.transactNative(Native Method)
01-25 14:47:19.532 24385 24540 W GmsClient: 	at android.os.BinderProxy.transact(BinderProxy.java:584)
01-25 14:47:19.532 24385 24540 W GmsClient: 	at ekcb.F(PG:15)
01-25 14:47:19.532 24385 24540 W GmsClient: 	at ejzd.run(PG:5)
01-25 14:47:19.532 24385 24540 W GmsClient: 	at android.os.Handler.handleCallback(Handler.java:942)
01-25 14:47:19.532 24385 24540 W GmsClient: 	at android.os.Handler.dispatchMessage(Handler.java:99)
01-25 14:47:19.532 24385 24540 W GmsClient: 	at eloq.b(PG:1)
01-25 14:47:19.532 24385 24540 W GmsClient: 	at eloq.dispatchMessage(PG:1)
01-25 14:47:19.532 24385 24540 W GmsClient: 	at android.os.Looper.loopOnce(Looper.java:201)
01-25 14:47:19.532 24385 24540 W GmsClient: 	at android.os.Looper.loop(Looper.java:288)
01-25 14:47:19.532 24385 24540 W GmsClient: 	at android.os.HandlerThread.run(HandlerThread.java:67)
01-25 14:47:19.555 24385 24580 I falg    : Always register the headphone signals before we enable the :interactor signals check on CTF.
01-25 14:47:19.555 24385 24580 I falg    : Always register the headphone signals before we enable the :interactor signals check on CTF.
01-25 14:47:19.556 24385 24385 I ftia    : (REDACTED) onViewDetachedToWindow self=%s, view=%s
01-25 14:47:19.559 24385 24580 I faku    : (REDACTED) %s successful.
01-25 14:47:19.567 24385 24385 I ftia    : (REDACTED) onViewAttachedToWindow self=%s, view=%s
01-25 14:47:19.579 24770 24832 I famb    : Registering headset state trigger source
01-25 14:47:19.588 24770 24827 I gfut    : (REDACTED) [%s] On data flow initialize.
01-25 14:47:19.588 24770 24826 I ajxs    : (REDACTED) %s flow started.
01-25 14:47:19.589 24770 24833 I gfut    : (REDACTED) [%s] On data flow initialize.
01-25 14:47:19.589 24770 24833 I gmoc    : (REDACTED) Registering a listener (%s) for type %s.
01-25 14:47:19.592 24770 24832 I cdtc    : (REDACTED) #shouldMigrate(): allowMobileLocaleSettingsDataMigration = %b,
01-25 14:47:19.598 24770 24826 I ajzd    : Fetching HotwordConfig.
01-25 14:47:19.643 22558 23931 E cozx    : Phenotype API error. Event: # fbun@2c593297, EventCode: COMMIT_CONFIG [CONTEXT service_id=51 ]
01-25 14:47:19.643 22558 23931 E cozx    : coye: 29501: Stale snapshot for com.google.android.libraries.mdi.sync#com.google.android.googlequicksearchbox(change count changed - expected 78  but was 74)
01-25 14:47:19.643 22558 23931 E cozx    : 	at cpac.b(:com.google.android.gms@240314038@24.03.14 (190400-599341201):1555)
01-25 14:47:19.643 22558 23931 E cozx    : 	at cpab.h(:com.google.android.gms@240314038@24.03.14 (190400-599341201):3)
01-25 14:47:19.643 22558 23931 E cozx    : 	at cozx.g(:com.google.android.gms@240314038@24.03.14 (190400-599341201):18)
01-25 14:47:19.643 22558 23931 E cozx    : 	at cozx.f(:com.google.android.gms@240314038@24.03.14 (190400-599341201):11)
01-25 14:47:19.643 22558 23931 E cozx    : 	at bhwt.fi(:com.google.android.gms@240314038@24.03.14 (190400-599341201):1)
01-25 14:47:19.643 22558 23931 E cozx    : 	at bhxc.run(:com.google.android.gms@240314038@24.03.14 (190400-599341201):100)
01-25 14:47:19.643 22558 23931 E cozx    : 	at ebec.run(:com.google.android.gms@240314038@24.03.14 (190400-599341201):21)
01-25 14:47:19.643 22558 23931 E cozx    : 	at akft.c(:com.google.android.gms@240314038@24.03.14 (190400-599341201):50)
01-25 14:47:19.643 22558 23931 E cozx    : 	at akft.run(:com.google.android.gms@240314038@24.03.14 (190400-599341201):76)
01-25 14:47:19.643 22558 23931 E cozx    : 	at java.util.concurrent.ThreadPoolExecutor.runWorker(ThreadPoolExecutor.java:1145)
01-25 14:47:19.643 22558 23931 E cozx    : 	at java.util.concurrent.ThreadPoolExecutor$Worker.run(ThreadPoolExecutor.java:644)
01-25 14:47:19.643 22558 23931 E cozx    : 	at aklf.run(:com.google.android.gms@240314038@24.03.14 (190400-599341201):8)
01-25 14:47:19.643 22558 23931 E cozx    : 	at java.lang.Thread.run(Thread.java:1012)
01-25 14:47:19.651 24770 24824 I gfut    : (REDACTED) [%s] On new data value: %s.
01-25 14:47:19.675 22558 23931 W AsyncOperation: operation=CommitToConfigurationOperationCall, opStatusCode=29501 [CONTEXT service_id=51 ]
01-25 14:47:19.675 22558 23931 W AsyncOperation: OperationException[Status{statusCode=Stale snapshot for com.google.android.libraries.mdi.sync#com.google.android.googlequicksearchbox(change count changed - expected 78  but was 74), resolution=null}]
01-25 14:47:19.675 22558 23931 W AsyncOperation: 	at cozx.g(:com.google.android.gms@240314038@24.03.14 (190400-599341201):48)
01-25 14:47:19.675 22558 23931 W AsyncOperation: 	at cozx.f(:com.google.android.gms@240314038@24.03.14 (190400-599341201):11)
01-25 14:47:19.675 22558 23931 W AsyncOperation: 	at bhwt.fi(:com.google.android.gms@240314038@24.03.14 (190400-599341201):1)
01-25 14:47:19.675 22558 23931 W AsyncOperation: 	at bhxc.run(:com.google.android.gms@240314038@24.03.14 (190400-599341201):100)
01-25 14:47:19.675 22558 23931 W AsyncOperation: 	at ebec.run(:com.google.android.gms@240314038@24.03.14 (190400-599341201):21)
01-25 14:47:19.675 22558 23931 W AsyncOperation: 	at akft.c(:com.google.android.gms@240314038@24.03.14 (190400-599341201):50)
01-25 14:47:19.675 22558 23931 W AsyncOperation: 	at akft.run(:com.google.android.gms@240314038@24.03.14 (190400-599341201):76)
01-25 14:47:19.675 22558 23931 W AsyncOperation: 	at java.util.concurrent.ThreadPoolExecutor.runWorker(ThreadPoolExecutor.java:1145)
01-25 14:47:19.675 22558 23931 W AsyncOperation: 	at java.util.concurrent.ThreadPoolExecutor$Worker.run(ThreadPoolExecutor.java:644)
01-25 14:47:19.675 22558 23931 W AsyncOperation: 	at aklf.run(:com.google.android.gms@240314038@24.03.14 (190400-599341201):8)
01-25 14:47:19.675 22558 23931 W AsyncOperation: 	at java.lang.Thread.run(Thread.java:1012)
01-25 14:47:19.680 22558 22758 E cozx    : Phenotype API error. Event: # fbun@a23cbe97, EventCode: COMMIT_CONFIG [CONTEXT service_id=51 ]
01-25 14:47:19.680 22558 22758 E cozx    : coye: 29501: Stale snapshot for com.google.android.apps.search.assistant.user#com.google.android.googlequicksearchbox(change count changed - expected 140  but was 139)
01-25 14:47:19.680 22558 22758 E cozx    : 	at cpac.b(:com.google.android.gms@240314038@24.03.14 (190400-599341201):1555)
01-25 14:47:19.680 22558 22758 E cozx    : 	at cpab.h(:com.google.android.gms@240314038@24.03.14 (190400-599341201):3)
01-25 14:47:19.680 22558 22758 E cozx    : 	at cozx.g(:com.google.android.gms@240314038@24.03.14 (190400-599341201):18)
01-25 14:47:19.680 22558 22758 E cozx    : 	at cozx.f(:com.google.android.gms@240314038@24.03.14 (190400-599341201):11)
01-25 14:47:19.680 22558 22758 E cozx    : 	at bhwt.fi(:com.google.android.gms@240314038@24.03.14 (190400-599341201):1)
01-25 14:47:19.680 22558 22758 E cozx    : 	at bhxc.run(:com.google.android.gms@240314038@24.03.14 (190400-599341201):100)
01-25 14:47:19.680 22558 22758 E cozx    : 	at ebec.run(:com.google.android.gms@240314038@24.03.14 (190400-599341201):21)
01-25 14:47:19.680 22558 22758 E cozx    : 	at akft.c(:com.google.android.gms@240314038@24.03.14 (190400-599341201):50)
01-25 14:47:19.680 22558 22758 E cozx    : 	at akft.run(:com.google.android.gms@240314038@24.03.14 (190400-599341201):76)
01-25 14:47:19.680 22558 22758 E cozx    : 	at java.util.concurrent.ThreadPoolExecutor.runWorker(ThreadPoolExecutor.java:1145)
01-25 14:47:19.680 22558 22758 E cozx    : 	at java.util.concurrent.ThreadPoolExecutor$Worker.run(ThreadPoolExecutor.java:644)
01-25 14:47:19.680 22558 22758 E cozx    : 	at aklf.run(:com.google.android.gms@240314038@24.03.14 (190400-599341201):8)
01-25 14:47:19.680 22558 22758 E cozx    : 	at java.lang.Thread.run(Thread.java:1012)
01-25 14:47:19.681 22558 22758 W AsyncOperation: operation=CommitToConfigurationOperationCall, opStatusCode=29501 [CONTEXT service_id=51 ]
01-25 14:47:19.681 22558 22758 W AsyncOperation: OperationException[Status{statusCode=Stale snapshot for com.google.android.apps.search.assistant.user#com.google.android.googlequicksearchbox(change count changed - expected 140  but was 139), resolution=null}]
01-25 14:47:19.681 22558 22758 W AsyncOperation: 	at cozx.g(:com.google.android.gms@240314038@24.03.14 (190400-599341201):48)
01-25 14:47:19.681 22558 22758 W AsyncOperation: 	at cozx.f(:com.google.android.gms@240314038@24.03.14 (190400-599341201):11)
01-25 14:47:19.681 22558 22758 W AsyncOperation: 	at bhwt.fi(:com.google.android.gms@240314038@24.03.14 (190400-599341201):1)
01-25 14:47:19.681 22558 22758 W AsyncOperation: 	at bhxc.run(:com.google.android.gms@240314038@24.03.14 (190400-599341201):100)
01-25 14:47:19.681 22558 22758 W AsyncOperation: 	at ebec.run(:com.google.android.gms@240314038@24.03.14 (190400-599341201):21)
01-25 14:47:19.681 22558 22758 W AsyncOperation: 	at akft.c(:com.google.android.gms@240314038@24.03.14 (190400-599341201):50)
01-25 14:47:19.681 22558 22758 W AsyncOperation: 	at akft.run(:com.google.android.gms@240314038@24.03.14 (190400-599341201):76)
01-25 14:47:19.681 22558 22758 W AsyncOperation: 	at java.util.concurrent.ThreadPoolExecutor.runWorker(ThreadPoolExecutor.java:1145)
01-25 14:47:19.681 22558 22758 W AsyncOperation: 	at java.util.concurrent.ThreadPoolExecutor$Worker.run(ThreadPoolExecutor.java:644)
01-25 14:47:19.681 22558 22758 W AsyncOperation: 	at aklf.run(:com.google.android.gms@240314038@24.03.14 (190400-599341201):8)
01-25 14:47:19.681 22558 22758 W AsyncOperation: 	at java.lang.Thread.run(Thread.java:1012)
01-25 14:47:19.689 24385 24686 W MobStoreFlagStore: Failed to commit due to stale snapshot for com.google.android.libraries.mdi.sync#com.google.android.googlequicksearchbox, triggering flag update. Experiments may be delayed til next app start.
01-25 14:47:19.711 24385 24402 I gyvv    : Updating cached location
01-25 14:47:19.737 24385 24385 I dnjn    : #accountsLoaded
01-25 14:47:19.747 22558 23479 E cozx    : Phenotype API error. Event: # fbun@4bae193e, EventCode: COMMIT_CONFIG [CONTEXT service_id=51 ]
01-25 14:47:19.747 22558 23479 E cozx    : coye: 29501: Stale snapshot for com.google.android.libraries.onegoogle#com.google.android.googlequicksearchbox(change count changed - expected 82  but was 81)
01-25 14:47:19.747 22558 23479 E cozx    : 	at cpac.b(:com.google.android.gms@240314038@24.03.14 (190400-599341201):1555)
01-25 14:47:19.747 22558 23479 E cozx    : 	at cpab.h(:com.google.android.gms@240314038@24.03.14 (190400-599341201):3)
01-25 14:47:19.747 22558 23479 E cozx    : 	at cozx.g(:com.google.android.gms@240314038@24.03.14 (190400-599341201):18)
01-25 14:47:19.747 22558 23479 E cozx    : 	at cozx.f(:com.google.android.gms@240314038@24.03.14 (190400-599341201):11)
01-25 14:47:19.747 22558 23479 E cozx    : 	at bhwt.fi(:com.google.android.gms@240314038@24.03.14 (190400-599341201):1)
01-25 14:47:19.747 22558 23479 E cozx    : 	at bhxc.run(:com.google.android.gms@240314038@24.03.14 (190400-599341201):100)
01-25 14:47:19.747 22558 23479 E cozx    : 	at ebec.run(:com.google.android.gms@240314038@24.03.14 (190400-599341201):21)
01-25 14:47:19.747 22558 23479 E cozx    : 	at akft.c(:com.google.android.gms@240314038@24.03.14 (190400-599341201):50)
01-25 14:47:19.747 22558 23479 E cozx    : 	at akft.run(:com.google.android.gms@240314038@24.03.14 (190400-599341201):76)
01-25 14:47:19.747 22558 23479 E cozx    : 	at java.util.concurrent.ThreadPoolExecutor.runWorker(ThreadPoolExecutor.java:1145)
01-25 14:47:19.747 22558 23479 E cozx    : 	at java.util.concurrent.ThreadPoolExecutor$Worker.run(ThreadPoolExecutor.java:644)
01-25 14:47:19.747 22558 23479 E cozx    : 	at aklf.run(:com.google.android.gms@240314038@24.03.14 (190400-599341201):8)
01-25 14:47:19.747 22558 23479 E cozx    : 	at java.lang.Thread.run(Thread.java:1012)
01-25 14:47:19.750 22558 23479 W AsyncOperation: operation=CommitToConfigurationOperationCall, opStatusCode=29501 [CONTEXT service_id=51 ]
01-25 14:47:19.750 22558 23479 W AsyncOperation: OperationException[Status{statusCode=Stale snapshot for com.google.android.libraries.onegoogle#com.google.android.googlequicksearchbox(change count changed - expected 82  but was 81), resolution=null}]
01-25 14:47:19.750 22558 23479 W AsyncOperation: 	at cozx.g(:com.google.android.gms@240314038@24.03.14 (190400-599341201):48)
01-25 14:47:19.750 22558 23479 W AsyncOperation: 	at cozx.f(:com.google.android.gms@240314038@24.03.14 (190400-599341201):11)
01-25 14:47:19.750 22558 23479 W AsyncOperation: 	at bhwt.fi(:com.google.android.gms@240314038@24.03.14 (190400-599341201):1)
01-25 14:47:19.750 22558 23479 W AsyncOperation: 	at bhxc.run(:com.google.android.gms@240314038@24.03.14 (190400-599341201):100)
01-25 14:47:19.750 22558 23479 W AsyncOperation: 	at ebec.run(:com.google.android.gms@240314038@24.03.14 (190400-599341201):21)
01-25 14:47:19.750 22558 23479 W AsyncOperation: 	at akft.c(:com.google.android.gms@240314038@24.03.14 (190400-599341201):50)
01-25 14:47:19.750 22558 23479 W AsyncOperation: 	at akft.run(:com.google.android.gms@240314038@24.03.14 (190400-599341201):76)
01-25 14:47:19.750 22558 23479 W AsyncOperation: 	at java.util.concurrent.ThreadPoolExecutor.runWorker(ThreadPoolExecutor.java:1145)
01-25 14:47:19.750 22558 23479 W AsyncOperation: 	at java.util.concurrent.ThreadPoolExecutor$Worker.run(ThreadPoolExecutor.java:644)
01-25 14:47:19.750 22558 23479 W AsyncOperation: 	at aklf.run(:com.google.android.gms@240314038@24.03.14 (190400-599341201):8)
01-25 14:47:19.750 22558 23479 W AsyncOperation: 	at java.lang.Thread.run(Thread.java:1012)
01-25 14:47:19.751 24770 24820 W MobStoreFlagStore: Failed to commit due to stale snapshot for com.google.android.libraries.onegoogle#com.google.android.googlequicksearchbox, triggering flag update. Experiments may be delayed til next app start.
